Archive member included to satisfy reference by file (symbol)

c:/users/soran/appdata/roaming/code/user/globalstorage/bmd.stm32-for-vscode/@xpack-dev-tools/arm-none-eabi-gcc/12.2.1-1.2.1/.content/bin/../lib/gcc/arm-none-eabi/12.2.1/../../../../arm-none-eabi/lib/thumb/v8-m.main+fp/hard\libc.a(libc_a-atexit.o)
                              c:/users/soran/appdata/roaming/code/user/globalstorage/bmd.stm32-for-vscode/@xpack-dev-tools/arm-none-eabi-gcc/12.2.1-1.2.1/.content/bin/../lib/gcc/arm-none-eabi/12.2.1/../../../../arm-none-eabi/lib/thumb/v8-m.main+fp/hard/crt0.o (atexit)
c:/users/soran/appdata/roaming/code/user/globalstorage/bmd.stm32-for-vscode/@xpack-dev-tools/arm-none-eabi-gcc/12.2.1-1.2.1/.content/bin/../lib/gcc/arm-none-eabi/12.2.1/../../../../arm-none-eabi/lib/thumb/v8-m.main+fp/hard\libc.a(libc_a-exit.o)
                              c:/users/soran/appdata/roaming/code/user/globalstorage/bmd.stm32-for-vscode/@xpack-dev-tools/arm-none-eabi-gcc/12.2.1-1.2.1/.content/bin/../lib/gcc/arm-none-eabi/12.2.1/../../../../arm-none-eabi/lib/thumb/v8-m.main+fp/hard/crt0.o (exit)
c:/users/soran/appdata/roaming/code/user/globalstorage/bmd.stm32-for-vscode/@xpack-dev-tools/arm-none-eabi-gcc/12.2.1-1.2.1/.content/bin/../lib/gcc/arm-none-eabi/12.2.1/../../../../arm-none-eabi/lib/thumb/v8-m.main+fp/hard\libc.a(libc_a-findfp.o)
                              c:/users/soran/appdata/roaming/code/user/globalstorage/bmd.stm32-for-vscode/@xpack-dev-tools/arm-none-eabi-gcc/12.2.1-1.2.1/.content/bin/../lib/gcc/arm-none-eabi/12.2.1/../../../../arm-none-eabi/lib/thumb/v8-m.main+fp/hard\libc.a(libc_a-exit.o) (__stdio_exit_handler)
c:/users/soran/appdata/roaming/code/user/globalstorage/bmd.stm32-for-vscode/@xpack-dev-tools/arm-none-eabi-gcc/12.2.1-1.2.1/.content/bin/../lib/gcc/arm-none-eabi/12.2.1/../../../../arm-none-eabi/lib/thumb/v8-m.main+fp/hard\libc.a(libc_a-fwalk.o)
                              c:/users/soran/appdata/roaming/code/user/globalstorage/bmd.stm32-for-vscode/@xpack-dev-tools/arm-none-eabi-gcc/12.2.1-1.2.1/.content/bin/../lib/gcc/arm-none-eabi/12.2.1/../../../../arm-none-eabi/lib/thumb/v8-m.main+fp/hard\libc.a(libc_a-findfp.o) (_fwalk_sglue)
c:/users/soran/appdata/roaming/code/user/globalstorage/bmd.stm32-for-vscode/@xpack-dev-tools/arm-none-eabi-gcc/12.2.1-1.2.1/.content/bin/../lib/gcc/arm-none-eabi/12.2.1/../../../../arm-none-eabi/lib/thumb/v8-m.main+fp/hard\libc.a(libc_a-printf.o)
                              build/main.o (printf)
c:/users/soran/appdata/roaming/code/user/globalstorage/bmd.stm32-for-vscode/@xpack-dev-tools/arm-none-eabi-gcc/12.2.1-1.2.1/.content/bin/../lib/gcc/arm-none-eabi/12.2.1/../../../../arm-none-eabi/lib/thumb/v8-m.main+fp/hard\libc.a(libc_a-stdio.o)
                              c:/users/soran/appdata/roaming/code/user/globalstorage/bmd.stm32-for-vscode/@xpack-dev-tools/arm-none-eabi-gcc/12.2.1-1.2.1/.content/bin/../lib/gcc/arm-none-eabi/12.2.1/../../../../arm-none-eabi/lib/thumb/v8-m.main+fp/hard\libc.a(libc_a-findfp.o) (__sread)
c:/users/soran/appdata/roaming/code/user/globalstorage/bmd.stm32-for-vscode/@xpack-dev-tools/arm-none-eabi-gcc/12.2.1-1.2.1/.content/bin/../lib/gcc/arm-none-eabi/12.2.1/../../../../arm-none-eabi/lib/thumb/v8-m.main+fp/hard\libc.a(libc_a-memset.o)
                              c:/users/soran/appdata/roaming/code/user/globalstorage/bmd.stm32-for-vscode/@xpack-dev-tools/arm-none-eabi-gcc/12.2.1-1.2.1/.content/bin/../lib/gcc/arm-none-eabi/12.2.1/../../../../arm-none-eabi/lib/thumb/v8-m.main+fp/hard/crt0.o (memset)
c:/users/soran/appdata/roaming/code/user/globalstorage/bmd.stm32-for-vscode/@xpack-dev-tools/arm-none-eabi-gcc/12.2.1-1.2.1/.content/bin/../lib/gcc/arm-none-eabi/12.2.1/../../../../arm-none-eabi/lib/thumb/v8-m.main+fp/hard\libc.a(libc_a-closer.o)
                              c:/users/soran/appdata/roaming/code/user/globalstorage/bmd.stm32-for-vscode/@xpack-dev-tools/arm-none-eabi-gcc/12.2.1-1.2.1/.content/bin/../lib/gcc/arm-none-eabi/12.2.1/../../../../arm-none-eabi/lib/thumb/v8-m.main+fp/hard\libc.a(libc_a-stdio.o) (_close_r)
c:/users/soran/appdata/roaming/code/user/globalstorage/bmd.stm32-for-vscode/@xpack-dev-tools/arm-none-eabi-gcc/12.2.1-1.2.1/.content/bin/../lib/gcc/arm-none-eabi/12.2.1/../../../../arm-none-eabi/lib/thumb/v8-m.main+fp/hard\libc.a(libc_a-reent.o)
                              c:/users/soran/appdata/roaming/code/user/globalstorage/bmd.stm32-for-vscode/@xpack-dev-tools/arm-none-eabi-gcc/12.2.1-1.2.1/.content/bin/../lib/gcc/arm-none-eabi/12.2.1/../../../../arm-none-eabi/lib/thumb/v8-m.main+fp/hard\libc.a(libc_a-closer.o) (errno)
c:/users/soran/appdata/roaming/code/user/globalstorage/bmd.stm32-for-vscode/@xpack-dev-tools/arm-none-eabi-gcc/12.2.1-1.2.1/.content/bin/../lib/gcc/arm-none-eabi/12.2.1/../../../../arm-none-eabi/lib/thumb/v8-m.main+fp/hard\libc.a(libc_a-impure.o)
[...]
Memory Configuration

Name             Origin             Length             Attributes
RAM              0x0000000020000000 0x00000000000c0000 xrw
FLASH            0x0000000008000000 0x0000000000200000 xr
*default*        0x0000000000000000 0xffffffffffffffff

Linker script and memory map

LOAD c:/users/soran/appdata/roaming/code/user/globalstorage/bmd.stm32-for-vscode/@xpack-dev-tools/arm-none-eabi-gcc/12.2.1-1.2.1/.content/bin/../lib/gcc/arm-none-eabi/12.2.1/thumb/v8-m.main+fp/hard/crti.o
LOAD c:/users/soran/appdata/roaming/code/user/globalstorage/bmd.stm32-for-vscode/@xpack-dev-tools/arm-none-eabi-gcc/12.2.1-1.2.1/.content/bin/../lib/gcc/arm-none-eabi/12.2.1/thumb/v8-m.main+fp/hard/crtbegin.o
LOAD c:/users/soran/appdata/roaming/code/user/globalstorage/bmd.stm32-for-vscode/@xpack-dev-tools/arm-none-eabi-gcc/12.2.1-1.2.1/.content/bin/../lib/gcc/arm-none-eabi/12.2.1/../../../../arm-none-eabi/lib/thumb/v8-m.main+fp/hard/crt0.o
LOAD build/stm32u5xx_nucleo.o
LOAD build/stm32u5xx_hal.o
LOAD build/stm32u5xx_hal_adc.o
LOAD build/stm32u5xx_hal_adc_ex.o
LOAD build/stm32u5xx_hal_cortex.o
LOAD build/stm32u5xx_hal_dma.o
LOAD build/stm32u5xx_hal_dma_ex.o
LOAD build/stm32u5xx_hal_exti.o
LOAD build/stm32u5xx_hal_flash.o
LOAD build/stm32u5xx_hal_flash_ex.o
LOAD build/stm32u5xx_hal_gpio.o
LOAD build/stm32u5xx_hal_gtzc.o
LOAD build/stm32u5xx_hal_i2c.o
LOAD build/stm32u5xx_hal_i2c_ex.o
LOAD build/stm32u5xx_hal_icache.o
LOAD build/stm32u5xx_hal_pwr.o
LOAD build/stm32u5xx_hal_pwr_ex.o
LOAD build/stm32u5xx_hal_rcc.o
LOAD build/stm32u5xx_hal_rcc_ex.o
LOAD build/stm32u5xx_hal_tim.o
LOAD build/stm32u5xx_hal_tim_ex.o
LOAD build/linked_list.o
LOAD build/main.o
LOAD build/stm32u5xx_hal_msp.o
LOAD build/stm32u5xx_it.o
LOAD build/system_stm32u5xx.o
LOAD build/startup_stm32u575zitxq.o
LOAD c:/users/soran/appdata/roaming/code/user/globalstorage/bmd.stm32-for-vscode/@xpack-dev-tools/arm-none-eabi-gcc/12.2.1-1.2.1/.content/bin/../lib/gcc/arm-none-eabi/12.2.1/../../../../arm-none-eabi/lib/thumb/v8-m.main+fp/hard\libc.a
LOAD c:/users/soran/appdata/roaming/code/user/globalstorage/bmd.stm32-for-vscode/@xpack-dev-tools/arm-none-eabi-gcc/12.2.1-1.2.1/.content/bin/../lib/gcc/arm-none-eabi/12.2.1/../../../../arm-none-eabi/lib/thumb/v8-m.main+fp/hard\libm.a
LOAD c:/users/soran/appdata/roaming/code/user/globalstorage/bmd.stm32-for-vscode/@xpack-dev-tools/arm-none-eabi-gcc/12.2.1-1.2.1/.content/bin/../lib/gcc/arm-none-eabi/12.2.1/../../../../arm-none-eabi/lib/thumb/v8-m.main+fp/hard\libnosys.a
START GROUP
LOAD c:/users/soran/appdata/roaming/code/user/globalstorage/bmd.stm32-for-vscode/@xpack-dev-tools/arm-none-eabi-gcc/12.2.1-1.2.1/.content/bin/../lib/gcc/arm-none-eabi/12.2.1/thumb/v8-m.main+fp/hard\libgcc.a
LOAD c:/users/soran/appdata/roaming/code/user/globalstorage/bmd.stm32-for-vscode/@xpack-dev-tools/arm-none-eabi-gcc/12.2.1-1.2.1/.content/bin/../lib/gcc/arm-none-eabi/12.2.1/../../../../arm-none-eabi/lib/thumb/v8-m.main+fp/hard\libc.a
END GROUP
START GROUP
LOAD c:/users/soran/appdata/roaming/code/user/globalstorage/bmd.stm32-for-vscode/@xpack-dev-tools/arm-none-eabi-gcc/12.2.1-1.2.1/.content/bin/../lib/gcc/arm-none-eabi/12.2.1/thumb/v8-m.main+fp/hard\libgcc.a
LOAD c:/users/soran/appdata/roaming/code/user/globalstorage/bmd.stm32-for-vscode/@xpack-dev-tools/arm-none-eabi-gcc/12.2.1-1.2.1/.content/bin/../lib/gcc/arm-none-eabi/12.2.1/../../../../arm-none-eabi/lib/thumb/v8-m.main+fp/hard\libc.a
LOAD c:/users/soran/appdata/roaming/code/user/globalstorage/bmd.stm32-for-vscode/@xpack-dev-tools/arm-none-eabi-gcc/12.2.1-1.2.1/.content/bin/../lib/gcc/arm-none-eabi/12.2.1/../../../../arm-none-eabi/lib/thumb/v8-m.main+fp/hard\libnosys.a
END GROUP
LOAD c:/users/soran/appdata/roaming/code/user/globalstorage/bmd.stm32-for-vscode/@xpack-dev-tools/arm-none-eabi-gcc/12.2.1-1.2.1/.content/bin/../lib/gcc/arm-none-eabi/12.2.1/thumb/v8-m.main+fp/hard/crtend.o
LOAD c:/users/soran/appdata/roaming/code/user/globalstorage/bmd.stm32-for-vscode/@xpack-dev-tools/arm-none-eabi-gcc/12.2.1-1.2.1/.content/bin/../lib/gcc/arm-none-eabi/12.2.1/thumb/v8-m.main+fp/hard/crtn.o
                0x00000000200c0000                _estack = (ORIGIN (RAM) + LENGTH (RAM))
                0x0000000000000200                _Min_Heap_Size = 0x200
                0x0000000000000400                _Min_Stack_Size = 0x400

.isr_vector     0x0000000008000000      0x238
 *(.isr_vector)
 .isr_vector    0x0000000008000000      0x238 build/startup_stm32u575zitxq.o
                0x0000000008000000                g_pfnVectors

.text           0x0000000008000238     0xb0ac
 *(.text)
 .text          0x0000000008000238       0xec c:/users/soran/appdata/roaming/code/user/globalstorage/bmd.stm32-for-vscode/@xpack-dev-tools/arm-none-eabi-gcc/12.2.1-1.2.1/.content/bin/../lib/gcc/arm-none-eabi/12.2.1/../../../../arm-none-eabi/lib/thumb/v8-m.main+fp/hard\libc.a(libc_a-memcpy.o)
                0x0000000008000238                memcpy
 .text          0x0000000008000324      0x378 c:/users/soran/appdata/roaming/code/user/globalstorage/bmd.stm32-for-vscode/@xpack-dev-tools/arm-none-eabi-gcc/12.2.1-1.2.1/.content/bin/../lib/gcc/arm-none-eabi/12.2.1/thumb/v8-m.main+fp/hard\libgcc.a(_arm_addsubdf3.o)
                0x0000000008000324                __aeabi_drsub
                0x000000000800032c                __aeabi_dsub
                0x000000000800032c                __subdf3
                0x0000000008000330                __aeabi_dadd
                0x0000000008000330                __adddf3
                0x00000000080005a8                __floatunsidf
                0x00000000080005a8                __aeabi_ui2d
                0x00000000080005c8                __floatsidf
                0x00000000080005c8                __aeabi_i2d
                0x00000000080005ec                __aeabi_f2d
                0x00000000080005ec                __extendsfdf2
                0x0000000008000630                __floatundidf
                0x0000000008000630                __aeabi_ul2d
                0x0000000008000640                __floatdidf
                0x0000000008000640                __aeabi_l2d
 .text          0x000000000800069c      0x424 c:/users/soran/appdata/roaming/code/user/globalstorage/bmd.stm32-for-vscode/@xpack-dev-tools/arm-none-eabi-gcc/12.2.1-1.2.1/.content/bin/../lib/gcc/arm-none-eabi/12.2.1/thumb/v8-m.main+fp/hard\libgcc.a(_arm_muldivdf3.o)
                0x000000000800069c                __aeabi_dmul
                0x000000000800069c                __muldf3
                0x00000000080008f0                __divdf3
                0x00000000080008f0                __aeabi_ddiv
 .text          0x0000000008000ac0      0x110 c:/users/soran/appdata/roaming/code/user/globalstorage/bmd.stm32-for-vscode/@xpack-dev-tools/arm-none-eabi-gcc/12.2.1-1.2.1/.content/bin/../lib/gcc/arm-none-eabi/12.2.1/thumb/v8-m.main+fp/hard\libgcc.a(_arm_cmpdf2.o)
                0x0000000008000ac0                __gtdf2
                0x0000000008000ac0                __gedf2
                0x0000000008000ac8                __ltdf2
                0x0000000008000ac8                __ledf2
                0x0000000008000ad0                __nedf2
                0x0000000008000ad0                __eqdf2
                0x0000000008000ad0                __cmpdf2
                0x0000000008000b4c                __aeabi_cdrcmple
                0x0000000008000b5c                __aeabi_cdcmpeq
                0x0000000008000b5c                __aeabi_cdcmple
                0x0000000008000b6c                __aeabi_dcmpeq
                0x0000000008000b80                __aeabi_dcmplt
                0x0000000008000b94                __aeabi_dcmple
                0x0000000008000ba8                __aeabi_dcmpge
                0x0000000008000bbc                __aeabi_dcmpgt
 .text          0x0000000008000bd0       0x2c c:/users/soran/appdata/roaming/code/user/globalstorage/bmd.stm32-for-vscode/@xpack-dev-tools/arm-none-eabi-gcc/12.2.1-1.2.1/.content/bin/../lib/gcc/arm-none-eabi/12.2.1/thumb/v8-m.main+fp/hard\libgcc.a(_arm_unorddf2.o)
                0x0000000008000bd0                __unorddf2
                0x0000000008000bd0                __aeabi_dcmpun
 .text          0x0000000008000bfc       0x50 c:/users/soran/appdata/roaming/code/user/globalstorage/bmd.stm32-for-vscode/@xpack-dev-tools/arm-none-eabi-gcc/12.2.1-1.2.1/.content/bin/../lib/gcc/arm-none-eabi/12.2.1/thumb/v8-m.main+fp/hard\libgcc.a(_arm_fixdfsi.o)
                0x0000000008000bfc                __aeabi_d2iz
                0x0000000008000bfc                __fixdfsi
 *(.text*)
 .text.__do_global_dtors_aux
                0x0000000008000c4c       0x24 c:/users/soran/appdata/roaming/code/user/globalstorage/bmd.stm32-for-vscode/@xpack-dev-tools/arm-none-eabi-gcc/12.2.1-1.2.1/.content/bin/../lib/gcc/arm-none-eabi/12.2.1/thumb/v8-m.main+fp/hard/crtbegin.o
 .text.frame_dummy
                0x0000000008000c70       0x1c c:/users/soran/appdata/roaming/code/user/globalstorage/bmd.stm32-for-vscode/@xpack-dev-tools/arm-none-eabi-gcc/12.2.1-1.2.1/.content/bin/../lib/gcc/arm-none-eabi/12.2.1/thumb/v8-m.main+fp/hard/crtbegin.o
 .text.HAL_InitTick
                0x0000000008000c8c       0x50 build/stm32u5xx_hal.o
                0x0000000008000c8c                HAL_InitTick
 .text.HAL_Init
                0x0000000008000cdc       0x50 build/stm32u5xx_hal.o
                0x0000000008000cdc                HAL_Init
 .text.HAL_IncTick
                0x0000000008000d2c       0x18 build/stm32u5xx_hal.o
                0x0000000008000d2c                HAL_IncTick
 .text.HAL_GetTick
                0x0000000008000d44        0xc build/stm32u5xx_hal.o
                0x0000000008000d44                HAL_GetTick
 .text.HAL_Delay
                0x0000000008000d50       0x28 build/stm32u5xx_hal.o
                0x0000000008000d50                HAL_Delay
 .text.HAL_GetREVID
                0x0000000008000d78        0xc build/stm32u5xx_hal.o
                0x0000000008000d78                HAL_GetREVID
 .text.LL_ADC_REG_SetSequencerRanks
                0x0000000008000d84       0x6c build/stm32u5xx_hal_adc.o
 .text.LL_ADC_REG_SetSequencerChAdd
                0x0000000008000df0       0x2e build/stm32u5xx_hal_adc.o
 *fill*         0x0000000008000e1e        0x2 
 .text.LL_ADC_SetChannelSamplingTime
                0x0000000008000e20       0x74 build/stm32u5xx_hal_adc.o
 .text.HAL_ADC_Init
                0x0000000008000e94      0x3e8 build/stm32u5xx_hal_adc.o
                0x0000000008000e94                HAL_ADC_Init
 .text.ADC_DMAHalfConvCplt
                0x000000000800127c        0xa build/stm32u5xx_hal_adc.o
                0x000000000800127c                ADC_DMAHalfConvCplt
 .text.HAL_ADC_ErrorCallback
                0x0000000008001286        0x2 build/stm32u5xx_hal_adc.o
                0x0000000008001286                HAL_ADC_ErrorCallback
 .text.ADC_DMAConvCplt
                0x0000000008001288       0x88 build/stm32u5xx_hal_adc.o
                0x0000000008001288                ADC_DMAConvCplt
 .text.ADC_DMAError
                0x0000000008001310       0x1a build/stm32u5xx_hal_adc.o
                0x0000000008001310                ADC_DMAError
 *fill*         0x000000000800132a        0x2 
 .text.HAL_ADC_ConfigChannel
                0x000000000800132c      0x7d4 build/stm32u5xx_hal_adc.o
                0x000000000800132c                HAL_ADC_ConfigChannel
 .text.ADC_Enable
                0x0000000008001b00       0xb0 build/stm32u5xx_hal_adc.o
                0x0000000008001b00                ADC_Enable
 .text.HAL_ADC_Start_DMA
                0x0000000008001bb0      0x154 build/stm32u5xx_hal_adc.o
                0x0000000008001bb0                HAL_ADC_Start_DMA
 .text.__NVIC_EnableIRQ
                0x0000000008001d04       0x1c build/stm32u5xx_hal_cortex.o
 .text.__NVIC_SetPriority
                0x0000000008001d20       0x28 build/stm32u5xx_hal_cortex.o
 .text.NVIC_EncodePriority
                0x0000000008001d48       0x3e build/stm32u5xx_hal_cortex.o
 *fill*         0x0000000008001d86        0x2 
 .text.HAL_NVIC_SetPriorityGrouping
                0x0000000008001d88       0x24 build/stm32u5xx_hal_cortex.o
                0x0000000008001d88                HAL_NVIC_SetPriorityGrouping
 .text.HAL_NVIC_SetPriority
                0x0000000008001dac       0x20 build/stm32u5xx_hal_cortex.o
                0x0000000008001dac                HAL_NVIC_SetPriority
 .text.HAL_NVIC_EnableIRQ
                0x0000000008001dcc        0x8 build/stm32u5xx_hal_cortex.o
                0x0000000008001dcc                HAL_NVIC_EnableIRQ
 .text.HAL_SYSTICK_Config
                0x0000000008001dd4       0x28 build/stm32u5xx_hal_cortex.o
                0x0000000008001dd4                HAL_SYSTICK_Config
 .text.DMA_SetConfig
                0x0000000008001dfc       0x2a build/stm32u5xx_hal_dma.o
 .text.HAL_DMA_Start_IT
                0x0000000008001e26       0x7a build/stm32u5xx_hal_dma.o
                0x0000000008001e26                HAL_DMA_Start_IT
 .text.HAL_DMA_IRQHandler
                0x0000000008001ea0      0x1dc build/stm32u5xx_hal_dma.o
                0x0000000008001ea0                HAL_DMA_IRQHandler
 .text.HAL_DMA_ConfigChannelAttributes
                0x000000000800207c       0x46 build/stm32u5xx_hal_dma.o
                0x000000000800207c                HAL_DMA_ConfigChannelAttributes
 *fill*         0x00000000080020c2        0x2 
 .text.DMA_List_Init
                0x00000000080020c4      0x1b0 build/stm32u5xx_hal_dma_ex.o
 .text.DMA_List_BuildNode
                0x0000000008002274      0x1ac build/stm32u5xx_hal_dma_ex.o
 .text.DMA_List_GetNodeConfig
                0x0000000008002420      0x12c build/stm32u5xx_hal_dma_ex.o
 .text.DMA_List_CheckNodesBaseAddresses
                0x000000000800254c       0x2e build/stm32u5xx_hal_dma_ex.o
 .text.DMA_List_CheckNodesTypes
                0x000000000800257a       0x3e build/stm32u5xx_hal_dma_ex.o
 .text.DMA_List_GetCLLRNodeInfo
                0x00000000080025b8       0x2c build/stm32u5xx_hal_dma_ex.o
 .text.DMA_List_FindNode
                0x00000000080025e4       0xcc build/stm32u5xx_hal_dma_ex.o
 .text.HAL_DMAEx_List_Init
                0x00000000080026b0       0x5e build/stm32u5xx_hal_dma_ex.o
                0x00000000080026b0                HAL_DMAEx_List_Init
 .text.HAL_DMAEx_List_Start_IT
                0x000000000800270e       0xce build/stm32u5xx_hal_dma_ex.o
                0x000000000800270e                HAL_DMAEx_List_Start_IT
 .text.HAL_DMAEx_List_BuildNode
                0x00000000080027dc       0x16 build/stm32u5xx_hal_dma_ex.o
                0x00000000080027dc                HAL_DMAEx_List_BuildNode
 .text.HAL_DMAEx_List_GetNodeConfig
                0x00000000080027f2       0x16 build/stm32u5xx_hal_dma_ex.o
                0x00000000080027f2                HAL_DMAEx_List_GetNodeConfig
 .text.HAL_DMAEx_List_InsertNode_Tail
                0x0000000008002808       0xae build/stm32u5xx_hal_dma_ex.o
                0x0000000008002808                HAL_DMAEx_List_InsertNode_Tail
 .text.HAL_DMAEx_List_SetCircularMode
                0x00000000080028b6       0x80 build/stm32u5xx_hal_dma_ex.o
                0x00000000080028b6                HAL_DMAEx_List_SetCircularMode
 *fill*         0x0000000008002936        0x2 
 .text.HAL_DMAEx_List_LinkQ
                0x0000000008002938       0xc8 build/stm32u5xx_hal_dma_ex.o
                0x0000000008002938                HAL_DMAEx_List_LinkQ
 .text.HAL_GPIO_Init
                0x0000000008002a00      0x21c build/stm32u5xx_hal_gpio.o
                0x0000000008002a00                HAL_GPIO_Init
 .text.HAL_GPIO_WritePin
                0x0000000008002c1c        0xa build/stm32u5xx_hal_gpio.o
                0x0000000008002c1c                HAL_GPIO_WritePin
 *fill*         0x0000000008002c26        0x2 
 .text.HAL_ICACHE_ConfigAssociativityMode
                0x0000000008002c28       0x24 build/stm32u5xx_hal_icache.o
                0x0000000008002c28                HAL_ICACHE_ConfigAssociativityMode
 .text.HAL_ICACHE_Enable
                0x0000000008002c4c       0x14 build/stm32u5xx_hal_icache.o
                0x0000000008002c4c                HAL_ICACHE_Enable
 .text.HAL_PWREx_ControlVoltageScaling
                0x0000000008002c60       0xa0 build/stm32u5xx_hal_pwr_ex.o
                0x0000000008002c60                HAL_PWREx_ControlVoltageScaling
 .text.HAL_PWREx_GetVoltageRange
                0x0000000008002d00       0x10 build/stm32u5xx_hal_pwr_ex.o
                0x0000000008002d00                HAL_PWREx_GetVoltageRange
 .text.HAL_PWREx_ConfigSupply
                0x0000000008002d10       0x6c build/stm32u5xx_hal_pwr_ex.o
                0x0000000008002d10                HAL_PWREx_ConfigSupply
 .text.HAL_PWREx_EnableVddIO2
                0x0000000008002d7c       0x10 build/stm32u5xx_hal_pwr_ex.o
                0x0000000008002d7c                HAL_PWREx_EnableVddIO2
 .text.HAL_PWREx_EnableVddA
                0x0000000008002d8c       0x10 build/stm32u5xx_hal_pwr_ex.o
                0x0000000008002d8c                HAL_PWREx_EnableVddA
 .text.HAL_PWREx_DisableUCPDDeadBattery
                0x0000000008002d9c       0x10 build/stm32u5xx_hal_pwr_ex.o
                0x0000000008002d9c                HAL_PWREx_DisableUCPDDeadBattery
 .text.RCC_SetFlashLatencyFromMSIRange
                0x0000000008002dac       0xc4 build/stm32u5xx_hal_rcc.o
 .text.HAL_RCC_GetSysClockFreq
                0x0000000008002e70      0x184 build/stm32u5xx_hal_rcc.o
                0x0000000008002e70                HAL_RCC_GetSysClockFreq
 .text.HAL_RCC_ClockConfig
                0x0000000008002ff4      0x30c build/stm32u5xx_hal_rcc.o
                0x0000000008002ff4                HAL_RCC_ClockConfig
 .text.HAL_RCC_GetHCLKFreq
                0x0000000008003300       0x28 build/stm32u5xx_hal_rcc.o
                0x0000000008003300                HAL_RCC_GetHCLKFreq
 .text.HAL_RCC_OscConfig
                0x0000000008003328      0xaa0 build/stm32u5xx_hal_rcc.o
                0x0000000008003328                HAL_RCC_OscConfig
 .text.RCCEx_PLL3_Config
                0x0000000008003dc8       0xe4 build/stm32u5xx_hal_rcc_ex.o
 .text.RCCEx_PLL2_Config
                0x0000000008003eac       0xe4 build/stm32u5xx_hal_rcc_ex.o
 .text.HAL_RCCEx_PeriphCLKConfig
                0x0000000008003f90      0x67c build/stm32u5xx_hal_rcc_ex.o
                0x0000000008003f90                HAL_RCCEx_PeriphCLKConfig
 .text.MX_ADCQueue_Config
                0x000000000800460c       0x68 build/linked_list.o
                0x000000000800460c                MX_ADCQueue_Config
 .text.MX_GPIO_Init
                0x0000000008004674       0xf8 build/main.o
 .text.HAL_ADC_ConvHalfCpltCallback
                0x000000000800476c        0x2 build/main.o
                0x000000000800476c                HAL_ADC_ConvHalfCpltCallback
 .text.HAL_ADC_ConvCpltCallback
                0x000000000800476e        0x2 build/main.o
                0x000000000800476e                HAL_ADC_ConvCpltCallback
 .text.setMux   0x0000000008004770       0x60 build/main.o
                0x0000000008004770                setMux
 .text.Error_Handler
                0x00000000080047d0        0x4 build/main.o
                0x00000000080047d0                Error_Handler
 .text.SystemPower_Config
                0x00000000080047d4       0x18 build/main.o
 .text.MX_GPDMA1_Init
                0x00000000080047ec       0x74 build/main.o
 .text.MX_ICACHE_Init
                0x0000000008004860       0x1a build/main.o
 *fill*         0x000000000800487a        0x2 
 .text.MX_ADC1_Init
                0x000000000800487c      0x124 build/main.o
 .text.SystemClock_Config
                0x00000000080049a0       0x92 build/main.o
                0x00000000080049a0                SystemClock_Config
 *fill*         0x0000000008004a32        0x2 
 .text.main     0x0000000008004a34       0x8c build/main.o
                0x0000000008004a34                main
 .text.HAL_MspInit
                0x0000000008004ac0       0x2c build/stm32u5xx_hal_msp.o
                0x0000000008004ac0                HAL_MspInit
 .text.HAL_ADC_MspInit
                0x0000000008004aec       0xf4 build/stm32u5xx_hal_msp.o
                0x0000000008004aec                HAL_ADC_MspInit
 .text.NMI_Handler
                0x0000000008004be0        0x2 build/stm32u5xx_it.o
                0x0000000008004be0                NMI_Handler
 .text.HardFault_Handler
                0x0000000008004be2        0x2 build/stm32u5xx_it.o
                0x0000000008004be2                HardFault_Handler
 .text.MemManage_Handler
                0x0000000008004be4        0x2 build/stm32u5xx_it.o
                0x0000000008004be4                MemManage_Handler
 .text.BusFault_Handler
                0x0000000008004be6        0x2 build/stm32u5xx_it.o
                0x0000000008004be6                BusFault_Handler
 .text.UsageFault_Handler
                0x0000000008004be8        0x2 build/stm32u5xx_it.o
                0x0000000008004be8                UsageFault_Handler
 .text.SVC_Handler
                0x0000000008004bea        0x2 build/stm32u5xx_it.o
                0x0000000008004bea                SVC_Handler
 .text.DebugMon_Handler
                0x0000000008004bec        0x2 build/stm32u5xx_it.o
                0x0000000008004bec                DebugMon_Handler
 .text.PendSV_Handler
                0x0000000008004bee        0x2 build/stm32u5xx_it.o
                0x0000000008004bee                PendSV_Handler
 .text.SysTick_Handler
                0x0000000008004bf0        0x8 build/stm32u5xx_it.o
                0x0000000008004bf0                SysTick_Handler
 .text.GPDMA1_Channel10_IRQHandler
                0x0000000008004bf8       0x10 build/stm32u5xx_it.o
                0x0000000008004bf8                GPDMA1_Channel10_IRQHandler
 .text.SystemInit
                0x0000000008004c08       0x44 build/system_stm32u5xx.o
                0x0000000008004c08                SystemInit
 .text.Reset_Handler
                0x0000000008004c4c       0x50 build/startup_stm32u575zitxq.o
                0x0000000008004c4c                Reset_Handler
 .text.Default_Handler
                0x0000000008004c9c        0x2 build/startup_stm32u575zitxq.o
                0x0000000008004c9c                EXTI2_IRQHandler
                0x0000000008004c9c                TIM8_TRG_COM_IRQHandler
                0x0000000008004c9c                TIM8_CC_IRQHandler
                0x0000000008004c9c                EXTI5_IRQHandler
                0x0000000008004c9c                FLASH_S_IRQHandler
                0x0000000008004c9c                EXTI13_IRQHandler
                0x0000000008004c9c                TIM1_CC_IRQHandler
                0x0000000008004c9c                TSC_IRQHandler
                0x0000000008004c9c                TAMP_IRQHandler
                0x0000000008004c9c                TIM6_IRQHandler
                0x0000000008004c9c                EXTI12_IRQHandler
                0x0000000008004c9c                CORDIC_IRQHandler
                0x0000000008004c9c                EXTI3_IRQHandler
                0x0000000008004c9c                LPTIM4_IRQHandler
                0x0000000008004c9c                GPDMA1_Channel5_IRQHandler
                0x0000000008004c9c                EXTI8_IRQHandler
                0x0000000008004c9c                LPTIM2_IRQHandler
                0x0000000008004c9c                I2C3_ER_IRQHandler
                0x0000000008004c9c                PWR_S3WU_IRQHandler
                0x0000000008004c9c                MDF1_FLT2_IRQHandler
                0x0000000008004c9c                LPDMA1_Channel3_IRQHandler
                0x0000000008004c9c                LPTIM3_IRQHandler
                0x0000000008004c9c                EXTI0_IRQHandler
                0x0000000008004c9c                I2C2_EV_IRQHandler
                0x0000000008004c9c                FPU_IRQHandler
                0x0000000008004c9c                GPDMA1_Channel3_IRQHandler
                0x0000000008004c9c                GPDMA1_Channel7_IRQHandler
                0x0000000008004c9c                MDF1_FLT4_IRQHandler
                0x0000000008004c9c                FDCAN1_IT1_IRQHandler
                0x0000000008004c9c                RAMCFG_IRQHandler
                0x0000000008004c9c                GPDMA1_Channel9_IRQHandler
                0x0000000008004c9c                DCACHE1_IRQHandler
                0x0000000008004c9c                SPI1_IRQHandler
                0x0000000008004c9c                OCTOSPI1_IRQHandler
                0x0000000008004c9c                GPDMA1_Channel2_IRQHandler
                0x0000000008004c9c                TIM8_UP_IRQHandler
                0x0000000008004c9c                RCC_S_IRQHandler
                0x0000000008004c9c                OCTOSPI2_IRQHandler
                0x0000000008004c9c                SAI2_IRQHandler
                0x0000000008004c9c                MDF1_FLT1_IRQHandler
                0x0000000008004c9c                ADC1_IRQHandler
                0x0000000008004c9c                MDF1_FLT5_IRQHandler
                0x0000000008004c9c                EXTI15_IRQHandler
                0x0000000008004c9c                TIM17_IRQHandler
                0x0000000008004c9c                USART3_IRQHandler
                0x0000000008004c9c                RTC_IRQHandler
                0x0000000008004c9c                EXTI9_IRQHandler
                0x0000000008004c9c                UART5_IRQHandler
                0x0000000008004c9c                TIM4_IRQHandler
                0x0000000008004c9c                I2C1_EV_IRQHandler
                0x0000000008004c9c                GPDMA1_Channel12_IRQHandler
                0x0000000008004c9c                GPDMA1_Channel1_IRQHandler
                0x0000000008004c9c                TIM16_IRQHandler
                0x0000000008004c9c                GPDMA1_Channel15_IRQHandler
                0x0000000008004c9c                UART4_IRQHandler
                0x0000000008004c9c                SecureFault_Handler
                0x0000000008004c9c                TIM3_IRQHandler
                0x0000000008004c9c                RCC_IRQHandler
                0x0000000008004c9c                TIM1_TRG_COM_IRQHandler
                0x0000000008004c9c                Default_Handler
                0x0000000008004c9c                GPDMA1_Channel8_IRQHandler
                0x0000000008004c9c                FMAC_IRQHandler
                0x0000000008004c9c                GPDMA1_Channel11_IRQHandler
                0x0000000008004c9c                TIM7_IRQHandler
                0x0000000008004c9c                SDMMC1_IRQHandler
                0x0000000008004c9c                TIM5_IRQHandler
                0x0000000008004c9c                UCPD1_IRQHandler
                0x0000000008004c9c                GPDMA1_Channel0_IRQHandler
                0x0000000008004c9c                TIM15_IRQHandler
                0x0000000008004c9c                I2C3_EV_IRQHandler
                0x0000000008004c9c                LPDMA1_Channel0_IRQHandler
                0x0000000008004c9c                PVD_PVM_IRQHandler
                0x0000000008004c9c                SPI2_IRQHandler
                0x0000000008004c9c                LPDMA1_Channel1_IRQHandler
                0x0000000008004c9c                EXTI14_IRQHandler
                0x0000000008004c9c                EXTI11_IRQHandler
                0x0000000008004c9c                CRS_IRQHandler
                0x0000000008004c9c                GPDMA1_Channel14_IRQHandler
                0x0000000008004c9c                LSECSSD_IRQHandler
                0x0000000008004c9c                EXTI4_IRQHandler
                0x0000000008004c9c                RTC_S_IRQHandler
                0x0000000008004c9c                GPDMA1_Channel13_IRQHandler
                0x0000000008004c9c                RNG_IRQHandler
                0x0000000008004c9c                COMP_IRQHandler
                0x0000000008004c9c                TIM1_UP_IRQHandler
                0x0000000008004c9c                ADC4_IRQHandler
                0x0000000008004c9c                WWDG_IRQHandler
                0x0000000008004c9c                I2C4_EV_IRQHandler
                0x0000000008004c9c                ADF1_IRQHandler
                0x0000000008004c9c                IWDG_IRQHandler
                0x0000000008004c9c                LPUART1_IRQHandler
                0x0000000008004c9c                MDF1_FLT0_IRQHandler
                0x0000000008004c9c                FDCAN1_IT0_IRQHandler
                0x0000000008004c9c                TIM2_IRQHandler
                0x0000000008004c9c                GPDMA1_Channel4_IRQHandler
                0x0000000008004c9c                EXTI7_IRQHandler
                0x0000000008004c9c                DMA2D_IRQHandler
                0x0000000008004c9c                TIM1_BRK_IRQHandler
                0x0000000008004c9c                EXTI1_IRQHandler
                0x0000000008004c9c                SDMMC2_IRQHandler
                0x0000000008004c9c                DAC1_IRQHandler
                0x0000000008004c9c                GTZC_IRQHandler
                0x0000000008004c9c                MDF1_FLT3_IRQHandler
                0x0000000008004c9c                USART2_IRQHandler
                0x0000000008004c9c                GPDMA1_Channel6_IRQHandler
                0x0000000008004c9c                I2C2_ER_IRQHandler
                0x0000000008004c9c                TIM8_BRK_IRQHandler
                0x0000000008004c9c                FLASH_IRQHandler
                0x0000000008004c9c                USART1_IRQHandler
                0x0000000008004c9c                EXTI10_IRQHandler
                0x0000000008004c9c                OTG_FS_IRQHandler
                0x0000000008004c9c                SPI3_IRQHandler
                0x0000000008004c9c                LPDMA1_Channel2_IRQHandler
                0x0000000008004c9c                I2C1_ER_IRQHandler
                0x0000000008004c9c                FMC_IRQHandler
                0x0000000008004c9c                EXTI6_IRQHandler
                0x0000000008004c9c                LPTIM1_IRQHandler
                0x0000000008004c9c                DCMI_PSSI_IRQHandler
                0x0000000008004c9c                I2C4_ER_IRQHandler
                0x0000000008004c9c                ICACHE_IRQHandler
                0x0000000008004c9c                SAI1_IRQHandler
                0x0000000008004c9c                HASH_IRQHandler
 *fill*         0x0000000008004c9e        0x2 
 .text.atexit   0x0000000008004ca0        0xc c:/users/soran/appdata/roaming/code/user/globalstorage/bmd.stm32-for-vscode/@xpack-dev-tools/arm-none-eabi-gcc/12.2.1-1.2.1/.content/bin/../lib/gcc/arm-none-eabi/12.2.1/../../../../arm-none-eabi/lib/thumb/v8-m.main+fp/hard\libc.a(libc_a-atexit.o)
                0x0000000008004ca0                atexit
 .text.stdio_exit_handler
                0x0000000008004cac       0x18 c:/users/soran/appdata/roaming/code/user/globalstorage/bmd.stm32-for-vscode/@xpack-dev-tools/arm-none-eabi-gcc/12.2.1-1.2.1/.content/bin/../lib/gcc/arm-none-eabi/12.2.1/../../../../arm-none-eabi/lib/thumb/v8-m.main+fp/hard\libc.a(libc_a-findfp.o)
 .text.cleanup_stdio
                0x0000000008004cc4       0x40 c:/users/soran/appdata/roaming/code/user/globalstorage/bmd.stm32-for-vscode/@xpack-dev-tools/arm-none-eabi-gcc/12.2.1-1.2.1/.content/bin/../lib/gcc/arm-none-eabi/12.2.1/../../../../arm-none-eabi/lib/thumb/v8-m.main+fp/hard\libc.a(libc_a-findfp.o)
 .text.global_stdio_init.part.0
                0x0000000008004d04       0xf0 c:/users/soran/appdata/roaming/code/user/globalstorage/bmd.stm32-for-vscode/@xpack-dev-tools/arm-none-eabi-gcc/12.2.1-1.2.1/.content/bin/../lib/gcc/arm-none-eabi/12.2.1/../../../../arm-none-eabi/lib/thumb/v8-m.main+fp/hard\libc.a(libc_a-findfp.o)
 .text.__sinit  0x0000000008004df4       0x3c c:/users/soran/appdata/roaming/code/user/globalstorage/bmd.stm32-for-vscode/@xpack-dev-tools/arm-none-eabi-gcc/12.2.1-1.2.1/.content/bin/../lib/gcc/arm-none-eabi/12.2.1/../../../../arm-none-eabi/lib/thumb/v8-m.main+fp/hard\libc.a(libc_a-findfp.o)
                0x0000000008004df4                __sinit
 .text.__sfp_lock_acquire
                0x0000000008004e30        0xc c:/users/soran/appdata/roaming/code/user/globalstorage/bmd.stm32-for-vscode/@xpack-dev-tools/arm-none-eabi-gcc/12.2.1-1.2.1/.content/bin/../lib/gcc/arm-none-eabi/12.2.1/../../../../arm-none-eabi/lib/thumb/v8-m.main+fp/hard\libc.a(libc_a-findfp.o)
                0x0000000008004e30                __sfp_lock_acquire
 .text.__sfp_lock_release
                0x0000000008004e3c        0xc c:/users/soran/appdata/roaming/code/user/globalstorage/bmd.stm32-for-vscode/@xpack-dev-tools/arm-none-eabi-gcc/12.2.1-1.2.1/.content/bin/../lib/gcc/arm-none-eabi/12.2.1/../../../../arm-none-eabi/lib/thumb/v8-m.main+fp/hard\libc.a(libc_a-findfp.o)
                0x0000000008004e3c                __sfp_lock_release
 .text._fwalk_sglue
                0x0000000008004e48       0x44 c:/users/soran/appdata/roaming/code/user/globalstorage/bmd.stm32-for-vscode/@xpack-dev-tools/arm-none-eabi-gcc/12.2.1-1.2.1/.content/bin/../lib/gcc/arm-none-eabi/12.2.1/../../../../arm-none-eabi/lib/thumb/v8-m.main+fp/hard\libc.a(libc_a-fwalk.o)
                0x0000000008004e48                _fwalk_sglue
 .text.printf   0x0000000008004e8c       0x28 c:/users/soran/appdata/roaming/code/user/globalstorage/bmd.stm32-for-vscode/@xpack-dev-tools/arm-none-eabi-gcc/12.2.1-1.2.1/.content/bin/../lib/gcc/arm-none-eabi/12.2.1/../../../../arm-none-eabi/lib/thumb/v8-m.main+fp/hard\libc.a(libc_a-printf.o)
                0x0000000008004e8c                printf
 .text.__sread  0x0000000008004eb4       0x24 c:/users/soran/appdata/roaming/code/user/globalstorage/bmd.stm32-for-vscode/@xpack-dev-tools/arm-none-eabi-gcc/12.2.1-1.2.1/.content/bin/../lib/gcc/arm-none-eabi/12.2.1/../../../../arm-none-eabi/lib/thumb/v8-m.main+fp/hard\libc.a(libc_a-stdio.o)
                0x0000000008004eb4                __sread
 .text.__swrite
                0x0000000008004ed8       0x40 c:/users/soran/appdata/roaming/code/user/globalstorage/bmd.stm32-for-vscode/@xpack-dev-tools/arm-none-eabi-gcc/12.2.1-1.2.1/.content/bin/../lib/gcc/arm-none-eabi/12.2.1/../../../../arm-none-eabi/lib/thumb/v8-m.main+fp/hard\libc.a(libc_a-stdio.o)
                0x0000000008004ed8                __swrite
 .text.__sseek  0x0000000008004f18       0x28 c:/users/soran/appdata/roaming/code/user/globalstorage/bmd.stm32-for-vscode/@xpack-dev-tools/arm-none-eabi-gcc/12.2.1-1.2.1/.content/bin/../lib/gcc/arm-none-eabi/12.2.1/../../../../arm-none-eabi/lib/thumb/v8-m.main+fp/hard\libc.a(libc_a-stdio.o)
                0x0000000008004f18                __sseek
 .text.__sclose
                0x0000000008004f40        0x8 c:/users/soran/appdata/roaming/code/user/globalstorage/bmd.stm32-for-vscode/@xpack-dev-tools/arm-none-eabi-gcc/12.2.1-1.2.1/.content/bin/../lib/gcc/arm-none-eabi/12.2.1/../../../../arm-none-eabi/lib/thumb/v8-m.main+fp/hard\libc.a(libc_a-stdio.o)
                0x0000000008004f40                __sclose
 .text.memset   0x0000000008004f48       0xa8 c:/users/soran/appdata/roaming/code/user/globalstorage/bmd.stm32-for-vscode/@xpack-dev-tools/arm-none-eabi-gcc/12.2.1-1.2.1/.content/bin/../lib/gcc/arm-none-eabi/12.2.1/../../../../arm-none-eabi/lib/thumb/v8-m.main+fp/hard\libc.a(libc_a-memset.o)
                0x0000000008004f48                memset
 .text._close_r
                0x0000000008004ff0       0x24 c:/users/soran/appdata/roaming/code/user/globalstorage/bmd.stm32-for-vscode/@xpack-dev-tools/arm-none-eabi-gcc/12.2.1-1.2.1/.content/bin/../lib/gcc/arm-none-eabi/12.2.1/../../../../arm-none-eabi/lib/thumb/v8-m.main+fp/hard\libc.a(libc_a-closer.o)
                0x0000000008004ff0                _close_r
 .text._lseek_r
                0x0000000008005014       0x2c c:/users/soran/appdata/roaming/code/user/globalstorage/bmd.stm32-for-vscode/@xpack-dev-tools/arm-none-eabi-gcc/12.2.1-1.2.1/.content/bin/../lib/gcc/arm-none-eabi/12.2.1/../../../../arm-none-eabi/lib/thumb/v8-m.main+fp/hard\libc.a(libc_a-lseekr.o)
                0x0000000008005014                _lseek_r
 .text._read_r  0x0000000008005040       0x2c c:/users/soran/appdata/roaming/code/user/globalstorage/bmd.stm32-for-vscode/@xpack-dev-tools/arm-none-eabi-gcc/12.2.1-1.2.1/.content/bin/../lib/gcc/arm-none-eabi/12.2.1/../../../../arm-none-eabi/lib/thumb/v8-m.main+fp/hard\libc.a(libc_a-readr.o)
                0x0000000008005040                _read_r
 .text._write_r
                0x000000000800506c       0x2c c:/users/soran/appdata/roaming/code/user/globalstorage/bmd.stm32-for-vscode/@xpack-dev-tools/arm-none-eabi-gcc/12.2.1-1.2.1/.content/bin/../lib/gcc/arm-none-eabi/12.2.1/../../../../arm-none-eabi/lib/thumb/v8-m.main+fp/hard\libc.a(libc_a-writer.o)
                0x000000000800506c                _write_r
 .text.__libc_init_array
                0x0000000008005098       0x50 c:/users/soran/appdata/roaming/code/user/globalstorage/bmd.stm32-for-vscode/@xpack-dev-tools/arm-none-eabi-gcc/12.2.1-1.2.1/.content/bin/../lib/gcc/arm-none-eabi/12.2.1/../../../../arm-none-eabi/lib/thumb/v8-m.main+fp/hard\libc.a(libc_a-init.o)
                0x0000000008005098                __libc_init_array
 .text.__libc_fini_array
                0x00000000080050e8       0x28 c:/users/soran/appdata/roaming/code/user/globalstorage/bmd.stm32-for-vscode/@xpack-dev-tools/arm-none-eabi-gcc/12.2.1-1.2.1/.content/bin/../lib/gcc/arm-none-eabi/12.2.1/../../../../arm-none-eabi/lib/thumb/v8-m.main+fp/hard\libc.a(libc_a-fini.o)
                0x00000000080050e8                __libc_fini_array
 .text.__retarget_lock_init_recursive
                0x0000000008005110        0x4 c:/users/soran/appdata/roaming/code/user/globalstorage/bmd.stm32-for-vscode/@xpack-dev-tools/arm-none-eabi-gcc/12.2.1-1.2.1/.content/bin/../lib/gcc/arm-none-eabi/12.2.1/../../../../arm-none-eabi/lib/thumb/v8-m.main+fp/hard\libc.a(libc_a-lock.o)
                0x0000000008005110                __retarget_lock_init_recursive
 .text.__retarget_lock_close_recursive
                0x0000000008005114        0x4 c:/users/soran/appdata/roaming/code/user/globalstorage/bmd.stm32-for-vscode/@xpack-dev-tools/arm-none-eabi-gcc/12.2.1-1.2.1/.content/bin/../lib/gcc/arm-none-eabi/12.2.1/../../../../arm-none-eabi/lib/thumb/v8-m.main+fp/hard\libc.a(libc_a-lock.o)
                0x0000000008005114                __retarget_lock_close_recursive
 .text.__retarget_lock_acquire_recursive
                0x0000000008005118        0x4 c:/users/soran/appdata/roaming/code/user/globalstorage/bmd.stm32-for-vscode/@xpack-dev-tools/arm-none-eabi-gcc/12.2.1-1.2.1/.content/bin/../lib/gcc/arm-none-eabi/12.2.1/../../../../arm-none-eabi/lib/thumb/v8-m.main+fp/hard\libc.a(libc_a-lock.o)
                0x0000000008005118                __retarget_lock_acquire_recursive
 .text.__retarget_lock_release_recursive
                0x000000000800511c        0x4 c:/users/soran/appdata/roaming/code/user/globalstorage/bmd.stm32-for-vscode/@xpack-dev-tools/arm-none-eabi-gcc/12.2.1-1.2.1/.content/bin/../lib/gcc/arm-none-eabi/12.2.1/../../../../arm-none-eabi/lib/thumb/v8-m.main+fp/hard\libc.a(libc_a-lock.o)
                0x000000000800511c                __retarget_lock_release_recursive
 .text.__register_exitproc
                0x0000000008005120       0x8c c:/users/soran/appdata/roaming/code/user/globalstorage/bmd.stm32-for-vscode/@xpack-dev-tools/arm-none-eabi-gcc/12.2.1-1.2.1/.content/bin/../lib/gcc/arm-none-eabi/12.2.1/../../../../arm-none-eabi/lib/thumb/v8-m.main+fp/hard\libc.a(libc_a-__atexit.o)
                0x0000000008005120                __register_exitproc
 .text.startup.register_fini
                0x00000000080051ac       0x14 c:/users/soran/appdata/roaming/code/user/globalstorage/bmd.stm32-for-vscode/@xpack-dev-tools/arm-none-eabi-gcc/12.2.1-1.2.1/.content/bin/../lib/gcc/arm-none-eabi/12.2.1/../../../../arm-none-eabi/lib/thumb/v8-m.main+fp/hard\libc.a(libc_a-__call_atexit.o)
 .text._malloc_trim_r
                0x00000000080051c0       0xb8 c:/users/soran/appdata/roaming/code/user/globalstorage/bmd.stm32-for-vscode/@xpack-dev-tools/arm-none-eabi-gcc/12.2.1-1.2.1/.content/bin/../lib/gcc/arm-none-eabi/12.2.1/../../../../arm-none-eabi/lib/thumb/v8-m.main+fp/hard\libc.a(libc_a-freer.o)
                0x00000000080051c0                _malloc_trim_r
 .text._free_r  0x0000000008005278      0x204 c:/users/soran/appdata/roaming/code/user/globalstorage/bmd.stm32-for-vscode/@xpack-dev-tools/arm-none-eabi-gcc/12.2.1-1.2.1/.content/bin/../lib/gcc/arm-none-eabi/12.2.1/../../../../arm-none-eabi/lib/thumb/v8-m.main+fp/hard\libc.a(libc_a-freer.o)
                0x0000000008005278                _free_r
 .text._malloc_r
                0x000000000800547c      0x574 c:/users/soran/appdata/roaming/code/user/globalstorage/bmd.stm32-for-vscode/@xpack-dev-tools/arm-none-eabi-gcc/12.2.1-1.2.1/.content/bin/../lib/gcc/arm-none-eabi/12.2.1/../../../../arm-none-eabi/lib/thumb/v8-m.main+fp/hard\libc.a(libc_a-mallocr.o)
                0x000000000800547c                _malloc_r
 .text.__malloc_lock
                0x00000000080059f0        0xc c:/users/soran/appdata/roaming/code/user/globalstorage/bmd.stm32-for-vscode/@xpack-dev-tools/arm-none-eabi-gcc/12.2.1-1.2.1/.content/bin/../lib/gcc/arm-none-eabi/12.2.1/../../../../arm-none-eabi/lib/thumb/v8-m.main+fp/hard\libc.a(libc_a-mlock.o)
                0x00000000080059f0                __malloc_lock
 .text.__malloc_unlock
                0x00000000080059fc        0xc c:/users/soran/appdata/roaming/code/user/globalstorage/bmd.stm32-for-vscode/@xpack-dev-tools/arm-none-eabi-gcc/12.2.1-1.2.1/.content/bin/../lib/gcc/arm-none-eabi/12.2.1/../../../../arm-none-eabi/lib/thumb/v8-m.main+fp/hard\libc.a(libc_a-mlock.o)
                0x00000000080059fc                __malloc_unlock
 .text._vfprintf_r
                0x0000000008005a08     0x1c88 c:/users/soran/appdata/roaming/code/user/globalstorage/bmd.stm32-for-vscode/@xpack-dev-tools/arm-none-eabi-gcc/12.2.1-1.2.1/.content/bin/../lib/gcc/arm-none-eabi/12.2.1/../../../../arm-none-eabi/lib/thumb/v8-m.main+fp/hard\libc.a(libc_a-vfprintf.o)
                0x0000000008005a08                _vfprintf_r
 .text.__sbprintf
                0x0000000008007690       0x80 c:/users/soran/appdata/roaming/code/user/globalstorage/bmd.stm32-for-vscode/@xpack-dev-tools/arm-none-eabi-gcc/12.2.1-1.2.1/.content/bin/../lib/gcc/arm-none-eabi/12.2.1/../../../../arm-none-eabi/lib/thumb/v8-m.main+fp/hard\libc.a(libc_a-vfprintf.o)
 .text.__sprint_r.part.0
                0x0000000008007710       0x78 c:/users/soran/appdata/roaming/code/user/globalstorage/bmd.stm32-for-vscode/@xpack-dev-tools/arm-none-eabi-gcc/12.2.1-1.2.1/.content/bin/../lib/gcc/arm-none-eabi/12.2.1/../../../../arm-none-eabi/lib/thumb/v8-m.main+fp/hard\libc.a(libc_a-vfiprintf.o)
 .text.__sprint_r
                0x0000000008007788       0x18 c:/users/soran/appdata/roaming/code/user/globalstorage/bmd.stm32-for-vscode/@xpack-dev-tools/arm-none-eabi-gcc/12.2.1-1.2.1/.content/bin/../lib/gcc/arm-none-eabi/12.2.1/../../../../arm-none-eabi/lib/thumb/v8-m.main+fp/hard\libc.a(libc_a-vfiprintf.o)
                0x0000000008007788                __sprint_r
 .text._vfiprintf_r
                0x00000000080077a0     0x1004 c:/users/soran/appdata/roaming/code/user/globalstorage/bmd.stm32-for-vscode/@xpack-dev-tools/arm-none-eabi-gcc/12.2.1-1.2.1/.content/bin/../lib/gcc/arm-none-eabi/12.2.1/../../../../arm-none-eabi/lib/thumb/v8-m.main+fp/hard\libc.a(libc_a-vfiprintf.o)
                0x00000000080077a0                _vfiprintf_r
 .text.__sbprintf
                0x00000000080087a4       0x80 c:/users/soran/appdata/roaming/code/user/globalstorage/bmd.stm32-for-vscode/@xpack-dev-tools/arm-none-eabi-gcc/12.2.1-1.2.1/.content/bin/../lib/gcc/arm-none-eabi/12.2.1/../../../../arm-none-eabi/lib/thumb/v8-m.main+fp/hard\libc.a(libc_a-vfiprintf.o)
 .text._fclose_r
                0x0000000008008824       0xc4 c:/users/soran/appdata/roaming/code/user/globalstorage/bmd.stm32-for-vscode/@xpack-dev-tools/arm-none-eabi-gcc/12.2.1-1.2.1/.content/bin/../lib/gcc/arm-none-eabi/12.2.1/../../../../arm-none-eabi/lib/thumb/v8-m.main+fp/hard\libc.a(libc_a-fclose.o)
                0x0000000008008824                _fclose_r
 .text.__sflush_r
                0x00000000080088e8      0x138 c:/users/soran/appdata/roaming/code/user/globalstorage/bmd.stm32-for-vscode/@xpack-dev-tools/arm-none-eabi-gcc/12.2.1-1.2.1/.content/bin/../lib/gcc/arm-none-eabi/12.2.1/../../../../arm-none-eabi/lib/thumb/v8-m.main+fp/hard\libc.a(libc_a-fflush.o)
                0x00000000080088e8                __sflush_r
 .text._fflush_r
                0x0000000008008a20       0x54 c:/users/soran/appdata/roaming/code/user/globalstorage/bmd.stm32-for-vscode/@xpack-dev-tools/arm-none-eabi-gcc/12.2.1-1.2.1/.content/bin/../lib/gcc/arm-none-eabi/12.2.1/../../../../arm-none-eabi/lib/thumb/v8-m.main+fp/hard\libc.a(libc_a-fflush.o)
                0x0000000008008a20                _fflush_r
 .text.__sfvwrite_r
                0x0000000008008a74      0x2e4 c:/users/soran/appdata/roaming/code/user/globalstorage/bmd.stm32-for-vscode/@xpack-dev-tools/arm-none-eabi-gcc/12.2.1-1.2.1/.content/bin/../lib/gcc/arm-none-eabi/12.2.1/../../../../arm-none-eabi/lib/thumb/v8-m.main+fp/hard\libc.a(libc_a-fvwrite.o)
                0x0000000008008a74                __sfvwrite_r
 .text.__swsetup_r
                0x0000000008008d58       0xc0 c:/users/soran/appdata/roaming/code/user/globalstorage/bmd.stm32-for-vscode/@xpack-dev-tools/arm-none-eabi-gcc/12.2.1-1.2.1/.content/bin/../lib/gcc/arm-none-eabi/12.2.1/../../../../arm-none-eabi/lib/thumb/v8-m.main+fp/hard\libc.a(libc_a-wsetup.o)
                0x0000000008008d58                __swsetup_r
 .text.__fputwc
                0x0000000008008e18       0x98 c:/users/soran/appdata/roaming/code/user/globalstorage/bmd.stm32-for-vscode/@xpack-dev-tools/arm-none-eabi-gcc/12.2.1-1.2.1/.content/bin/../lib/gcc/arm-none-eabi/12.2.1/../../../../arm-none-eabi/lib/thumb/v8-m.main+fp/hard\libc.a(libc_a-fputwc.o)
                0x0000000008008e18                __fputwc
 .text._fputwc_r
                0x0000000008008eb0       0x64 c:/users/soran/appdata/roaming/code/user/globalstorage/bmd.stm32-for-vscode/@xpack-dev-tools/arm-none-eabi-gcc/12.2.1-1.2.1/.content/bin/../lib/gcc/arm-none-eabi/12.2.1/../../../../arm-none-eabi/lib/thumb/v8-m.main+fp/hard\libc.a(libc_a-fputwc.o)
                0x0000000008008eb0                _fputwc_r
 .text.memmove  0x0000000008008f14      0x100 c:/users/soran/appdata/roaming/code/user/globalstorage/bmd.stm32-for-vscode/@xpack-dev-tools/arm-none-eabi-gcc/12.2.1-1.2.1/.content/bin/../lib/gcc/arm-none-eabi/12.2.1/../../../../arm-none-eabi/lib/thumb/v8-m.main+fp/hard\libc.a(libc_a-memmove.o)
                0x0000000008008f14                memmove
 .text.strncpy  0x0000000008009014       0x68 c:/users/soran/appdata/roaming/code/user/globalstorage/bmd.stm32-for-vscode/@xpack-dev-tools/arm-none-eabi-gcc/12.2.1-1.2.1/.content/bin/../lib/gcc/arm-none-eabi/12.2.1/../../../../arm-none-eabi/lib/thumb/v8-m.main+fp/hard\libc.a(libc_a-strncpy.o)
                0x0000000008009014                strncpy
 .text.__locale_mb_cur_max
                0x000000000800907c        0xc c:/users/soran/appdata/roaming/code/user/globalstorage/bmd.stm32-for-vscode/@xpack-dev-tools/arm-none-eabi-gcc/12.2.1-1.2.1/.content/bin/../lib/gcc/arm-none-eabi/12.2.1/../../../../arm-none-eabi/lib/thumb/v8-m.main+fp/hard\libc.a(libc_a-locale.o)
                0x000000000800907c                __locale_mb_cur_max
 .text._localeconv_r
                0x0000000008009088        0x8 c:/users/soran/appdata/roaming/code/user/globalstorage/bmd.stm32-for-vscode/@xpack-dev-tools/arm-none-eabi-gcc/12.2.1-1.2.1/.content/bin/../lib/gcc/arm-none-eabi/12.2.1/../../../../arm-none-eabi/lib/thumb/v8-m.main+fp/hard\libc.a(libc_a-localeconv.o)
                0x0000000008009088                _localeconv_r
 .text._sbrk_r  0x0000000008009090       0x24 c:/users/soran/appdata/roaming/code/user/globalstorage/bmd.stm32-for-vscode/@xpack-dev-tools/arm-none-eabi-gcc/12.2.1-1.2.1/.content/bin/../lib/gcc/arm-none-eabi/12.2.1/../../../../arm-none-eabi/lib/thumb/v8-m.main+fp/hard\libc.a(libc_a-sbrkr.o)
                0x0000000008009090                _sbrk_r
 .text.sysconf  0x00000000080090b4       0x1c c:/users/soran/appdata/roaming/code/user/globalstorage/bmd.stm32-for-vscode/@xpack-dev-tools/arm-none-eabi-gcc/12.2.1-1.2.1/.content/bin/../lib/gcc/arm-none-eabi/12.2.1/../../../../arm-none-eabi/lib/thumb/v8-m.main+fp/hard\libc.a(libc_a-sysconf.o)
                0x00000000080090b4                sysconf
 .text.memchr   0x00000000080090d0       0x98 c:/users/soran/appdata/roaming/code/user/globalstorage/bmd.stm32-for-vscode/@xpack-dev-tools/arm-none-eabi-gcc/12.2.1-1.2.1/.content/bin/../lib/gcc/arm-none-eabi/12.2.1/../../../../arm-none-eabi/lib/thumb/v8-m.main+fp/hard\libc.a(libc_a-memchr-stub.o)
                0x00000000080090d0                memchr
 .text.strlen   0x0000000008009168       0x5c c:/users/soran/appdata/roaming/code/user/globalstorage/bmd.stm32-for-vscode/@xpack-dev-tools/arm-none-eabi-gcc/12.2.1-1.2.1/.content/bin/../lib/gcc/arm-none-eabi/12.2.1/../../../../arm-none-eabi/lib/thumb/v8-m.main+fp/hard\libc.a(libc_a-strlen-stub.o)
                0x0000000008009168                strlen
 .text.frexp    0x00000000080091c4       0x6c c:/users/soran/appdata/roaming/code/user/globalstorage/bmd.stm32-for-vscode/@xpack-dev-tools/arm-none-eabi-gcc/12.2.1-1.2.1/.content/bin/../lib/gcc/arm-none-eabi/12.2.1/../../../../arm-none-eabi/lib/thumb/v8-m.main+fp/hard\libc.a(libm_a-s_frexp.o)
                0x00000000080091c4                frexp
 .text.quorem   0x0000000008009230      0x138 c:/users/soran/appdata/roaming/code/user/globalstorage/bmd.stm32-for-vscode/@xpack-dev-tools/arm-none-eabi-gcc/12.2.1-1.2.1/.content/bin/../lib/gcc/arm-none-eabi/12.2.1/../../../../arm-none-eabi/lib/thumb/v8-m.main+fp/hard\libc.a(libc_a-dtoa.o)
 .text._dtoa_r  0x0000000008009368      0xeb8 c:/users/soran/appdata/roaming/code/user/globalstorage/bmd.stm32-for-vscode/@xpack-dev-tools/arm-none-eabi-gcc/12.2.1-1.2.1/.content/bin/../lib/gcc/arm-none-eabi/12.2.1/../../../../arm-none-eabi/lib/thumb/v8-m.main+fp/hard\libc.a(libc_a-dtoa.o)
                0x0000000008009368                _dtoa_r
 .text.__ascii_mbtowc
                0x000000000800a220       0x2c c:/users/soran/appdata/roaming/code/user/globalstorage/bmd.stm32-for-vscode/@xpack-dev-tools/arm-none-eabi-gcc/12.2.1-1.2.1/.content/bin/../lib/gcc/arm-none-eabi/12.2.1/../../../../arm-none-eabi/lib/thumb/v8-m.main+fp/hard\libc.a(libc_a-mbtowc_r.o)
                0x000000000800a220                __ascii_mbtowc
 .text._Balloc  0x000000000800a24c       0x4c c:/users/soran/appdata/roaming/code/user/globalstorage/bmd.stm32-for-vscode/@xpack-dev-tools/arm-none-eabi-gcc/12.2.1-1.2.1/.content/bin/../lib/gcc/arm-none-eabi/12.2.1/../../../../arm-none-eabi/lib/thumb/v8-m.main+fp/hard\libc.a(libc_a-mprec.o)
                0x000000000800a24c                _Balloc
 .text._Bfree   0x000000000800a298       0x14 c:/users/soran/appdata/roaming/code/user/globalstorage/bmd.stm32-for-vscode/@xpack-dev-tools/arm-none-eabi-gcc/12.2.1-1.2.1/.content/bin/../lib/gcc/arm-none-eabi/12.2.1/../../../../arm-none-eabi/lib/thumb/v8-m.main+fp/hard\libc.a(libc_a-mprec.o)
                0x000000000800a298                _Bfree
 .text.__multadd
                0x000000000800a2ac       0xa4 c:/users/soran/appdata/roaming/code/user/globalstorage/bmd.stm32-for-vscode/@xpack-dev-tools/arm-none-eabi-gcc/12.2.1-1.2.1/.content/bin/../lib/gcc/arm-none-eabi/12.2.1/../../../../arm-none-eabi/lib/thumb/v8-m.main+fp/hard\libc.a(libc_a-mprec.o)
                0x000000000800a2ac                __multadd
 .text.__hi0bits
                0x000000000800a350       0x48 c:/users/soran/appdata/roaming/code/user/globalstorage/bmd.stm32-for-vscode/@xpack-dev-tools/arm-none-eabi-gcc/12.2.1-1.2.1/.content/bin/../lib/gcc/arm-none-eabi/12.2.1/../../../../arm-none-eabi/lib/thumb/v8-m.main+fp/hard\libc.a(libc_a-mprec.o)
                0x000000000800a350                __hi0bits
 .text.__lo0bits
                0x000000000800a398       0x60 c:/users/soran/appdata/roaming/code/user/globalstorage/bmd.stm32-for-vscode/@xpack-dev-tools/arm-none-eabi-gcc/12.2.1-1.2.1/.content/bin/../lib/gcc/arm-none-eabi/12.2.1/../../../../arm-none-eabi/lib/thumb/v8-m.main+fp/hard\libc.a(libc_a-mprec.o)
                0x000000000800a398                __lo0bits
 .text.__i2b    0x000000000800a3f8       0x5c c:/users/soran/appdata/roaming/code/user/globalstorage/bmd.stm32-for-vscode/@xpack-dev-tools/arm-none-eabi-gcc/12.2.1-1.2.1/.content/bin/../lib/gcc/arm-none-eabi/12.2.1/../../../../arm-none-eabi/lib/thumb/v8-m.main+fp/hard\libc.a(libc_a-mprec.o)
                0x000000000800a3f8                __i2b
 .text.__multiply
                0x000000000800a454      0x164 c:/users/soran/appdata/roaming/code/user/globalstorage/bmd.stm32-for-vscode/@xpack-dev-tools/arm-none-eabi-gcc/12.2.1-1.2.1/.content/bin/../lib/gcc/arm-none-eabi/12.2.1/../../../../arm-none-eabi/lib/thumb/v8-m.main+fp/hard\libc.a(libc_a-mprec.o)
                0x000000000800a454                __multiply
 .text.__pow5mult
                0x000000000800a5b8       0xb4 c:/users/soran/appdata/roaming/code/user/globalstorage/bmd.stm32-for-vscode/@xpack-dev-tools/arm-none-eabi-gcc/12.2.1-1.2.1/.content/bin/../lib/gcc/arm-none-eabi/12.2.1/../../../../arm-none-eabi/lib/thumb/v8-m.main+fp/hard\libc.a(libc_a-mprec.o)
                0x000000000800a5b8                __pow5mult
 .text.__lshift
                0x000000000800a66c       0xe8 c:/users/soran/appdata/roaming/code/user/globalstorage/bmd.stm32-for-vscode/@xpack-dev-tools/arm-none-eabi-gcc/12.2.1-1.2.1/.content/bin/../lib/gcc/arm-none-eabi/12.2.1/../../../../arm-none-eabi/lib/thumb/v8-m.main+fp/hard\libc.a(libc_a-mprec.o)
                0x000000000800a66c                __lshift
 .text.__mcmp   0x000000000800a754       0x44 c:/users/soran/appdata/roaming/code/user/globalstorage/bmd.stm32-for-vscode/@xpack-dev-tools/arm-none-eabi-gcc/12.2.1-1.2.1/.content/bin/../lib/gcc/arm-none-eabi/12.2.1/../../../../arm-none-eabi/lib/thumb/v8-m.main+fp/hard\libc.a(libc_a-mprec.o)
                0x000000000800a754                __mcmp
 .text.__mdiff  0x000000000800a798      0x160 c:/users/soran/appdata/roaming/code/user/globalstorage/bmd.stm32-for-vscode/@xpack-dev-tools/arm-none-eabi-gcc/12.2.1-1.2.1/.content/bin/../lib/gcc/arm-none-eabi/12.2.1/../../../../arm-none-eabi/lib/thumb/v8-m.main+fp/hard\libc.a(libc_a-mprec.o)
                0x000000000800a798                __mdiff
 .text.__d2b    0x000000000800a8f8       0xd4 c:/users/soran/appdata/roaming/code/user/globalstorage/bmd.stm32-for-vscode/@xpack-dev-tools/arm-none-eabi-gcc/12.2.1-1.2.1/.content/bin/../lib/gcc/arm-none-eabi/12.2.1/../../../../arm-none-eabi/lib/thumb/v8-m.main+fp/hard\libc.a(libc_a-mprec.o)
                0x000000000800a8f8                __d2b
 .text._realloc_r
                0x000000000800a9cc      0x36c c:/users/soran/appdata/roaming/code/user/globalstorage/bmd.stm32-for-vscode/@xpack-dev-tools/arm-none-eabi-gcc/12.2.1-1.2.1/.content/bin/../lib/gcc/arm-none-eabi/12.2.1/../../../../arm-none-eabi/lib/thumb/v8-m.main+fp/hard\libc.a(libc_a-reallocr.o)
                0x000000000800a9cc                _realloc_r
 .text.__ascii_wctomb
                0x000000000800ad38       0x1c c:/users/soran/appdata/roaming/code/user/globalstorage/bmd.stm32-for-vscode/@xpack-dev-tools/arm-none-eabi-gcc/12.2.1-1.2.1/.content/bin/../lib/gcc/arm-none-eabi/12.2.1/../../../../arm-none-eabi/lib/thumb/v8-m.main+fp/hard\libc.a(libc_a-wctomb_r.o)
                0x000000000800ad38                __ascii_wctomb
 .text._wcrtomb_r
                0x000000000800ad54       0x4c c:/users/soran/appdata/roaming/code/user/globalstorage/bmd.stm32-for-vscode/@xpack-dev-tools/arm-none-eabi-gcc/12.2.1-1.2.1/.content/bin/../lib/gcc/arm-none-eabi/12.2.1/../../../../arm-none-eabi/lib/thumb/v8-m.main+fp/hard\libc.a(libc_a-wcrtomb.o)
                0x000000000800ad54                _wcrtomb_r
 .text._wcsrtombs_r
                0x000000000800ada0       0x18 c:/users/soran/appdata/roaming/code/user/globalstorage/bmd.stm32-for-vscode/@xpack-dev-tools/arm-none-eabi-gcc/12.2.1-1.2.1/.content/bin/../lib/gcc/arm-none-eabi/12.2.1/../../../../arm-none-eabi/lib/thumb/v8-m.main+fp/hard\libc.a(libc_a-wcsrtombs.o)
                0x000000000800ada0                _wcsrtombs_r
 .text.__smakebuf_r
                0x000000000800adb8       0xdc c:/users/soran/appdata/roaming/code/user/globalstorage/bmd.stm32-for-vscode/@xpack-dev-tools/arm-none-eabi-gcc/12.2.1-1.2.1/.content/bin/../lib/gcc/arm-none-eabi/12.2.1/../../../../arm-none-eabi/lib/thumb/v8-m.main+fp/hard\libc.a(libc_a-makebuf.o)
                0x000000000800adb8                __smakebuf_r
 .text.__swbuf_r
                0x000000000800ae94       0xac c:/users/soran/appdata/roaming/code/user/globalstorage/bmd.stm32-for-vscode/@xpack-dev-tools/arm-none-eabi-gcc/12.2.1-1.2.1/.content/bin/../lib/gcc/arm-none-eabi/12.2.1/../../../../arm-none-eabi/lib/thumb/v8-m.main+fp/hard\libc.a(libc_a-wbuf.o)
                0x000000000800ae94                __swbuf_r
 .text._fstat_r
                0x000000000800af40       0x2c c:/users/soran/appdata/roaming/code/user/globalstorage/bmd.stm32-for-vscode/@xpack-dev-tools/arm-none-eabi-gcc/12.2.1-1.2.1/.content/bin/../lib/gcc/arm-none-eabi/12.2.1/../../../../arm-none-eabi/lib/thumb/v8-m.main+fp/hard\libc.a(libc_a-fstatr.o)
                0x000000000800af40                _fstat_r
 .text._isatty_r
                0x000000000800af6c       0x24 c:/users/soran/appdata/roaming/code/user/globalstorage/bmd.stm32-for-vscode/@xpack-dev-tools/arm-none-eabi-gcc/12.2.1-1.2.1/.content/bin/../lib/gcc/arm-none-eabi/12.2.1/../../../../arm-none-eabi/lib/thumb/v8-m.main+fp/hard\libc.a(libc_a-isattyr.o)
                0x000000000800af6c                _isatty_r
 .text.__errno  0x000000000800af90        0xc c:/users/soran/appdata/roaming/code/user/globalstorage/bmd.stm32-for-vscode/@xpack-dev-tools/arm-none-eabi-gcc/12.2.1-1.2.1/.content/bin/../lib/gcc/arm-none-eabi/12.2.1/../../../../arm-none-eabi/lib/thumb/v8-m.main+fp/hard\libc.a(libc_a-errno.o)
                0x000000000800af90                __errno
 .text.__assert_func
                0x000000000800af9c       0x3c c:/users/soran/appdata/roaming/code/user/globalstorage/bmd.stm32-for-vscode/@xpack-dev-tools/arm-none-eabi-gcc/12.2.1-1.2.1/.content/bin/../lib/gcc/arm-none-eabi/12.2.1/../../../../arm-none-eabi/lib/thumb/v8-m.main+fp/hard\libc.a(libc_a-assert.o)
                0x000000000800af9c                __assert_func
 .text._calloc_r
                0x000000000800afd8       0x70 c:/users/soran/appdata/roaming/code/user/globalstorage/bmd.stm32-for-vscode/@xpack-dev-tools/arm-none-eabi-gcc/12.2.1-1.2.1/.content/bin/../lib/gcc/arm-none-eabi/12.2.1/../../../../arm-none-eabi/lib/thumb/v8-m.main+fp/hard\libc.a(libc_a-callocr.o)
                0x000000000800afd8                _calloc_r
 .text._wcsnrtombs_l
                0x000000000800b048       0xfc c:/users/soran/appdata/roaming/code/user/globalstorage/bmd.stm32-for-vscode/@xpack-dev-tools/arm-none-eabi-gcc/12.2.1-1.2.1/.content/bin/../lib/gcc/arm-none-eabi/12.2.1/../../../../arm-none-eabi/lib/thumb/v8-m.main+fp/hard\libc.a(libc_a-wcsnrtombs.o)
                0x000000000800b048                _wcsnrtombs_l
 .text._wcsnrtombs_r
                0x000000000800b144       0x24 c:/users/soran/appdata/roaming/code/user/globalstorage/bmd.stm32-for-vscode/@xpack-dev-tools/arm-none-eabi-gcc/12.2.1-1.2.1/.content/bin/../lib/gcc/arm-none-eabi/12.2.1/../../../../arm-none-eabi/lib/thumb/v8-m.main+fp/hard\libc.a(libc_a-wcsnrtombs.o)
                0x000000000800b144                _wcsnrtombs_r
 .text.fiprintf
                0x000000000800b168       0x28 c:/users/soran/appdata/roaming/code/user/globalstorage/bmd.stm32-for-vscode/@xpack-dev-tools/arm-none-eabi-gcc/12.2.1-1.2.1/.content/bin/../lib/gcc/arm-none-eabi/12.2.1/../../../../arm-none-eabi/lib/thumb/v8-m.main+fp/hard\libc.a(libc_a-fiprintf.o)
                0x000000000800b168                fiprintf
 .text.abort    0x000000000800b190       0x10 c:/users/soran/appdata/roaming/code/user/globalstorage/bmd.stm32-for-vscode/@xpack-dev-tools/arm-none-eabi-gcc/12.2.1-1.2.1/.content/bin/../lib/gcc/arm-none-eabi/12.2.1/../../../../arm-none-eabi/lib/thumb/v8-m.main+fp/hard\libc.a(libc_a-abort.o)
                0x000000000800b190                abort
 .text.raise    0x000000000800b1a0       0x58 c:/users/soran/appdata/roaming/code/user/globalstorage/bmd.stm32-for-vscode/@xpack-dev-tools/arm-none-eabi-gcc/12.2.1-1.2.1/.content/bin/../lib/gcc/arm-none-eabi/12.2.1/../../../../arm-none-eabi/lib/thumb/v8-m.main+fp/hard\libc.a(libc_a-signal.o)
                0x000000000800b1a0                raise
 .text._kill_r  0x000000000800b1f8       0x2c c:/users/soran/appdata/roaming/code/user/globalstorage/bmd.stm32-for-vscode/@xpack-dev-tools/arm-none-eabi-gcc/12.2.1-1.2.1/.content/bin/../lib/gcc/arm-none-eabi/12.2.1/../../../../arm-none-eabi/lib/thumb/v8-m.main+fp/hard\libc.a(libc_a-signalr.o)
                0x000000000800b1f8                _kill_r
 .text._getpid_r
                0x000000000800b224        0x4 c:/users/soran/appdata/roaming/code/user/globalstorage/bmd.stm32-for-vscode/@xpack-dev-tools/arm-none-eabi-gcc/12.2.1-1.2.1/.content/bin/../lib/gcc/arm-none-eabi/12.2.1/../../../../arm-none-eabi/lib/thumb/v8-m.main+fp/hard\libc.a(libc_a-signalr.o)
                0x000000000800b224                _getpid_r
 .text._close   0x000000000800b228       0x10 c:/users/soran/appdata/roaming/code/user/globalstorage/bmd.stm32-for-vscode/@xpack-dev-tools/arm-none-eabi-gcc/12.2.1-1.2.1/.content/bin/../lib/gcc/arm-none-eabi/12.2.1/../../../../arm-none-eabi/lib/thumb/v8-m.main+fp/hard\libnosys.a(close.o)
                0x000000000800b228                _close
 .text._fstat   0x000000000800b238       0x10 c:/users/soran/appdata/roaming/code/user/globalstorage/bmd.stm32-for-vscode/@xpack-dev-tools/arm-none-eabi-gcc/12.2.1-1.2.1/.content/bin/../lib/gcc/arm-none-eabi/12.2.1/../../../../arm-none-eabi/lib/thumb/v8-m.main+fp/hard\libnosys.a(fstat.o)
                0x000000000800b238                _fstat
 .text._getpid  0x000000000800b248       0x10 c:/users/soran/appdata/roaming/code/user/globalstorage/bmd.stm32-for-vscode/@xpack-dev-tools/arm-none-eabi-gcc/12.2.1-1.2.1/.content/bin/../lib/gcc/arm-none-eabi/12.2.1/../../../../arm-none-eabi/lib/thumb/v8-m.main+fp/hard\libnosys.a(getpid.o)
                0x000000000800b248                _getpid
 .text._isatty  0x000000000800b258       0x10 c:/users/soran/appdata/roaming/code/user/globalstorage/bmd.stm32-for-vscode/@xpack-dev-tools/arm-none-eabi-gcc/12.2.1-1.2.1/.content/bin/../lib/gcc/arm-none-eabi/12.2.1/../../../../arm-none-eabi/lib/thumb/v8-m.main+fp/hard\libnosys.a(isatty.o)
                0x000000000800b258                _isatty
 .text._kill    0x000000000800b268       0x10 c:/users/soran/appdata/roaming/code/user/globalstorage/bmd.stm32-for-vscode/@xpack-dev-tools/arm-none-eabi-gcc/12.2.1-1.2.1/.content/bin/../lib/gcc/arm-none-eabi/12.2.1/../../../../arm-none-eabi/lib/thumb/v8-m.main+fp/hard\libnosys.a(kill.o)
                0x000000000800b268                _kill
 .text._lseek   0x000000000800b278       0x10 c:/users/soran/appdata/roaming/code/user/globalstorage/bmd.stm32-for-vscode/@xpack-dev-tools/arm-none-eabi-gcc/12.2.1-1.2.1/.content/bin/../lib/gcc/arm-none-eabi/12.2.1/../../../../arm-none-eabi/lib/thumb/v8-m.main+fp/hard\libnosys.a(lseek.o)
                0x000000000800b278                _lseek
 .text._read    0x000000000800b288       0x10 c:/users/soran/appdata/roaming/code/user/globalstorage/bmd.stm32-for-vscode/@xpack-dev-tools/arm-none-eabi-gcc/12.2.1-1.2.1/.content/bin/../lib/gcc/arm-none-eabi/12.2.1/../../../../arm-none-eabi/lib/thumb/v8-m.main+fp/hard\libnosys.a(read.o)
                0x000000000800b288                _read
 .text._sbrk    0x000000000800b298       0x20 c:/users/soran/appdata/roaming/code/user/globalstorage/bmd.stm32-for-vscode/@xpack-dev-tools/arm-none-eabi-gcc/12.2.1-1.2.1/.content/bin/../lib/gcc/arm-none-eabi/12.2.1/../../../../arm-none-eabi/lib/thumb/v8-m.main+fp/hard\libnosys.a(sbrk.o)
                0x000000000800b298                _sbrk
 .text._write   0x000000000800b2b8       0x10 c:/users/soran/appdata/roaming/code/user/globalstorage/bmd.stm32-for-vscode/@xpack-dev-tools/arm-none-eabi-gcc/12.2.1-1.2.1/.content/bin/../lib/gcc/arm-none-eabi/12.2.1/../../../../arm-none-eabi/lib/thumb/v8-m.main+fp/hard\libnosys.a(write.o)
                0x000000000800b2b8                _write
 .text._exit    0x000000000800b2c8        0x4 c:/users/soran/appdata/roaming/code/user/globalstorage/bmd.stm32-for-vscode/@xpack-dev-tools/arm-none-eabi-gcc/12.2.1-1.2.1/.content/bin/../lib/gcc/arm-none-eabi/12.2.1/../../../../arm-none-eabi/lib/thumb/v8-m.main+fp/hard\libnosys.a(_exit.o)
                0x000000000800b2c8                _exit
 *(.glue_7)
 .glue_7        0x000000000800b2cc        0x0 linker stubs
 *(.glue_7t)
 .glue_7t       0x000000000800b2cc        0x0 linker stubs
 *(.eh_frame)
 .eh_frame      0x000000000800b2cc        0x0 c:/users/soran/appdata/roaming/code/user/globalstorage/bmd.stm32-for-vscode/@xpack-dev-tools/arm-none-eabi-gcc/12.2.1-1.2.1/.content/bin/../lib/gcc/arm-none-eabi/12.2.1/thumb/v8-m.main+fp/hard/crtbegin.o
 *(.init)
 .init          0x000000000800b2cc        0x4 c:/users/soran/appdata/roaming/code/user/globalstorage/bmd.stm32-for-vscode/@xpack-dev-tools/arm-none-eabi-gcc/12.2.1-1.2.1/.content/bin/../lib/gcc/arm-none-eabi/12.2.1/thumb/v8-m.main+fp/hard/crti.o
                0x000000000800b2cc                _init
 .init          0x000000000800b2d0        0x8 c:/users/soran/appdata/roaming/code/user/globalstorage/bmd.stm32-for-vscode/@xpack-dev-tools/arm-none-eabi-gcc/12.2.1-1.2.1/.content/bin/../lib/gcc/arm-none-eabi/12.2.1/thumb/v8-m.main+fp/hard/crtn.o
 *(.fini)
 .fini          0x000000000800b2d8        0x4 c:/users/soran/appdata/roaming/code/user/globalstorage/bmd.stm32-for-vscode/@xpack-dev-tools/arm-none-eabi-gcc/12.2.1-1.2.1/.content/bin/../lib/gcc/arm-none-eabi/12.2.1/thumb/v8-m.main+fp/hard/crti.o
                0x000000000800b2d8                _fini
 .fini          0x000000000800b2dc        0x8 c:/users/soran/appdata/roaming/code/user/globalstorage/bmd.stm32-for-vscode/@xpack-dev-tools/arm-none-eabi-gcc/12.2.1-1.2.1/.content/bin/../lib/gcc/arm-none-eabi/12.2.1/thumb/v8-m.main+fp/hard/crtn.o
                0x000000000800b2e4                _etext = .

.vfp11_veneer   0x000000000800b2e4        0x0
 .vfp11_veneer  0x000000000800b2e4        0x0 linker stubs

.v4_bx          0x000000000800b2e4        0x0
 .v4_bx         0x000000000800b2e4        0x0 linker stubs

.iplt           0x000000000800b2e4        0x0
 .iplt          0x000000000800b2e4        0x0 c:/users/soran/appdata/roaming/code/user/globalstorage/bmd.stm32-for-vscode/@xpack-dev-tools/arm-none-eabi-gcc/12.2.1-1.2.1/.content/bin/../lib/gcc/arm-none-eabi/12.2.1/thumb/v8-m.main+fp/hard/crtbegin.o

.rodata         0x000000000800b2e8      0x53b
 *(.rodata)
 *(.rodata*)
 .rodata.LPGPIO_Map
                0x000000000800b2e8       0x80 build/stm32u5xx_hal_gpio.o
 .rodata.setMux.str1.4
                0x000000000800b368       0x31 build/main.o
 *fill*         0x000000000800b399        0x3 
 .rodata.main.str1.4
                0x000000000800b39c       0x13 build/main.o
 *fill*         0x000000000800b3af        0x1 
 .rodata.MSIRangeTable
                0x000000000800b3b0       0x40 build/system_stm32u5xx.o
                0x000000000800b3b0                MSIRangeTable
 .rodata.AHBPrescTable
                0x000000000800b3f0       0x10 build/system_stm32u5xx.o
                0x000000000800b3f0                AHBPrescTable
 .rodata._vfprintf_r.str1.4
                0x000000000800b400       0x42 c:/users/soran/appdata/roaming/code/user/globalstorage/bmd.stm32-for-vscode/@xpack-dev-tools/arm-none-eabi-gcc/12.2.1-1.2.1/.content/bin/../lib/gcc/arm-none-eabi/12.2.1/../../../../arm-none-eabi/lib/thumb/v8-m.main+fp/hard\libc.a(libc_a-vfprintf.o)
 *fill*         0x000000000800b442        0x2 
 .rodata.zeroes.0
                0x000000000800b444       0x10 c:/users/soran/appdata/roaming/code/user/globalstorage/bmd.stm32-for-vscode/@xpack-dev-tools/arm-none-eabi-gcc/12.2.1-1.2.1/.content/bin/../lib/gcc/arm-none-eabi/12.2.1/../../../../arm-none-eabi/lib/thumb/v8-m.main+fp/hard\libc.a(libc_a-vfprintf.o)
 .rodata.blanks.1
                0x000000000800b454       0x10 c:/users/soran/appdata/roaming/code/user/globalstorage/bmd.stm32-for-vscode/@xpack-dev-tools/arm-none-eabi-gcc/12.2.1-1.2.1/.content/bin/../lib/gcc/arm-none-eabi/12.2.1/../../../../arm-none-eabi/lib/thumb/v8-m.main+fp/hard\libc.a(libc_a-vfprintf.o)
 .rodata._vfiprintf_r.str1.4
                0x000000000800b464       0x2f c:/users/soran/appdata/roaming/code/user/globalstorage/bmd.stm32-for-vscode/@xpack-dev-tools/arm-none-eabi-gcc/12.2.1-1.2.1/.content/bin/../lib/gcc/arm-none-eabi/12.2.1/../../../../arm-none-eabi/lib/thumb/v8-m.main+fp/hard\libc.a(libc_a-vfiprintf.o)
 .rodata.zeroes.0
                0x000000000800b464       0x10 c:/users/soran/appdata/roaming/code/user/globalstorage/bmd.stm32-for-vscode/@xpack-dev-tools/arm-none-eabi-gcc/12.2.1-1.2.1/.content/bin/../lib/gcc/arm-none-eabi/12.2.1/../../../../arm-none-eabi/lib/thumb/v8-m.main+fp/hard\libc.a(libc_a-vfiprintf.o)
 .rodata.blanks.1
                0x000000000800b474       0x10 c:/users/soran/appdata/roaming/code/user/globalstorage/bmd.stm32-for-vscode/@xpack-dev-tools/arm-none-eabi-gcc/12.2.1-1.2.1/.content/bin/../lib/gcc/arm-none-eabi/12.2.1/../../../../arm-none-eabi/lib/thumb/v8-m.main+fp/hard\libc.a(libc_a-vfiprintf.o)
 .rodata.str1.4
                0x000000000800b484       0x48 c:/users/soran/appdata/roaming/code/user/globalstorage/bmd.stm32-for-vscode/@xpack-dev-tools/arm-none-eabi-gcc/12.2.1-1.2.1/.content/bin/../lib/gcc/arm-none-eabi/12.2.1/../../../../arm-none-eabi/lib/thumb/v8-m.main+fp/hard\libc.a(libc_a-locale.o)
                                         0x4c (size before relaxing)
 .rodata._dtoa_r.str1.4
                0x000000000800b4cc       0x99 c:/users/soran/appdata/roaming/code/user/globalstorage/bmd.stm32-for-vscode/@xpack-dev-tools/arm-none-eabi-gcc/12.2.1-1.2.1/.content/bin/../lib/gcc/arm-none-eabi/12.2.1/../../../../arm-none-eabi/lib/thumb/v8-m.main+fp/hard\libc.a(libc_a-dtoa.o)
                                         0x9d (size before relaxing)
 *fill*         0x000000000800b565        0x3 
 .rodata.__multadd.str1.4
                0x000000000800b568       0x76 c:/users/soran/appdata/roaming/code/user/globalstorage/bmd.stm32-for-vscode/@xpack-dev-tools/arm-none-eabi-gcc/12.2.1-1.2.1/.content/bin/../lib/gcc/arm-none-eabi/12.2.1/../../../../arm-none-eabi/lib/thumb/v8-m.main+fp/hard\libc.a(libc_a-mprec.o)
                                         0x8a (size before relaxing)
 *fill*         0x000000000800b5de        0x2 
 .rodata.p05.0  0x000000000800b5e0        0xc c:/users/soran/appdata/roaming/code/user/globalstorage/bmd.stm32-for-vscode/@xpack-dev-tools/arm-none-eabi-gcc/12.2.1-1.2.1/.content/bin/../lib/gcc/arm-none-eabi/12.2.1/../../../../arm-none-eabi/lib/thumb/v8-m.main+fp/hard\libc.a(libc_a-mprec.o)
 *fill*         0x000000000800b5ec        0x4 
 .rodata.__mprec_bigtens
                0x000000000800b5f0       0x28 c:/users/soran/appdata/roaming/code/user/globalstorage/bmd.stm32-for-vscode/@xpack-dev-tools/arm-none-eabi-gcc/12.2.1-1.2.1/.content/bin/../lib/gcc/arm-none-eabi/12.2.1/../../../../arm-none-eabi/lib/thumb/v8-m.main+fp/hard\libc.a(libc_a-mprec.o)
                0x000000000800b5f0                __mprec_bigtens
 .rodata.__mprec_tens
                0x000000000800b618       0xc8 c:/users/soran/appdata/roaming/code/user/globalstorage/bmd.stm32-for-vscode/@xpack-dev-tools/arm-none-eabi-gcc/12.2.1-1.2.1/.content/bin/../lib/gcc/arm-none-eabi/12.2.1/../../../../arm-none-eabi/lib/thumb/v8-m.main+fp/hard\libc.a(libc_a-mprec.o)
                0x000000000800b618                __mprec_tens
 .rodata._ctype_
                0x000000000800b6e0      0x101 c:/users/soran/appdata/roaming/code/user/globalstorage/bmd.stm32-for-vscode/@xpack-dev-tools/arm-none-eabi-gcc/12.2.1-1.2.1/.content/bin/../lib/gcc/arm-none-eabi/12.2.1/../../../../arm-none-eabi/lib/thumb/v8-m.main+fp/hard\libc.a(libc_a-ctype_.o)
                0x000000000800b6e0                _ctype_
 *fill*         0x000000000800b7e1        0x3 
 .rodata.__assert_func.str1.4
                0x000000000800b7e4       0x3f c:/users/soran/appdata/roaming/code/user/globalstorage/bmd.stm32-for-vscode/@xpack-dev-tools/arm-none-eabi-gcc/12.2.1-1.2.1/.content/bin/../lib/gcc/arm-none-eabi/12.2.1/../../../../arm-none-eabi/lib/thumb/v8-m.main+fp/hard\libc.a(libc_a-assert.o)
                                         0x43 (size before relaxing)

.rel.dyn        0x000000000800b824        0x0
 .rel.iplt      0x000000000800b824        0x0 c:/users/soran/appdata/roaming/code/user/globalstorage/bmd.stm32-for-vscode/@xpack-dev-tools/arm-none-eabi-gcc/12.2.1-1.2.1/.content/bin/../lib/gcc/arm-none-eabi/12.2.1/thumb/v8-m.main+fp/hard/crtbegin.o

.ARM.extab
 *(.ARM.extab* .gnu.linkonce.armextab.*)

.ARM            0x000000000800b823        0x0
                0x000000000800b823                __exidx_start = .
 *(.ARM.exidx*)
                0x000000000800b823                __exidx_end = .

.preinit_array  0x000000000800b823        0x0
                0x000000000800b823                PROVIDE (__preinit_array_start = .)
 *(.preinit_array*)
                0x000000000800b823                PROVIDE (__preinit_array_end = .)

.init_array     0x000000000800b824        0x8
                0x000000000800b824                PROVIDE (__init_array_start = .)
 *(SORT_BY_NAME(.init_array.*))
 .init_array.00000
                0x000000000800b824        0x4 c:/users/soran/appdata/roaming/code/user/globalstorage/bmd.stm32-for-vscode/@xpack-dev-tools/arm-none-eabi-gcc/12.2.1-1.2.1/.content/bin/../lib/gcc/arm-none-eabi/12.2.1/../../../../arm-none-eabi/lib/thumb/v8-m.main+fp/hard\libc.a(libc_a-__call_atexit.o)
 *(.init_array*)
 .init_array    0x000000000800b828        0x4 c:/users/soran/appdata/roaming/code/user/globalstorage/bmd.stm32-for-vscode/@xpack-dev-tools/arm-none-eabi-gcc/12.2.1-1.2.1/.content/bin/../lib/gcc/arm-none-eabi/12.2.1/thumb/v8-m.main+fp/hard/crtbegin.o
                0x000000000800b82c                PROVIDE (__init_array_end = .)

.fini_array     0x000000000800b82c        0x4
                0x000000000800b82c                PROVIDE (__fini_array_start = .)
 *(SORT_BY_NAME(.fini_array.*))
 *(.fini_array*)
 .fini_array    0x000000000800b82c        0x4 c:/users/soran/appdata/roaming/code/user/globalstorage/bmd.stm32-for-vscode/@xpack-dev-tools/arm-none-eabi-gcc/12.2.1-1.2.1/.content/bin/../lib/gcc/arm-none-eabi/12.2.1/thumb/v8-m.main+fp/hard/crtbegin.o
                0x000000000800b830                PROVIDE (__fini_array_end = .)
                0x000000000800b830                _sidata = LOADADDR (.data)

.data           0x0000000020000000      0x6c4 load address 0x000000000800b830
                0x0000000020000000                _sdata = .
 *(.data)
 *(.data*)
 .data.uwTickFreq
                0x0000000020000000        0x1 build/stm32u5xx_hal.o
                0x0000000020000000                uwTickFreq
 *fill*         0x0000000020000001        0x3 
 .data.uwTickPrio
                0x0000000020000004        0x4 build/stm32u5xx_hal.o
                0x0000000020000004                uwTickPrio
 .data.SystemCoreClock
                0x0000000020000008        0x4 build/system_stm32u5xx.o
                0x0000000020000008                SystemCoreClock
 .data.__sglue  0x000000002000000c        0xc c:/users/soran/appdata/roaming/code/user/globalstorage/bmd.stm32-for-vscode/@xpack-dev-tools/arm-none-eabi-gcc/12.2.1-1.2.1/.content/bin/../lib/gcc/arm-none-eabi/12.2.1/../../../../arm-none-eabi/lib/thumb/v8-m.main+fp/hard\libc.a(libc_a-findfp.o)
                0x000000002000000c                __sglue
 .data._impure_ptr
                0x0000000020000018        0x4 c:/users/soran/appdata/roaming/code/user/globalstorage/bmd.stm32-for-vscode/@xpack-dev-tools/arm-none-eabi-gcc/12.2.1-1.2.1/.content/bin/../lib/gcc/arm-none-eabi/12.2.1/../../../../arm-none-eabi/lib/thumb/v8-m.main+fp/hard\libc.a(libc_a-impure.o)
                0x0000000020000018                _impure_ptr
 *fill*         0x000000002000001c        0x4 
 .data._impure_data
                0x0000000020000020      0x120 c:/users/soran/appdata/roaming/code/user/globalstorage/bmd.stm32-for-vscode/@xpack-dev-tools/arm-none-eabi-gcc/12.2.1-1.2.1/.content/bin/../lib/gcc/arm-none-eabi/12.2.1/../../../../arm-none-eabi/lib/thumb/v8-m.main+fp/hard\libc.a(libc_a-impure.o)
                0x0000000020000020                _impure_data
 .data.__atexit_recursive_mutex
                0x0000000020000140        0x4 c:/users/soran/appdata/roaming/code/user/globalstorage/bmd.stm32-for-vscode/@xpack-dev-tools/arm-none-eabi-gcc/12.2.1-1.2.1/.content/bin/../lib/gcc/arm-none-eabi/12.2.1/../../../../arm-none-eabi/lib/thumb/v8-m.main+fp/hard\libc.a(libc_a-__call_atexit.o)
                0x0000000020000140                __atexit_recursive_mutex
 .data.__malloc_sbrk_base
                0x0000000020000144        0x4 c:/users/soran/appdata/roaming/code/user/globalstorage/bmd.stm32-for-vscode/@xpack-dev-tools/arm-none-eabi-gcc/12.2.1-1.2.1/.content/bin/../lib/gcc/arm-none-eabi/12.2.1/../../../../arm-none-eabi/lib/thumb/v8-m.main+fp/hard\libc.a(libc_a-mallocr.o)
                0x0000000020000144                __malloc_sbrk_base
 .data.__malloc_trim_threshold
                0x0000000020000148        0x4 c:/users/soran/appdata/roaming/code/user/globalstorage/bmd.stm32-for-vscode/@xpack-dev-tools/arm-none-eabi-gcc/12.2.1-1.2.1/.content/bin/../lib/gcc/arm-none-eabi/12.2.1/../../../../arm-none-eabi/lib/thumb/v8-m.main+fp/hard\libc.a(libc_a-mallocr.o)
                0x0000000020000148                __malloc_trim_threshold
 *fill*         0x000000002000014c        0x4 
 .data.__malloc_av_
                0x0000000020000150      0x408 c:/users/soran/appdata/roaming/code/user/globalstorage/bmd.stm32-for-vscode/@xpack-dev-tools/arm-none-eabi-gcc/12.2.1-1.2.1/.content/bin/../lib/gcc/arm-none-eabi/12.2.1/../../../../arm-none-eabi/lib/thumb/v8-m.main+fp/hard\libc.a(libc_a-mallocr.o)
                0x0000000020000150                __malloc_av_
 .data.__global_locale
                0x0000000020000558      0x16c c:/users/soran/appdata/roaming/code/user/globalstorage/bmd.stm32-for-vscode/@xpack-dev-tools/arm-none-eabi-gcc/12.2.1-1.2.1/.content/bin/../lib/gcc/arm-none-eabi/12.2.1/../../../../arm-none-eabi/lib/thumb/v8-m.main+fp/hard\libc.a(libc_a-locale.o)
                0x0000000020000558                __global_locale
 *(.RamFunc)
 *(.RamFunc*)
                0x00000000200006c4                _edata = .

.igot.plt       0x00000000200006c4        0x0 load address 0x000000000800bef4
 .igot.plt      0x00000000200006c4        0x0 c:/users/soran/appdata/roaming/code/user/globalstorage/bmd.stm32-for-vscode/@xpack-dev-tools/arm-none-eabi-gcc/12.2.1-1.2.1/.content/bin/../lib/gcc/arm-none-eabi/12.2.1/thumb/v8-m.main+fp/hard/crtbegin.o

.bss            0x00000000200006c4      0x4a8 load address 0x000000000800bef4
                0x00000000200006c4                _sbss = .
                0x00000000200006c4                __bss_start__ = _sbss
 *(.bss)
 *(.bss*)
 .bss.completed.1
                0x00000000200006c4        0x1 c:/users/soran/appdata/roaming/code/user/globalstorage/bmd.stm32-for-vscode/@xpack-dev-tools/arm-none-eabi-gcc/12.2.1-1.2.1/.content/bin/../lib/gcc/arm-none-eabi/12.2.1/thumb/v8-m.main+fp/hard/crtbegin.o
 *fill*         0x00000000200006c5        0x3 
 .bss.object.0  0x00000000200006c8       0x18 c:/users/soran/appdata/roaming/code/user/globalstorage/bmd.stm32-for-vscode/@xpack-dev-tools/arm-none-eabi-gcc/12.2.1-1.2.1/.content/bin/../lib/gcc/arm-none-eabi/12.2.1/thumb/v8-m.main+fp/hard/crtbegin.o
 .bss.uwTick    0x00000000200006e0        0x4 build/stm32u5xx_hal.o
                0x00000000200006e0                uwTick
 .bss.ADCQueue  0x00000000200006e4       0x18 build/linked_list.o
                0x00000000200006e4                ADCQueue
 .bss.ADCNode   0x00000000200006fc       0x24 build/linked_list.o
                0x00000000200006fc                ADCNode
 .bss.aADCxConvertedData
                0x0000000020000720       0x30 build/main.o
                0x0000000020000720                aADCxConvertedData
 .bss.handle_GPDMA1_Channel10
                0x0000000020000750       0x78 build/main.o
                0x0000000020000750                handle_GPDMA1_Channel10
 .bss.hadc1     0x00000000200007c8       0x8c build/main.o
                0x00000000200007c8                hadc1
 .bss.__sf      0x0000000020000854      0x138 c:/users/soran/appdata/roaming/code/user/globalstorage/bmd.stm32-for-vscode/@xpack-dev-tools/arm-none-eabi-gcc/12.2.1-1.2.1/.content/bin/../lib/gcc/arm-none-eabi/12.2.1/../../../../arm-none-eabi/lib/thumb/v8-m.main+fp/hard\libc.a(libc_a-findfp.o)
                0x0000000020000854                __sf
 .bss.__stdio_exit_handler
                0x000000002000098c        0x4 c:/users/soran/appdata/roaming/code/user/globalstorage/bmd.stm32-for-vscode/@xpack-dev-tools/arm-none-eabi-gcc/12.2.1-1.2.1/.content/bin/../lib/gcc/arm-none-eabi/12.2.1/../../../../arm-none-eabi/lib/thumb/v8-m.main+fp/hard\libc.a(libc_a-findfp.o)
                0x000000002000098c                __stdio_exit_handler
 .bss.errno     0x0000000020000990        0x4 c:/users/soran/appdata/roaming/code/user/globalstorage/bmd.stm32-for-vscode/@xpack-dev-tools/arm-none-eabi-gcc/12.2.1-1.2.1/.content/bin/../lib/gcc/arm-none-eabi/12.2.1/../../../../arm-none-eabi/lib/thumb/v8-m.main+fp/hard\libc.a(libc_a-reent.o)
                0x0000000020000990                errno
 .bss.__lock___malloc_recursive_mutex
                0x0000000020000994        0x1 c:/users/soran/appdata/roaming/code/user/globalstorage/bmd.stm32-for-vscode/@xpack-dev-tools/arm-none-eabi-gcc/12.2.1-1.2.1/.content/bin/../lib/gcc/arm-none-eabi/12.2.1/../../../../arm-none-eabi/lib/thumb/v8-m.main+fp/hard\libc.a(libc_a-lock.o)
                0x0000000020000994                __lock___malloc_recursive_mutex
 *fill*         0x0000000020000995        0x3 
 .bss.__lock___atexit_recursive_mutex
                0x0000000020000998        0x1 c:/users/soran/appdata/roaming/code/user/globalstorage/bmd.stm32-for-vscode/@xpack-dev-tools/arm-none-eabi-gcc/12.2.1-1.2.1/.content/bin/../lib/gcc/arm-none-eabi/12.2.1/../../../../arm-none-eabi/lib/thumb/v8-m.main+fp/hard\libc.a(libc_a-lock.o)
                0x0000000020000998                __lock___atexit_recursive_mutex
 *fill*         0x0000000020000999        0x3 
 .bss.__lock___sfp_recursive_mutex
                0x000000002000099c        0x1 c:/users/soran/appdata/roaming/code/user/globalstorage/bmd.stm32-for-vscode/@xpack-dev-tools/arm-none-eabi-gcc/12.2.1-1.2.1/.content/bin/../lib/gcc/arm-none-eabi/12.2.1/../../../../arm-none-eabi/lib/thumb/v8-m.main+fp/hard\libc.a(libc_a-lock.o)
                0x000000002000099c                __lock___sfp_recursive_mutex
 *fill*         0x000000002000099d        0x3 
 .bss.__atexit0
                0x00000000200009a0      0x190 c:/users/soran/appdata/roaming/code/user/globalstorage/bmd.stm32-for-vscode/@xpack-dev-tools/arm-none-eabi-gcc/12.2.1-1.2.1/.content/bin/../lib/gcc/arm-none-eabi/12.2.1/../../../../arm-none-eabi/lib/thumb/v8-m.main+fp/hard\libc.a(libc_a-__atexit.o)
                0x00000000200009a0                __atexit0
 .bss.__atexit  0x0000000020000b30        0x4 c:/users/soran/appdata/roaming/code/user/globalstorage/bmd.stm32-for-vscode/@xpack-dev-tools/arm-none-eabi-gcc/12.2.1-1.2.1/.content/bin/../lib/gcc/arm-none-eabi/12.2.1/../../../../arm-none-eabi/lib/thumb/v8-m.main+fp/hard\libc.a(libc_a-__call_atexit.o)
                0x0000000020000b30                __atexit
 .bss.__malloc_current_mallinfo
                0x0000000020000b34       0x28 c:/users/soran/appdata/roaming/code/user/globalstorage/bmd.stm32-for-vscode/@xpack-dev-tools/arm-none-eabi-gcc/12.2.1-1.2.1/.content/bin/../lib/gcc/arm-none-eabi/12.2.1/../../../../arm-none-eabi/lib/thumb/v8-m.main+fp/hard\libc.a(libc_a-mallocr.o)
                0x0000000020000b34                __malloc_current_mallinfo
 .bss.__malloc_max_total_mem
                0x0000000020000b5c        0x4 c:/users/soran/appdata/roaming/code/user/globalstorage/bmd.stm32-for-vscode/@xpack-dev-tools/arm-none-eabi-gcc/12.2.1-1.2.1/.content/bin/../lib/gcc/arm-none-eabi/12.2.1/../../../../arm-none-eabi/lib/thumb/v8-m.main+fp/hard\libc.a(libc_a-mallocr.o)
                0x0000000020000b5c                __malloc_max_total_mem
 .bss.__malloc_max_sbrked_mem
                0x0000000020000b60        0x4 c:/users/soran/appdata/roaming/code/user/globalstorage/bmd.stm32-for-vscode/@xpack-dev-tools/arm-none-eabi-gcc/12.2.1-1.2.1/.content/bin/../lib/gcc/arm-none-eabi/12.2.1/../../../../arm-none-eabi/lib/thumb/v8-m.main+fp/hard\libc.a(libc_a-mallocr.o)
                0x0000000020000b60                __malloc_max_sbrked_mem
 .bss.__malloc_top_pad
                0x0000000020000b64        0x4 c:/users/soran/appdata/roaming/code/user/globalstorage/bmd.stm32-for-vscode/@xpack-dev-tools/arm-none-eabi-gcc/12.2.1-1.2.1/.content/bin/../lib/gcc/arm-none-eabi/12.2.1/../../../../arm-none-eabi/lib/thumb/v8-m.main+fp/hard\libc.a(libc_a-mallocr.o)
                0x0000000020000b64                __malloc_top_pad
 .bss.heap_end.0
                0x0000000020000b68        0x4 c:/users/soran/appdata/roaming/code/user/globalstorage/bmd.stm32-for-vscode/@xpack-dev-tools/arm-none-eabi-gcc/12.2.1-1.2.1/.content/bin/../lib/gcc/arm-none-eabi/12.2.1/../../../../arm-none-eabi/lib/thumb/v8-m.main+fp/hard\libnosys.a(sbrk.o)
 *(COMMON)
                0x0000000020000b6c                _ebss = .
                0x0000000020000b6c                __bss_end__ = _ebss

._user_heap_stack
                0x0000000020000b6c      0x604 load address 0x000000000800bef4
                0x0000000020000b70                . = ALIGN (0x8)
 *fill*         0x0000000020000b6c        0x4 
                0x0000000020000b70                PROVIDE (end = .)
                [!provide]                        PROVIDE (_end = .)
                0x0000000020000d70                . = (. + _Min_Heap_Size)
 *fill*         0x0000000020000b70      0x200 
                0x0000000020001170                . = (. + _Min_Stack_Size)
 *fill*         0x0000000020000d70      0x400 
                0x0000000020001170                . = ALIGN (0x8)

/DISCARD/
 libc.a(*)
 libm.a(*)
 libgcc.a(*)

.ARM.attributes
                0x0000000000000000       0x36
 *(.ARM.attributes)
 .ARM.attributes
                0x0000000000000000       0x26 c:/users/soran/appdata/roaming/code/user/globalstorage/bmd.stm32-for-vscode/@xpack-dev-tools/arm-none-eabi-gcc/12.2.1-1.2.1/.content/bin/../lib/gcc/arm-none-eabi/12.2.1/thumb/v8-m.main+fp/hard/crti.o
 .ARM.attributes
                0x0000000000000026       0x38 c:/users/soran/appdata/roaming/code/user/globalstorage/bmd.stm32-for-vscode/@xpack-dev-tools/arm-none-eabi-gcc/12.2.1-1.2.1/.content/bin/../lib/gcc/arm-none-eabi/12.2.1/thumb/v8-m.main+fp/hard/crtbegin.o
 .ARM.attributes
                0x000000000000005e       0x3a build/stm32u5xx_hal.o
 .ARM.attributes
                0x0000000000000098       0x3a build/stm32u5xx_hal_adc.o
 .ARM.attributes
                0x00000000000000d2       0x3a build/stm32u5xx_hal_cortex.o
 .ARM.attributes
                0x000000000000010c       0x3a build/stm32u5xx_hal_dma.o
 .ARM.attributes
                0x0000000000000146       0x3a build/stm32u5xx_hal_dma_ex.o
 .ARM.attributes
                0x0000000000000180       0x3a build/stm32u5xx_hal_gpio.o
 .ARM.attributes
                0x00000000000001ba       0x3a build/stm32u5xx_hal_icache.o
 .ARM.attributes
                0x00000000000001f4       0x3a build/stm32u5xx_hal_pwr_ex.o
 .ARM.attributes
                0x000000000000022e       0x3a build/stm32u5xx_hal_rcc.o
 .ARM.attributes
                0x0000000000000268       0x3a build/stm32u5xx_hal_rcc_ex.o
 .ARM.attributes
                0x00000000000002a2       0x3a build/linked_list.o
 .ARM.attributes
                0x00000000000002dc       0x3a build/main.o
 .ARM.attributes
                0x0000000000000316       0x3a build/stm32u5xx_hal_msp.o
 .ARM.attributes
                0x0000000000000350       0x3a build/stm32u5xx_it.o
 .ARM.attributes
                0x000000000000038a       0x3a build/system_stm32u5xx.o
 .ARM.attributes
                0x00000000000003c4       0x24 build/startup_stm32u575zitxq.o
 .ARM.attributes
                0x00000000000003e8       0x38 c:/users/soran/appdata/roaming/code/user/globalstorage/bmd.stm32-for-vscode/@xpack-dev-tools/arm-none-eabi-gcc/12.2.1-1.2.1/.content/bin/../lib/gcc/arm-none-eabi/12.2.1/../../../../arm-none-eabi/lib/thumb/v8-m.main+fp/hard\libc.a(libc_a-atexit.o)
 .ARM.attributes
                0x0000000000000420       0x38 c:/users/soran/appdata/roaming/code/user/globalstorage/bmd.stm32-for-vscode/@xpack-dev-tools/arm-none-eabi-gcc/12.2.1-1.2.1/.content/bin/../lib/gcc/arm-none-eabi/12.2.1/../../../../arm-none-eabi/lib/thumb/v8-m.main+fp/hard\libc.a(libc_a-findfp.o)
 .ARM.attributes
                0x0000000000000458       0x38 c:/users/soran/appdata/roaming/code/user/globalstorage/bmd.stm32-for-vscode/@xpack-dev-tools/arm-none-eabi-gcc/12.2.1-1.2.1/.content/bin/../lib/gcc/arm-none-eabi/12.2.1/../../../../arm-none-eabi/lib/thumb/v8-m.main+fp/hard\libc.a(libc_a-fwalk.o)
 .ARM.attributes
                0x0000000000000490       0x38 c:/users/soran/appdata/roaming/code/user/globalstorage/bmd.stm32-for-vscode/@xpack-dev-tools/arm-none-eabi-gcc/12.2.1-1.2.1/.content/bin/../lib/gcc/arm-none-eabi/12.2.1/../../../../arm-none-eabi/lib/thumb/v8-m.main+fp/hard\libc.a(libc_a-printf.o)
 .ARM.attributes
                0x00000000000004c8       0x38 c:/users/soran/appdata/roaming/code/user/globalstorage/bmd.stm32-for-vscode/@xpack-dev-tools/arm-none-eabi-gcc/12.2.1-1.2.1/.content/bin/../lib/gcc/arm-none-eabi/12.2.1/../../../../arm-none-eabi/lib/thumb/v8-m.main+fp/hard\libc.a(libc_a-stdio.o)
 .ARM.attributes
                0x0000000000000500       0x38 c:/users/soran/appdata/roaming/code/user/globalstorage/bmd.stm32-for-vscode/@xpack-dev-tools/arm-none-eabi-gcc/12.2.1-1.2.1/.content/bin/../lib/gcc/arm-none-eabi/12.2.1/../../../../arm-none-eabi/lib/thumb/v8-m.main+fp/hard\libc.a(libc_a-memset.o)
 .ARM.attributes
                0x0000000000000538       0x38 c:/users/soran/appdata/roaming/code/user/globalstorage/bmd.stm32-for-vscode/@xpack-dev-tools/arm-none-eabi-gcc/12.2.1-1.2.1/.content/bin/../lib/gcc/arm-none-eabi/12.2.1/../../../../arm-none-eabi/lib/thumb/v8-m.main+fp/hard\libc.a(libc_a-closer.o)
 .ARM.attributes
                0x0000000000000570       0x38 c:/users/soran/appdata/roaming/code/user/globalstorage/bmd.stm32-for-vscode/@xpack-dev-tools/arm-none-eabi-gcc/12.2.1-1.2.1/.content/bin/../lib/gcc/arm-none-eabi/12.2.1/../../../../arm-none-eabi/lib/thumb/v8-m.main+fp/hard\libc.a(libc_a-reent.o)
 .ARM.attributes
                0x00000000000005a8       0x38 c:/users/soran/appdata/roaming/code/user/globalstorage/bmd.stm32-for-vscode/@xpack-dev-tools/arm-none-eabi-gcc/12.2.1-1.2.1/.content/bin/../lib/gcc/arm-none-eabi/12.2.1/../../../../arm-none-eabi/lib/thumb/v8-m.main+fp/hard\libc.a(libc_a-impure.o)
 .ARM.attributes
                0x00000000000005e0       0x38 c:/users/soran/appdata/roaming/code/user/globalstorage/bmd.stm32-for-vscode/@xpack-dev-tools/arm-none-eabi-gcc/12.2.1-1.2.1/.content/bin/../lib/gcc/arm-none-eabi/12.2.1/../../../../arm-none-eabi/lib/thumb/v8-m.main+fp/hard\libc.a(libc_a-lseekr.o)
 .ARM.attributes
                0x0000000000000618       0x38 c:/users/soran/appdata/roaming/code/user/globalstorage/bmd.stm32-for-vscode/@xpack-dev-tools/arm-none-eabi-gcc/12.2.1-1.2.1/.content/bin/../lib/gcc/arm-none-eabi/12.2.1/../../../../arm-none-eabi/lib/thumb/v8-m.main+fp/hard\libc.a(libc_a-readr.o)
 .ARM.attributes
                0x0000000000000650       0x38 c:/users/soran/appdata/roaming/code/user/globalstorage/bmd.stm32-for-vscode/@xpack-dev-tools/arm-none-eabi-gcc/12.2.1-1.2.1/.content/bin/../lib/gcc/arm-none-eabi/12.2.1/../../../../arm-none-eabi/lib/thumb/v8-m.main+fp/hard\libc.a(libc_a-writer.o)
 .ARM.attributes
                0x0000000000000688       0x38 c:/users/soran/appdata/roaming/code/user/globalstorage/bmd.stm32-for-vscode/@xpack-dev-tools/arm-none-eabi-gcc/12.2.1-1.2.1/.content/bin/../lib/gcc/arm-none-eabi/12.2.1/../../../../arm-none-eabi/lib/thumb/v8-m.main+fp/hard\libc.a(libc_a-init.o)
 .ARM.attributes
                0x00000000000006c0       0x38 c:/users/soran/appdata/roaming/code/user/globalstorage/bmd.stm32-for-vscode/@xpack-dev-tools/arm-none-eabi-gcc/12.2.1-1.2.1/.content/bin/../lib/gcc/arm-none-eabi/12.2.1/../../../../arm-none-eabi/lib/thumb/v8-m.main+fp/hard\libc.a(libc_a-fini.o)
 .ARM.attributes
                0x00000000000006f8       0x38 c:/users/soran/appdata/roaming/code/user/globalstorage/bmd.stm32-for-vscode/@xpack-dev-tools/arm-none-eabi-gcc/12.2.1-1.2.1/.content/bin/../lib/gcc/arm-none-eabi/12.2.1/../../../../arm-none-eabi/lib/thumb/v8-m.main+fp/hard\libc.a(libc_a-lock.o)
 .ARM.attributes
                0x0000000000000730       0x38 c:/users/soran/appdata/roaming/code/user/globalstorage/bmd.stm32-for-vscode/@xpack-dev-tools/arm-none-eabi-gcc/12.2.1-1.2.1/.content/bin/../lib/gcc/arm-none-eabi/12.2.1/../../../../arm-none-eabi/lib/thumb/v8-m.main+fp/hard\libc.a(libc_a-__atexit.o)
 .ARM.attributes
                0x0000000000000768       0x38 c:/users/soran/appdata/roaming/code/user/globalstorage/bmd.stm32-for-vscode/@xpack-dev-tools/arm-none-eabi-gcc/12.2.1-1.2.1/.content/bin/../lib/gcc/arm-none-eabi/12.2.1/../../../../arm-none-eabi/lib/thumb/v8-m.main+fp/hard\libc.a(libc_a-__call_atexit.o)
 .ARM.attributes