Archive member included to satisfy reference by file (symbol)

c:/users/soran/appdata/roaming/code/user/globalstorage/bmd.stm32-for-vscode/@xpack-dev-tools/arm-none-eabi-gcc/12.2.1-1.2.1/.content/bin/../lib/gcc/arm-none-eabi/12.2.1/../../../../arm-none-eabi/lib/thumb/v8-m.main+fp/hard\libc.a(libc_a-atexit.o)
                              c:/users/soran/appdata/roaming/code/user/globalstorage/bmd.stm32-for-vscode/@xpack-dev-tools/arm-none-eabi-gcc/12.2.1-1.2.1/.content/bin/../lib/gcc/arm-none-eabi/12.2.1/../../../../arm-none-eabi/lib/thumb/v8-m.main+fp/hard/crt0.o (atexit)
c:/users/soran/appdata/roaming/code/user/globalstorage/bmd.stm32-for-vscode/@xpack-dev-tools/arm-none-eabi-gcc/12.2.1-1.2.1/.content/bin/../lib/gcc/arm-none-eabi/12.2.1/../../../../arm-none-eabi/lib/thumb/v8-m.main+fp/hard\libc.a(libc_a-exit.o)
                              c:/users/soran/appdata/roaming/code/user/globalstorage/bmd.stm32-for-vscode/@xpack-dev-tools/arm-none-eabi-gcc/12.2.1-1.2.1/.content/bin/../lib/gcc/arm-none-eabi/12.2.1/../../../../arm-none-eabi/lib/thumb/v8-m.main+fp/hard/crt0.o (exit)
c:/users/soran/appdata/roaming/code/user/globalstorage/bmd.stm32-for-vscode/@xpack-dev-tools/arm-none-eabi-gcc/12.2.1-1.2.1/.content/bin/../lib/gcc/arm-none-eabi/12.2.1/../../../../arm-none-eabi/lib/thumb/v8-m.main+fp/hard\libc.a(libc_a-findfp.o)
                              c:/users/soran/appdata/roaming/code/user/globalstorage/bmd.stm32-for-vscode/@xpack-dev-tools/arm-none-eabi-gcc/12.2.1-1.2.1/.content/bin/../lib/gcc/arm-none-eabi/12.2.1/../../../../arm-none-eabi/lib/thumb/v8-m.main+fp/hard\libc.a(libc_a-exit.o) (__stdio_exit_handler)
c:/users/soran/appdata/roaming/code/user/globalstorage/bmd.stm32-for-vscode/@xpack-dev-tools/arm-none-eabi-gcc/12.2.1-1.2.1/.content/bin/../lib/gcc/arm-none-eabi/12.2.1/../../../../arm-none-eabi/lib/thumb/v8-m.main+fp/hard\libc.a(libc_a-fwalk.o)
                              c:/users/soran/appdata/roaming/code/user/globalstorage/bmd.stm32-for-vscode/@xpack-dev-tools/arm-none-eabi-gcc/12.2.1-1.2.1/.content/bin/../lib/gcc/arm-none-eabi/12.2.1/../../../../arm-none-eabi/lib/thumb/v8-m.main+fp/hard\libc.a(libc_a-findfp.o) (_fwalk_sglue)
c:/users/soran/appdata/roaming/code/user/globalstorage/bmd.stm32-for-vscode/@xpack-dev-tools/arm-none-eabi-gcc/12.2.1-1.2.1/.content/bin/../lib/gcc/arm-none-eabi/12.2.1/../../../../arm-none-eabi/lib/thumb/v8-m.main+fp/hard\libc.a(libc_a-printf.o)
                              build/main.o (printf)
c:/users/soran/appdata/roaming/code/user/globalstorage/bmd.stm32-for-vscode/@xpack-dev-tools/arm-none-eabi-gcc/12.2.1-1.2.1/.content/bin/../lib/gcc/arm-none-eabi/12.2.1/../../../../arm-none-eabi/lib/thumb/v8-m.main+fp/hard\libc.a(libc_a-sprintf.o)
                              build/main.o (sprintf)
c:/users/soran/appdata/roaming/code/user/globalstorage/bmd.stm32-for-vscode/@xpack-dev-tools/arm-none-eabi-gcc/12.2.1-1.2.1/.content/bin/../lib/gcc/arm-none-eabi/12.2.1/../../../../arm-none-eabi/lib/thumb/v8-m.main+fp/hard\libc.a(libc_a-stdio.o)
                              c:/users/soran/appdata/roaming/code/user/globalstorage/bmd.stm32-for-vscode/@xpack-dev-tools/arm-none-eabi-gcc/12.2.1-1.2.1/.content/bin/../lib/gcc/arm-none-eabi/12.2.1/../../../../arm-none-eabi/lib/thumb/v8-m.main+fp/hard\libc.a(libc_a-findfp.o) (__sread)
c:/users/soran/appdata/roaming/code/user/globalstorage/bmd.stm32-for-vscode/@xpack-dev-tools/arm-none-eabi-gcc/12.2.1-1.2.1/.content/bin/../lib/gcc/arm-none-eabi/12.2.1/../../../../arm-none-eabi/lib/thumb/v8-m.main+fp/hard\libc.a(libc_a-memset.o)
                              c:/users/soran/appdata/roaming/code/user/globalstorage/bmd.stm32-for-vscode/@xpack-dev-tools/arm-none-eabi-gcc/12.2.1-1.2.1/.content/bin/../lib/gcc/arm-none-eabi/12.2.1/../../../../arm-none-eabi/lib/thumb/v8-m.main+fp/hard/crt0.o (memset)
c:/users/soran/appdata/roaming/code/user/globalstorage/bmd.stm32-for-vscode/@xpack-dev-tools/arm-none-eabi-gcc/12.2.1-1.2.1/.content/bin/../lib/gcc/arm-none-eabi/12.2.1/../../../../arm-none-eabi/lib/thumb/v8-m.main+fp/hard\libc.a(libc_a-closer.o)
                              c:/users/soran/appdata/roaming/code/user/globalstorage/bmd.stm32-for-vscode/@xpack-dev-tools/arm-none-eabi-gcc/12.2.1-1.2.1/.content/bin/../lib/gcc/arm-none-eabi/12.2.1/../../../../arm-none-eabi/lib/thumb/v8-m.main+fp/hard\libc.a(libc_a-stdio.o) (_close_r)
c:/users/soran/appdata/roaming/code/user/globalstorage/bmd.stm32-for-vscode/@xpack-dev-tools/arm-none-eabi-gcc/12.2.1-1.2.1/.content/bin/../lib/gcc/arm-none-eabi/12.2.1/../../../../arm-none-eabi/lib/thumb/v8-m.main+fp/hard\libc.a(libc_a-reent.o)
                              c:/users/soran/appdata/roaming/code/user/globalstorage/bmd.stm32-for-vscode/@xpack-dev-tools/arm-none-eabi-gcc/12.2.1-1.2.1/.content/bin/../lib/gcc/arm-none-eabi/12.2.1/../../../../arm-none-eabi/lib/thumb/v8-m.main+fp/hard\libc.a(libc_a-closer.o) (errno)
[...]
Memory Configuration

Name             Origin             Length             Attributes
RAM              0x0000000020000000 0x00000000000c0000 xrw
FLASH            0x0000000008000000 0x0000000000200000 xr
*default*        0x0000000000000000 0xffffffffffffffff

Linker script and memory map

LOAD c:/users/soran/appdata/roaming/code/user/globalstorage/bmd.stm32-for-vscode/@xpack-dev-tools/arm-none-eabi-gcc/12.2.1-1.2.1/.content/bin/../lib/gcc/arm-none-eabi/12.2.1/thumb/v8-m.main+fp/hard/crti.o
LOAD c:/users/soran/appdata/roaming/code/user/globalstorage/bmd.stm32-for-vscode/@xpack-dev-tools/arm-none-eabi-gcc/12.2.1-1.2.1/.content/bin/../lib/gcc/arm-none-eabi/12.2.1/thumb/v8-m.main+fp/hard/crtbegin.o
LOAD c:/users/soran/appdata/roaming/code/user/globalstorage/bmd.stm32-for-vscode/@xpack-dev-tools/arm-none-eabi-gcc/12.2.1-1.2.1/.content/bin/../lib/gcc/arm-none-eabi/12.2.1/../../../../arm-none-eabi/lib/thumb/v8-m.main+fp/hard/crt0.o
LOAD build/stm32u5xx_nucleo.o
LOAD build/stm32u5xx_hal.o
LOAD build/stm32u5xx_hal_adc.o
LOAD build/stm32u5xx_hal_adc_ex.o
LOAD build/stm32u5xx_hal_cortex.o
LOAD build/stm32u5xx_hal_dma.o
LOAD build/stm32u5xx_hal_dma_ex.o
LOAD build/stm32u5xx_hal_exti.o
LOAD build/stm32u5xx_hal_flash.o
LOAD build/stm32u5xx_hal_flash_ex.o
LOAD build/stm32u5xx_hal_gpio.o
LOAD build/stm32u5xx_hal_gtzc.o
LOAD build/stm32u5xx_hal_i2c.o
LOAD build/stm32u5xx_hal_i2c_ex.o
LOAD build/stm32u5xx_hal_icache.o
LOAD build/stm32u5xx_hal_pwr.o
LOAD build/stm32u5xx_hal_pwr_ex.o
LOAD build/stm32u5xx_hal_rcc.o
LOAD build/stm32u5xx_hal_rcc_ex.o
LOAD build/stm32u5xx_hal_tim.o
LOAD build/stm32u5xx_hal_tim_ex.o
LOAD build/linked_list.o
LOAD build/main.o
LOAD build/stm32u5xx_hal_msp.o
LOAD build/stm32u5xx_it.o
LOAD build/system_stm32u5xx.o
LOAD build/startup_stm32u575zitxq.o
LOAD c:/users/soran/appdata/roaming/code/user/globalstorage/bmd.stm32-for-vscode/@xpack-dev-tools/arm-none-eabi-gcc/12.2.1-1.2.1/.content/bin/../lib/gcc/arm-none-eabi/12.2.1/../../../../arm-none-eabi/lib/thumb/v8-m.main+fp/hard\libc.a
LOAD c:/users/soran/appdata/roaming/code/user/globalstorage/bmd.stm32-for-vscode/@xpack-dev-tools/arm-none-eabi-gcc/12.2.1-1.2.1/.content/bin/../lib/gcc/arm-none-eabi/12.2.1/../../../../arm-none-eabi/lib/thumb/v8-m.main+fp/hard\libm.a
LOAD c:/users/soran/appdata/roaming/code/user/globalstorage/bmd.stm32-for-vscode/@xpack-dev-tools/arm-none-eabi-gcc/12.2.1-1.2.1/.content/bin/../lib/gcc/arm-none-eabi/12.2.1/../../../../arm-none-eabi/lib/thumb/v8-m.main+fp/hard\libnosys.a
START GROUP
LOAD c:/users/soran/appdata/roaming/code/user/globalstorage/bmd.stm32-for-vscode/@xpack-dev-tools/arm-none-eabi-gcc/12.2.1-1.2.1/.content/bin/../lib/gcc/arm-none-eabi/12.2.1/thumb/v8-m.main+fp/hard\libgcc.a
LOAD c:/users/soran/appdata/roaming/code/user/globalstorage/bmd.stm32-for-vscode/@xpack-dev-tools/arm-none-eabi-gcc/12.2.1-1.2.1/.content/bin/../lib/gcc/arm-none-eabi/12.2.1/../../../../arm-none-eabi/lib/thumb/v8-m.main+fp/hard\libc.a
END GROUP
START GROUP
LOAD c:/users/soran/appdata/roaming/code/user/globalstorage/bmd.stm32-for-vscode/@xpack-dev-tools/arm-none-eabi-gcc/12.2.1-1.2.1/.content/bin/../lib/gcc/arm-none-eabi/12.2.1/thumb/v8-m.main+fp/hard\libgcc.a
LOAD c:/users/soran/appdata/roaming/code/user/globalstorage/bmd.stm32-for-vscode/@xpack-dev-tools/arm-none-eabi-gcc/12.2.1-1.2.1/.content/bin/../lib/gcc/arm-none-eabi/12.2.1/../../../../arm-none-eabi/lib/thumb/v8-m.main+fp/hard\libc.a
LOAD c:/users/soran/appdata/roaming/code/user/globalstorage/bmd.stm32-for-vscode/@xpack-dev-tools/arm-none-eabi-gcc/12.2.1-1.2.1/.content/bin/../lib/gcc/arm-none-eabi/12.2.1/../../../../arm-none-eabi/lib/thumb/v8-m.main+fp/hard\libnosys.a
END GROUP
LOAD c:/users/soran/appdata/roaming/code/user/globalstorage/bmd.stm32-for-vscode/@xpack-dev-tools/arm-none-eabi-gcc/12.2.1-1.2.1/.content/bin/../lib/gcc/arm-none-eabi/12.2.1/thumb/v8-m.main+fp/hard/crtend.o
LOAD c:/users/soran/appdata/roaming/code/user/globalstorage/bmd.stm32-for-vscode/@xpack-dev-tools/arm-none-eabi-gcc/12.2.1-1.2.1/.content/bin/../lib/gcc/arm-none-eabi/12.2.1/thumb/v8-m.main+fp/hard/crtn.o
                0x00000000200c0000                _estack = (ORIGIN (RAM) + LENGTH (RAM))
                0x0000000000000200                _Min_Heap_Size = 0x200
                0x0000000000000400                _Min_Stack_Size = 0x400

.isr_vector     0x0000000008000000      0x238
 *(.isr_vector)
 .isr_vector    0x0000000008000000      0x238 build/startup_stm32u575zitxq.o
                0x0000000008000000                g_pfnVectors

.text           0x0000000008000238     0xce38
 *(.text)
 .text          0x0000000008000238       0xec c:/users/soran/appdata/roaming/code/user/globalstorage/bmd.stm32-for-vscode/@xpack-dev-tools/arm-none-eabi-gcc/12.2.1-1.2.1/.content/bin/../lib/gcc/arm-none-eabi/12.2.1/../../../../arm-none-eabi/lib/thumb/v8-m.main+fp/hard\libc.a(libc_a-memcpy.o)
                0x0000000008000238                memcpy
 .text          0x0000000008000324      0x378 c:/users/soran/appdata/roaming/code/user/globalstorage/bmd.stm32-for-vscode/@xpack-dev-tools/arm-none-eabi-gcc/12.2.1-1.2.1/.content/bin/../lib/gcc/arm-none-eabi/12.2.1/thumb/v8-m.main+fp/hard\libgcc.a(_arm_addsubdf3.o)
                0x0000000008000324                __aeabi_drsub
                0x000000000800032c                __aeabi_dsub
                0x000000000800032c                __subdf3
                0x0000000008000330                __aeabi_dadd
                0x0000000008000330                __adddf3
                0x00000000080005a8                __floatunsidf
                0x00000000080005a8                __aeabi_ui2d
                0x00000000080005c8                __floatsidf
                0x00000000080005c8                __aeabi_i2d
                0x00000000080005ec                __aeabi_f2d
                0x00000000080005ec                __extendsfdf2
                0x0000000008000630                __floatundidf
                0x0000000008000630                __aeabi_ul2d
                0x0000000008000640                __floatdidf
                0x0000000008000640                __aeabi_l2d
 .text          0x000000000800069c      0x424 c:/users/soran/appdata/roaming/code/user/globalstorage/bmd.stm32-for-vscode/@xpack-dev-tools/arm-none-eabi-gcc/12.2.1-1.2.1/.content/bin/../lib/gcc/arm-none-eabi/12.2.1/thumb/v8-m.main+fp/hard\libgcc.a(_arm_muldivdf3.o)
                0x000000000800069c                __aeabi_dmul
                0x000000000800069c                __muldf3
                0x00000000080008f0                __divdf3
                0x00000000080008f0                __aeabi_ddiv
 .text          0x0000000008000ac0      0x110 c:/users/soran/appdata/roaming/code/user/globalstorage/bmd.stm32-for-vscode/@xpack-dev-tools/arm-none-eabi-gcc/12.2.1-1.2.1/.content/bin/../lib/gcc/arm-none-eabi/12.2.1/thumb/v8-m.main+fp/hard\libgcc.a(_arm_cmpdf2.o)
                0x0000000008000ac0                __gtdf2
                0x0000000008000ac0                __gedf2
                0x0000000008000ac8                __ltdf2
                0x0000000008000ac8                __ledf2
                0x0000000008000ad0                __nedf2
                0x0000000008000ad0                __eqdf2
                0x0000000008000ad0                __cmpdf2
                0x0000000008000b4c                __aeabi_cdrcmple
                0x0000000008000b5c                __aeabi_cdcmpeq
                0x0000000008000b5c                __aeabi_cdcmple
                0x0000000008000b6c                __aeabi_dcmpeq
                0x0000000008000b80                __aeabi_dcmplt
                0x0000000008000b94                __aeabi_dcmple
                0x0000000008000ba8                __aeabi_dcmpge
                0x0000000008000bbc                __aeabi_dcmpgt
 .text          0x0000000008000bd0       0x2c c:/users/soran/appdata/roaming/code/user/globalstorage/bmd.stm32-for-vscode/@xpack-dev-tools/arm-none-eabi-gcc/12.2.1-1.2.1/.content/bin/../lib/gcc/arm-none-eabi/12.2.1/thumb/v8-m.main+fp/hard\libgcc.a(_arm_unorddf2.o)
                0x0000000008000bd0                __unorddf2
                0x0000000008000bd0                __aeabi_dcmpun
 .text          0x0000000008000bfc       0x50 c:/users/soran/appdata/roaming/code/user/globalstorage/bmd.stm32-for-vscode/@xpack-dev-tools/arm-none-eabi-gcc/12.2.1-1.2.1/.content/bin/../lib/gcc/arm-none-eabi/12.2.1/thumb/v8-m.main+fp/hard\libgcc.a(_arm_fixdfsi.o)
                0x0000000008000bfc                __aeabi_d2iz
                0x0000000008000bfc                __fixdfsi
 *(.text*)
 .text.__do_global_dtors_aux
                0x0000000008000c4c       0x24 c:/users/soran/appdata/roaming/code/user/globalstorage/bmd.stm32-for-vscode/@xpack-dev-tools/arm-none-eabi-gcc/12.2.1-1.2.1/.content/bin/../lib/gcc/arm-none-eabi/12.2.1/thumb/v8-m.main+fp/hard/crtbegin.o
 .text.frame_dummy
                0x0000000008000c70       0x1c c:/users/soran/appdata/roaming/code/user/globalstorage/bmd.stm32-for-vscode/@xpack-dev-tools/arm-none-eabi-gcc/12.2.1-1.2.1/.content/bin/../lib/gcc/arm-none-eabi/12.2.1/thumb/v8-m.main+fp/hard/crtbegin.o
 .text.HAL_InitTick
                0x0000000008000c8c       0x50 build/stm32u5xx_hal.o
                0x0000000008000c8c                HAL_InitTick
 .text.HAL_Init
                0x0000000008000cdc       0x50 build/stm32u5xx_hal.o
                0x0000000008000cdc                HAL_Init
 .text.HAL_IncTick
                0x0000000008000d2c       0x18 build/stm32u5xx_hal.o
                0x0000000008000d2c                HAL_IncTick
 .text.HAL_GetTick
                0x0000000008000d44        0xc build/stm32u5xx_hal.o
                0x0000000008000d44                HAL_GetTick
 .text.HAL_Delay
                0x0000000008000d50       0x28 build/stm32u5xx_hal.o
                0x0000000008000d50                HAL_Delay
 .text.HAL_GetREVID
                0x0000000008000d78        0xc build/stm32u5xx_hal.o
                0x0000000008000d78                HAL_GetREVID
 .text.LL_ADC_REG_SetSequencerRanks
                0x0000000008000d84       0x6c build/stm32u5xx_hal_adc.o
 .text.LL_ADC_REG_SetSequencerChAdd
                0x0000000008000df0       0x2e build/stm32u5xx_hal_adc.o
 *fill*         0x0000000008000e1e        0x2 
 .text.LL_ADC_SetChannelSamplingTime
                0x0000000008000e20       0x74 build/stm32u5xx_hal_adc.o
 .text.HAL_ADC_Init
                0x0000000008000e94      0x3e8 build/stm32u5xx_hal_adc.o
                0x0000000008000e94                HAL_ADC_Init
 .text.ADC_DMAHalfConvCplt
                0x000000000800127c        0xa build/stm32u5xx_hal_adc.o
                0x000000000800127c                ADC_DMAHalfConvCplt
 .text.HAL_ADC_ErrorCallback
                0x0000000008001286        0x2 build/stm32u5xx_hal_adc.o
                0x0000000008001286                HAL_ADC_ErrorCallback
 .text.ADC_DMAConvCplt
                0x0000000008001288       0x88 build/stm32u5xx_hal_adc.o
                0x0000000008001288                ADC_DMAConvCplt
 .text.ADC_DMAError
                0x0000000008001310       0x1a build/stm32u5xx_hal_adc.o
                0x0000000008001310                ADC_DMAError
 *fill*         0x000000000800132a        0x2 
 .text.HAL_ADC_ConfigChannel
                0x000000000800132c      0x7d4 build/stm32u5xx_hal_adc.o
                0x000000000800132c                HAL_ADC_ConfigChannel
 .text.ADC_Enable
                0x0000000008001b00       0xb0 build/stm32u5xx_hal_adc.o
                0x0000000008001b00                ADC_Enable
 .text.HAL_ADC_Start_DMA
                0x0000000008001bb0      0x154 build/stm32u5xx_hal_adc.o
                0x0000000008001bb0                HAL_ADC_Start_DMA
 .text.__NVIC_EnableIRQ
                0x0000000008001d04       0x1c build/stm32u5xx_hal_cortex.o
 .text.__NVIC_SetPriority
                0x0000000008001d20       0x28 build/stm32u5xx_hal_cortex.o
 .text.NVIC_EncodePriority
                0x0000000008001d48       0x3e build/stm32u5xx_hal_cortex.o
 *fill*         0x0000000008001d86        0x2 
 .text.HAL_NVIC_SetPriorityGrouping
                0x0000000008001d88       0x24 build/stm32u5xx_hal_cortex.o
                0x0000000008001d88                HAL_NVIC_SetPriorityGrouping
 .text.HAL_NVIC_SetPriority
                0x0000000008001dac       0x20 build/stm32u5xx_hal_cortex.o
                0x0000000008001dac                HAL_NVIC_SetPriority
 .text.HAL_NVIC_EnableIRQ
                0x0000000008001dcc        0x8 build/stm32u5xx_hal_cortex.o
                0x0000000008001dcc                HAL_NVIC_EnableIRQ
 .text.HAL_SYSTICK_Config
                0x0000000008001dd4       0x28 build/stm32u5xx_hal_cortex.o
                0x0000000008001dd4                HAL_SYSTICK_Config
 .text.DMA_SetConfig
                0x0000000008001dfc       0x2a build/stm32u5xx_hal_dma.o
 .text.HAL_DMA_Start_IT
                0x0000000008001e26       0x7a build/stm32u5xx_hal_dma.o
                0x0000000008001e26                HAL_DMA_Start_IT
 .text.HAL_DMA_IRQHandler
                0x0000000008001ea0      0x1dc build/stm32u5xx_hal_dma.o
                0x0000000008001ea0                HAL_DMA_IRQHandler
 .text.HAL_DMA_ConfigChannelAttributes
                0x000000000800207c       0x46 build/stm32u5xx_hal_dma.o
                0x000000000800207c                HAL_DMA_ConfigChannelAttributes
 *fill*         0x00000000080020c2        0x2 
 .text.DMA_List_Init
                0x00000000080020c4      0x1b0 build/stm32u5xx_hal_dma_ex.o
 .text.DMA_List_BuildNode
                0x0000000008002274      0x1ac build/stm32u5xx_hal_dma_ex.o
 .text.DMA_List_GetNodeConfig
                0x0000000008002420      0x12c build/stm32u5xx_hal_dma_ex.o
 .text.DMA_List_CheckNodesBaseAddresses
                0x000000000800254c       0x2e build/stm32u5xx_hal_dma_ex.o
 .text.DMA_List_CheckNodesTypes
                0x000000000800257a       0x3e build/stm32u5xx_hal_dma_ex.o
 .text.DMA_List_GetCLLRNodeInfo
                0x00000000080025b8       0x2c build/stm32u5xx_hal_dma_ex.o
 .text.DMA_List_FindNode
                0x00000000080025e4       0xcc build/stm32u5xx_hal_dma_ex.o
 .text.HAL_DMAEx_List_Init
                0x00000000080026b0       0x5e build/stm32u5xx_hal_dma_ex.o
                0x00000000080026b0                HAL_DMAEx_List_Init
 .text.HAL_DMAEx_List_Start_IT
                0x000000000800270e       0xce build/stm32u5xx_hal_dma_ex.o
                0x000000000800270e                HAL_DMAEx_List_Start_IT
 .text.HAL_DMAEx_List_BuildNode
                0x00000000080027dc       0x16 build/stm32u5xx_hal_dma_ex.o
                0x00000000080027dc                HAL_DMAEx_List_BuildNode
 .text.HAL_DMAEx_List_GetNodeConfig
                0x00000000080027f2       0x16 build/stm32u5xx_hal_dma_ex.o
                0x00000000080027f2                HAL_DMAEx_List_GetNodeConfig
 .text.HAL_DMAEx_List_InsertNode_Tail
                0x0000000008002808       0xae build/stm32u5xx_hal_dma_ex.o
                0x0000000008002808                HAL_DMAEx_List_InsertNode_Tail
 .text.HAL_DMAEx_List_SetCircularMode
                0x00000000080028b6       0x80 build/stm32u5xx_hal_dma_ex.o
                0x00000000080028b6                HAL_DMAEx_List_SetCircularMode
 *fill*         0x0000000008002936        0x2 
 .text.HAL_DMAEx_List_LinkQ
                0x0000000008002938       0xc8 build/stm32u5xx_hal_dma_ex.o
                0x0000000008002938                HAL_DMAEx_List_LinkQ
 .text.HAL_GPIO_Init
                0x0000000008002a00      0x21c build/stm32u5xx_hal_gpio.o
                0x0000000008002a00                HAL_GPIO_Init
 .text.HAL_GPIO_WritePin
                0x0000000008002c1c        0xa build/stm32u5xx_hal_gpio.o
                0x0000000008002c1c                HAL_GPIO_WritePin
 *fill*         0x0000000008002c26        0x2 
 .text.HAL_ICACHE_ConfigAssociativityMode
                0x0000000008002c28       0x24 build/stm32u5xx_hal_icache.o
                0x0000000008002c28                HAL_ICACHE_ConfigAssociativityMode
 .text.HAL_ICACHE_Enable
                0x0000000008002c4c       0x14 build/stm32u5xx_hal_icache.o
                0x0000000008002c4c                HAL_ICACHE_Enable
 .text.HAL_PWREx_ControlVoltageScaling
                0x0000000008002c60       0xa0 build/stm32u5xx_hal_pwr_ex.o
                0x0000000008002c60                HAL_PWREx_ControlVoltageScaling
 .text.HAL_PWREx_GetVoltageRange
                0x0000000008002d00       0x10 build/stm32u5xx_hal_pwr_ex.o
                0x0000000008002d00                HAL_PWREx_GetVoltageRange
 .text.HAL_PWREx_ConfigSupply
                0x0000000008002d10       0x6c build/stm32u5xx_hal_pwr_ex.o
                0x0000000008002d10                HAL_PWREx_ConfigSupply
 .text.HAL_PWREx_EnableVddIO2
                0x0000000008002d7c       0x10 build/stm32u5xx_hal_pwr_ex.o
                0x0000000008002d7c                HAL_PWREx_EnableVddIO2
 .text.HAL_PWREx_EnableVddA
                0x0000000008002d8c       0x10 build/stm32u5xx_hal_pwr_ex.o
                0x0000000008002d8c                HAL_PWREx_EnableVddA
 .text.HAL_PWREx_DisableUCPDDeadBattery
                0x0000000008002d9c       0x10 build/stm32u5xx_hal_pwr_ex.o
                0x0000000008002d9c                HAL_PWREx_DisableUCPDDeadBattery
 .text.RCC_SetFlashLatencyFromMSIRange
                0x0000000008002dac       0xc4 build/stm32u5xx_hal_rcc.o
 .text.HAL_RCC_GetSysClockFreq
                0x0000000008002e70      0x184 build/stm32u5xx_hal_rcc.o
                0x0000000008002e70                HAL_RCC_GetSysClockFreq
 .text.HAL_RCC_ClockConfig
                0x0000000008002ff4      0x30c build/stm32u5xx_hal_rcc.o
                0x0000000008002ff4                HAL_RCC_ClockConfig
 .text.HAL_RCC_GetHCLKFreq
                0x0000000008003300       0x28 build/stm32u5xx_hal_rcc.o
                0x0000000008003300                HAL_RCC_GetHCLKFreq
 .text.HAL_RCC_OscConfig
                0x0000000008003328      0xaa0 build/stm32u5xx_hal_rcc.o
                0x0000000008003328                HAL_RCC_OscConfig
 .text.RCCEx_PLL3_Config
                0x0000000008003dc8       0xe4 build/stm32u5xx_hal_rcc_ex.o
 .text.RCCEx_PLL2_Config
                0x0000000008003eac       0xe4 build/stm32u5xx_hal_rcc_ex.o
 .text.HAL_RCCEx_PeriphCLKConfig
                0x0000000008003f90      0x67c build/stm32u5xx_hal_rcc_ex.o
                0x0000000008003f90                HAL_RCCEx_PeriphCLKConfig
 .text.MX_ADCQueue_Config
                0x000000000800460c       0x68 build/linked_list.o
                0x000000000800460c                MX_ADCQueue_Config
 .text.MX_GPIO_Init
                0x0000000008004674      0x114 build/main.o
 .text.HAL_ADC_ConvHalfCpltCallback
                0x0000000008004788        0x2 build/main.o
                0x0000000008004788                HAL_ADC_ConvHalfCpltCallback
 .text.HAL_ADC_ConvCpltCallback
                0x000000000800478a        0x2 build/main.o
                0x000000000800478a                HAL_ADC_ConvCpltCallback
 .text.setMux   0x000000000800478c       0x60 build/main.o
                0x000000000800478c                setMux
 .text.Error_Handler
                0x00000000080047ec        0x4 build/main.o
                0x00000000080047ec                Error_Handler
 .text.SystemPower_Config
                0x00000000080047f0       0x18 build/main.o
 .text.MX_GPDMA1_Init
                0x0000000008004808       0x74 build/main.o
 .text.MX_ICACHE_Init
                0x000000000800487c       0x1a build/main.o
 *fill*         0x0000000008004896        0x2 
 .text.MX_ADC1_Init
                0x0000000008004898      0x124 build/main.o
 .text.MX_USART1_UART_Init
                0x00000000080049bc       0x60 build/main.o
 .text.SystemClock_Config
                0x0000000008004a1c       0x92 build/main.o
                0x0000000008004a1c                SystemClock_Config
 *fill*         0x0000000008004aae        0x2 
 .text.main     0x0000000008004ab0       0x98 build/main.o
                0x0000000008004ab0                main
 .text.HAL_MspInit
                0x0000000008004b48       0x2c build/stm32u5xx_hal_msp.o
                0x0000000008004b48                HAL_MspInit
 .text.HAL_ADC_MspInit
                0x0000000008004b74       0xf4 build/stm32u5xx_hal_msp.o
                0x0000000008004b74                HAL_ADC_MspInit
 .text.NMI_Handler
                0x0000000008004c68        0x2 build/stm32u5xx_it.o
                0x0000000008004c68                NMI_Handler
 .text.HardFault_Handler
                0x0000000008004c6a        0x2 build/stm32u5xx_it.o
                0x0000000008004c6a                HardFault_Handler
 .text.MemManage_Handler
                0x0000000008004c6c        0x2 build/stm32u5xx_it.o
                0x0000000008004c6c                MemManage_Handler
 .text.BusFault_Handler
                0x0000000008004c6e        0x2 build/stm32u5xx_it.o
                0x0000000008004c6e                BusFault_Handler
 .text.UsageFault_Handler
                0x0000000008004c70        0x2 build/stm32u5xx_it.o
                0x0000000008004c70                UsageFault_Handler
 .text.SVC_Handler
                0x0000000008004c72        0x2 build/stm32u5xx_it.o
                0x0000000008004c72                SVC_Handler
 .text.DebugMon_Handler
                0x0000000008004c74        0x2 build/stm32u5xx_it.o
                0x0000000008004c74                DebugMon_Handler
 .text.PendSV_Handler
                0x0000000008004c76        0x2 build/stm32u5xx_it.o
                0x0000000008004c76                PendSV_Handler
 .text.SysTick_Handler
                0x0000000008004c78        0x8 build/stm32u5xx_it.o
                0x0000000008004c78                SysTick_Handler
 .text.GPDMA1_Channel10_IRQHandler
                0x0000000008004c80       0x10 build/stm32u5xx_it.o
                0x0000000008004c80                GPDMA1_Channel10_IRQHandler
 .text.SystemInit
                0x0000000008004c90       0x44 build/system_stm32u5xx.o
                0x0000000008004c90                SystemInit
 .text.Reset_Handler
                0x0000000008004cd4       0x50 build/startup_stm32u575zitxq.o
                0x0000000008004cd4                Reset_Handler
 .text.Default_Handler
                0x0000000008004d24        0x2 build/startup_stm32u575zitxq.o
                0x0000000008004d24                EXTI2_IRQHandler
                0x0000000008004d24                TIM8_TRG_COM_IRQHandler
                0x0000000008004d24                TIM8_CC_IRQHandler
                0x0000000008004d24                EXTI5_IRQHandler
                0x0000000008004d24                FLASH_S_IRQHandler
                0x0000000008004d24                EXTI13_IRQHandler
                0x0000000008004d24                TIM1_CC_IRQHandler
                0x0000000008004d24                TSC_IRQHandler
                0x0000000008004d24                TAMP_IRQHandler
                0x0000000008004d24                TIM6_IRQHandler
                0x0000000008004d24                EXTI12_IRQHandler
                0x0000000008004d24                CORDIC_IRQHandler
                0x0000000008004d24                EXTI3_IRQHandler
                0x0000000008004d24                LPTIM4_IRQHandler
                0x0000000008004d24                GPDMA1_Channel5_IRQHandler
                0x0000000008004d24                EXTI8_IRQHandler
                0x0000000008004d24                LPTIM2_IRQHandler
                0x0000000008004d24                I2C3_ER_IRQHandler
                0x0000000008004d24                PWR_S3WU_IRQHandler
                0x0000000008004d24                MDF1_FLT2_IRQHandler
                0x0000000008004d24                LPDMA1_Channel3_IRQHandler
                0x0000000008004d24                LPTIM3_IRQHandler
                0x0000000008004d24                EXTI0_IRQHandler
                0x0000000008004d24                I2C2_EV_IRQHandler
                0x0000000008004d24                FPU_IRQHandler
                0x0000000008004d24                GPDMA1_Channel3_IRQHandler
                0x0000000008004d24                GPDMA1_Channel7_IRQHandler
                0x0000000008004d24                MDF1_FLT4_IRQHandler
                0x0000000008004d24                FDCAN1_IT1_IRQHandler
                0x0000000008004d24                RAMCFG_IRQHandler
                0x0000000008004d24                GPDMA1_Channel9_IRQHandler
                0x0000000008004d24                DCACHE1_IRQHandler
                0x0000000008004d24                SPI1_IRQHandler
                0x0000000008004d24                OCTOSPI1_IRQHandler
                0x0000000008004d24                GPDMA1_Channel2_IRQHandler
                0x0000000008004d24                TIM8_UP_IRQHandler
                0x0000000008004d24                RCC_S_IRQHandler
                0x0000000008004d24                OCTOSPI2_IRQHandler
                0x0000000008004d24                SAI2_IRQHandler
                0x0000000008004d24                MDF1_FLT1_IRQHandler
                0x0000000008004d24                ADC1_IRQHandler
                0x0000000008004d24                MDF1_FLT5_IRQHandler
                0x0000000008004d24                EXTI15_IRQHandler
                0x0000000008004d24                TIM17_IRQHandler
                0x0000000008004d24                USART3_IRQHandler
                0x0000000008004d24                RTC_IRQHandler
                0x0000000008004d24                EXTI9_IRQHandler
                0x0000000008004d24                UART5_IRQHandler
                0x0000000008004d24                TIM4_IRQHandler
                0x0000000008004d24                I2C1_EV_IRQHandler
                0x0000000008004d24                GPDMA1_Channel12_IRQHandler
                0x0000000008004d24                GPDMA1_Channel1_IRQHandler
                0x0000000008004d24                TIM16_IRQHandler
                0x0000000008004d24                GPDMA1_Channel15_IRQHandler
                0x0000000008004d24                UART4_IRQHandler
                0x0000000008004d24                SecureFault_Handler
                0x0000000008004d24                TIM3_IRQHandler
                0x0000000008004d24                RCC_IRQHandler
                0x0000000008004d24                TIM1_TRG_COM_IRQHandler
                0x0000000008004d24                Default_Handler
                0x0000000008004d24                GPDMA1_Channel8_IRQHandler
                0x0000000008004d24                FMAC_IRQHandler
                0x0000000008004d24                GPDMA1_Channel11_IRQHandler
                0x0000000008004d24                TIM7_IRQHandler
                0x0000000008004d24                SDMMC1_IRQHandler
                0x0000000008004d24                TIM5_IRQHandler
                0x0000000008004d24                UCPD1_IRQHandler
                0x0000000008004d24                GPDMA1_Channel0_IRQHandler
                0x0000000008004d24                TIM15_IRQHandler
                0x0000000008004d24                I2C3_EV_IRQHandler
                0x0000000008004d24                LPDMA1_Channel0_IRQHandler
                0x0000000008004d24                PVD_PVM_IRQHandler
                0x0000000008004d24                SPI2_IRQHandler
                0x0000000008004d24                LPDMA1_Channel1_IRQHandler
                0x0000000008004d24                EXTI14_IRQHandler
                0x0000000008004d24                EXTI11_IRQHandler
                0x0000000008004d24                CRS_IRQHandler
                0x0000000008004d24                GPDMA1_Channel14_IRQHandler
                0x0000000008004d24                LSECSSD_IRQHandler
                0x0000000008004d24                EXTI4_IRQHandler
                0x0000000008004d24                RTC_S_IRQHandler
                0x0000000008004d24                GPDMA1_Channel13_IRQHandler
                0x0000000008004d24                RNG_IRQHandler
                0x0000000008004d24                COMP_IRQHandler
                0x0000000008004d24                TIM1_UP_IRQHandler
                0x0000000008004d24                ADC4_IRQHandler
                0x0000000008004d24                WWDG_IRQHandler
                0x0000000008004d24                I2C4_EV_IRQHandler
                0x0000000008004d24                ADF1_IRQHandler
                0x0000000008004d24                IWDG_IRQHandler
                0x0000000008004d24                LPUART1_IRQHandler
                0x0000000008004d24                MDF1_FLT0_IRQHandler
                0x0000000008004d24                FDCAN1_IT0_IRQHandler
                0x0000000008004d24                TIM2_IRQHandler
                0x0000000008004d24                GPDMA1_Channel4_IRQHandler
                0x0000000008004d24                EXTI7_IRQHandler
                0x0000000008004d24                DMA2D_IRQHandler
                0x0000000008004d24                TIM1_BRK_IRQHandler
                0x0000000008004d24                EXTI1_IRQHandler
                0x0000000008004d24                SDMMC2_IRQHandler
                0x0000000008004d24                DAC1_IRQHandler
                0x0000000008004d24                GTZC_IRQHandler
                0x0000000008004d24                MDF1_FLT3_IRQHandler
                0x0000000008004d24                USART2_IRQHandler
                0x0000000008004d24                GPDMA1_Channel6_IRQHandler
                0x0000000008004d24                I2C2_ER_IRQHandler
                0x0000000008004d24                TIM8_BRK_IRQHandler
                0x0000000008004d24                FLASH_IRQHandler
                0x0000000008004d24                USART1_IRQHandler
                0x0000000008004d24                EXTI10_IRQHandler
                0x0000000008004d24                OTG_FS_IRQHandler
                0x0000000008004d24                SPI3_IRQHandler
                0x0000000008004d24                LPDMA1_Channel2_IRQHandler
                0x0000000008004d24                I2C1_ER_IRQHandler
                0x0000000008004d24                FMC_IRQHandler
                0x0000000008004d24                EXTI6_IRQHandler
                0x0000000008004d24                LPTIM1_IRQHandler
                0x0000000008004d24                DCMI_PSSI_IRQHandler
                0x0000000008004d24                I2C4_ER_IRQHandler
                0x0000000008004d24                ICACHE_IRQHandler
                0x0000000008004d24                SAI1_IRQHandler
                0x0000000008004d24                HASH_IRQHandler
 *fill*         0x0000000008004d26        0x2 
 .text.atexit   0x0000000008004d28        0xc c:/users/soran/appdata/roaming/code/user/globalstorage/bmd.stm32-for-vscode/@xpack-dev-tools/arm-none-eabi-gcc/12.2.1-1.2.1/.content/bin/../lib/gcc/arm-none-eabi/12.2.1/../../../../arm-none-eabi/lib/thumb/v8-m.main+fp/hard\libc.a(libc_a-atexit.o)
                0x0000000008004d28                atexit
 .text.stdio_exit_handler
                0x0000000008004d34       0x18 c:/users/soran/appdata/roaming/code/user/globalstorage/bmd.stm32-for-vscode/@xpack-dev-tools/arm-none-eabi-gcc/12.2.1-1.2.1/.content/bin/../lib/gcc/arm-none-eabi/12.2.1/../../../../arm-none-eabi/lib/thumb/v8-m.main+fp/hard\libc.a(libc_a-findfp.o)
 .text.cleanup_stdio
                0x0000000008004d4c       0x40 c:/users/soran/appdata/roaming/code/user/globalstorage/bmd.stm32-for-vscode/@xpack-dev-tools/arm-none-eabi-gcc/12.2.1-1.2.1/.content/bin/../lib/gcc/arm-none-eabi/12.2.1/../../../../arm-none-eabi/lib/thumb/v8-m.main+fp/hard\libc.a(libc_a-findfp.o)
 .text.global_stdio_init.part.0
                0x0000000008004d8c       0xf0 c:/users/soran/appdata/roaming/code/user/globalstorage/bmd.stm32-for-vscode/@xpack-dev-tools/arm-none-eabi-gcc/12.2.1-1.2.1/.content/bin/../lib/gcc/arm-none-eabi/12.2.1/../../../../arm-none-eabi/lib/thumb/v8-m.main+fp/hard\libc.a(libc_a-findfp.o)
 .text.__sinit  0x0000000008004e7c       0x3c c:/users/soran/appdata/roaming/code/user/globalstorage/bmd.stm32-for-vscode/@xpack-dev-tools/arm-none-eabi-gcc/12.2.1-1.2.1/.content/bin/../lib/gcc/arm-none-eabi/12.2.1/../../../../arm-none-eabi/lib/thumb/v8-m.main+fp/hard\libc.a(libc_a-findfp.o)
                0x0000000008004e7c                __sinit
 .text.__sfp_lock_acquire
                0x0000000008004eb8        0xc c:/users/soran/appdata/roaming/code/user/globalstorage/bmd.stm32-for-vscode/@xpack-dev-tools/arm-none-eabi-gcc/12.2.1-1.2.1/.content/bin/../lib/gcc/arm-none-eabi/12.2.1/../../../../arm-none-eabi/lib/thumb/v8-m.main+fp/hard\libc.a(libc_a-findfp.o)
                0x0000000008004eb8                __sfp_lock_acquire
 .text.__sfp_lock_release
                0x0000000008004ec4        0xc c:/users/soran/appdata/roaming/code/user/globalstorage/bmd.stm32-for-vscode/@xpack-dev-tools/arm-none-eabi-gcc/12.2.1-1.2.1/.content/bin/../lib/gcc/arm-none-eabi/12.2.1/../../../../arm-none-eabi/lib/thumb/v8-m.main+fp/hard\libc.a(libc_a-findfp.o)
                0x0000000008004ec4                __sfp_lock_release
 .text._fwalk_sglue
                0x0000000008004ed0       0x44 c:/users/soran/appdata/roaming/code/user/globalstorage/bmd.stm32-for-vscode/@xpack-dev-tools/arm-none-eabi-gcc/12.2.1-1.2.1/.content/bin/../lib/gcc/arm-none-eabi/12.2.1/../../../../arm-none-eabi/lib/thumb/v8-m.main+fp/hard\libc.a(libc_a-fwalk.o)
                0x0000000008004ed0                _fwalk_sglue
 .text.printf   0x0000000008004f14       0x28 c:/users/soran/appdata/roaming/code/user/globalstorage/bmd.stm32-for-vscode/@xpack-dev-tools/arm-none-eabi-gcc/12.2.1-1.2.1/.content/bin/../lib/gcc/arm-none-eabi/12.2.1/../../../../arm-none-eabi/lib/thumb/v8-m.main+fp/hard\libc.a(libc_a-printf.o)
                0x0000000008004f14                printf
 .text.sprintf  0x0000000008004f3c       0x44 c:/users/soran/appdata/roaming/code/user/globalstorage/bmd.stm32-for-vscode/@xpack-dev-tools/arm-none-eabi-gcc/12.2.1-1.2.1/.content/bin/../lib/gcc/arm-none-eabi/12.2.1/../../../../arm-none-eabi/lib/thumb/v8-m.main+fp/hard\libc.a(libc_a-sprintf.o)
                0x0000000008004f3c                sprintf
 .text.__sread  0x0000000008004f80       0x24 c:/users/soran/appdata/roaming/code/user/globalstorage/bmd.stm32-for-vscode/@xpack-dev-tools/arm-none-eabi-gcc/12.2.1-1.2.1/.content/bin/../lib/gcc/arm-none-eabi/12.2.1/../../../../arm-none-eabi/lib/thumb/v8-m.main+fp/hard\libc.a(libc_a-stdio.o)
                0x0000000008004f80                __sread
 .text.__swrite
                0x0000000008004fa4       0x40 c:/users/soran/appdata/roaming/code/user/globalstorage/bmd.stm32-for-vscode/@xpack-dev-tools/arm-none-eabi-gcc/12.2.1-1.2.1/.content/bin/../lib/gcc/arm-none-eabi/12.2.1/../../../../arm-none-eabi/lib/thumb/v8-m.main+fp/hard\libc.a(libc_a-stdio.o)
                0x0000000008004fa4                __swrite
 .text.__sseek  0x0000000008004fe4       0x28 c:/users/soran/appdata/roaming/code/user/globalstorage/bmd.stm32-for-vscode/@xpack-dev-tools/arm-none-eabi-gcc/12.2.1-1.2.1/.content/bin/../lib/gcc/arm-none-eabi/12.2.1/../../../../arm-none-eabi/lib/thumb/v8-m.main+fp/hard\libc.a(libc_a-stdio.o)
                0x0000000008004fe4                __sseek
 .text.__sclose
                0x000000000800500c        0x8 c:/users/soran/appdata/roaming/code/user/globalstorage/bmd.stm32-for-vscode/@xpack-dev-tools/arm-none-eabi-gcc/12.2.1-1.2.1/.content/bin/../lib/gcc/arm-none-eabi/12.2.1/../../../../arm-none-eabi/lib/thumb/v8-m.main+fp/hard\libc.a(libc_a-stdio.o)
                0x000000000800500c                __sclose
 .text.memset   0x0000000008005014       0xa8 c:/users/soran/appdata/roaming/code/user/globalstorage/bmd.stm32-for-vscode/@xpack-dev-tools/arm-none-eabi-gcc/12.2.1-1.2.1/.content/bin/../lib/gcc/arm-none-eabi/12.2.1/../../../../arm-none-eabi/lib/thumb/v8-m.main+fp/hard\libc.a(libc_a-memset.o)
                0x0000000008005014                memset
 .text._close_r
                0x00000000080050bc       0x24 c:/users/soran/appdata/roaming/code/user/globalstorage/bmd.stm32-for-vscode/@xpack-dev-tools/arm-none-eabi-gcc/12.2.1-1.2.1/.content/bin/../lib/gcc/arm-none-eabi/12.2.1/../../../../arm-none-eabi/lib/thumb/v8-m.main+fp/hard\libc.a(libc_a-closer.o)
                0x00000000080050bc                _close_r
 .text._lseek_r
                0x00000000080050e0       0x2c c:/users/soran/appdata/roaming/code/user/globalstorage/bmd.stm32-for-vscode/@xpack-dev-tools/arm-none-eabi-gcc/12.2.1-1.2.1/.content/bin/../lib/gcc/arm-none-eabi/12.2.1/../../../../arm-none-eabi/lib/thumb/v8-m.main+fp/hard\libc.a(libc_a-lseekr.o)
                0x00000000080050e0                _lseek_r
 .text._read_r  0x000000000800510c       0x2c c:/users/soran/appdata/roaming/code/user/globalstorage/bmd.stm32-for-vscode/@xpack-dev-tools/arm-none-eabi-gcc/12.2.1-1.2.1/.content/bin/../lib/gcc/arm-none-eabi/12.2.1/../../../../arm-none-eabi/lib/thumb/v8-m.main+fp/hard\libc.a(libc_a-readr.o)
                0x000000000800510c                _read_r
 .text._write_r
                0x0000000008005138       0x2c c:/users/soran/appdata/roaming/code/user/globalstorage/bmd.stm32-for-vscode/@xpack-dev-tools/arm-none-eabi-gcc/12.2.1-1.2.1/.content/bin/../lib/gcc/arm-none-eabi/12.2.1/../../../../arm-none-eabi/lib/thumb/v8-m.main+fp/hard\libc.a(libc_a-writer.o)
                0x0000000008005138                _write_r
 .text.__libc_init_array
                0x0000000008005164       0x50 c:/users/soran/appdata/roaming/code/user/globalstorage/bmd.stm32-for-vscode/@xpack-dev-tools/arm-none-eabi-gcc/12.2.1-1.2.1/.content/bin/../lib/gcc/arm-none-eabi/12.2.1/../../../../arm-none-eabi/lib/thumb/v8-m.main+fp/hard\libc.a(libc_a-init.o)
                0x0000000008005164                __libc_init_array
 .text.__libc_fini_array
                0x00000000080051b4       0x28 c:/users/soran/appdata/roaming/code/user/globalstorage/bmd.stm32-for-vscode/@xpack-dev-tools/arm-none-eabi-gcc/12.2.1-1.2.1/.content/bin/../lib/gcc/arm-none-eabi/12.2.1/../../../../arm-none-eabi/lib/thumb/v8-m.main+fp/hard\libc.a(libc_a-fini.o)
                0x00000000080051b4                __libc_fini_array
 .text.__retarget_lock_init_recursive
                0x00000000080051dc        0x4 c:/users/soran/appdata/roaming/code/user/globalstorage/bmd.stm32-for-vscode/@xpack-dev-tools/arm-none-eabi-gcc/12.2.1-1.2.1/.content/bin/../lib/gcc/arm-none-eabi/12.2.1/../../../../arm-none-eabi/lib/thumb/v8-m.main+fp/hard\libc.a(libc_a-lock.o)
                0x00000000080051dc                __retarget_lock_init_recursive
 .text.__retarget_lock_close_recursive
                0x00000000080051e0        0x4 c:/users/soran/appdata/roaming/code/user/globalstorage/bmd.stm32-for-vscode/@xpack-dev-tools/arm-none-eabi-gcc/12.2.1-1.2.1/.content/bin/../lib/gcc/arm-none-eabi/12.2.1/../../../../arm-none-eabi/lib/thumb/v8-m.main+fp/hard\libc.a(libc_a-lock.o)
                0x00000000080051e0                __retarget_lock_close_recursive
 .text.__retarget_lock_acquire_recursive
                0x00000000080051e4        0x4 c:/users/soran/appdata/roaming/code/user/globalstorage/bmd.stm32-for-vscode/@xpack-dev-tools/arm-none-eabi-gcc/12.2.1-1.2.1/.content/bin/../lib/gcc/arm-none-eabi/12.2.1/../../../../arm-none-eabi/lib/thumb/v8-m.main+fp/hard\libc.a(libc_a-lock.o)
                0x00000000080051e4                __retarget_lock_acquire_recursive
 .text.__retarget_lock_release_recursive
                0x00000000080051e8        0x4 c:/users/soran/appdata/roaming/code/user/globalstorage/bmd.stm32-for-vscode/@xpack-dev-tools/arm-none-eabi-gcc/12.2.1-1.2.1/.content/bin/../lib/gcc/arm-none-eabi/12.2.1/../../../../arm-none-eabi/lib/thumb/v8-m.main+fp/hard\libc.a(libc_a-lock.o)
                0x00000000080051e8                __retarget_lock_release_recursive
 .text.__register_exitproc
                0x00000000080051ec       0x8c c:/users/soran/appdata/roaming/code/user/globalstorage/bmd.stm32-for-vscode/@xpack-dev-tools/arm-none-eabi-gcc/12.2.1-1.2.1/.content/bin/../lib/gcc/arm-none-eabi/12.2.1/../../../../arm-none-eabi/lib/thumb/v8-m.main+fp/hard\libc.a(libc_a-__atexit.o)
                0x00000000080051ec                __register_exitproc
 .text.startup.register_fini
                0x0000000008005278       0x14 c:/users/soran/appdata/roaming/code/user/globalstorage/bmd.stm32-for-vscode/@xpack-dev-tools/arm-none-eabi-gcc/12.2.1-1.2.1/.content/bin/../lib/gcc/arm-none-eabi/12.2.1/../../../../arm-none-eabi/lib/thumb/v8-m.main+fp/hard\libc.a(libc_a-__call_atexit.o)
 .text._malloc_trim_r
                0x000000000800528c       0xb8 c:/users/soran/appdata/roaming/code/user/globalstorage/bmd.stm32-for-vscode/@xpack-dev-tools/arm-none-eabi-gcc/12.2.1-1.2.1/.content/bin/../lib/gcc/arm-none-eabi/12.2.1/../../../../arm-none-eabi/lib/thumb/v8-m.main+fp/hard\libc.a(libc_a-freer.o)
                0x000000000800528c                _malloc_trim_r
 .text._free_r  0x0000000008005344      0x204 c:/users/soran/appdata/roaming/code/user/globalstorage/bmd.stm32-for-vscode/@xpack-dev-tools/arm-none-eabi-gcc/12.2.1-1.2.1/.content/bin/../lib/gcc/arm-none-eabi/12.2.1/../../../../arm-none-eabi/lib/thumb/v8-m.main+fp/hard\libc.a(libc_a-freer.o)
                0x0000000008005344                _free_r
 .text._malloc_r
                0x0000000008005548      0x574 c:/users/soran/appdata/roaming/code/user/globalstorage/bmd.stm32-for-vscode/@xpack-dev-tools/arm-none-eabi-gcc/12.2.1-1.2.1/.content/bin/../lib/gcc/arm-none-eabi/12.2.1/../../../../arm-none-eabi/lib/thumb/v8-m.main+fp/hard\libc.a(libc_a-mallocr.o)
                0x0000000008005548                _malloc_r
 .text.__malloc_lock
                0x0000000008005abc        0xc c:/users/soran/appdata/roaming/code/user/globalstorage/bmd.stm32-for-vscode/@xpack-dev-tools/arm-none-eabi-gcc/12.2.1-1.2.1/.content/bin/../lib/gcc/arm-none-eabi/12.2.1/../../../../arm-none-eabi/lib/thumb/v8-m.main+fp/hard\libc.a(libc_a-mlock.o)
                0x0000000008005abc                __malloc_lock
 .text.__malloc_unlock
                0x0000000008005ac8        0xc c:/users/soran/appdata/roaming/code/user/globalstorage/bmd.stm32-for-vscode/@xpack-dev-tools/arm-none-eabi-gcc/12.2.1-1.2.1/.content/bin/../lib/gcc/arm-none-eabi/12.2.1/../../../../arm-none-eabi/lib/thumb/v8-m.main+fp/hard\libc.a(libc_a-mlock.o)
                0x0000000008005ac8                __malloc_unlock
 *fill*         0x0000000008005ad4        0x4 
 .text._svfprintf_r
                0x0000000008005ad8     0x1bb8 c:/users/soran/appdata/roaming/code/user/globalstorage/bmd.stm32-for-vscode/@xpack-dev-tools/arm-none-eabi-gcc/12.2.1-1.2.1/.content/bin/../lib/gcc/arm-none-eabi/12.2.1/../../../../arm-none-eabi/lib/thumb/v8-m.main+fp/hard\libc.a(libc_a-svfprintf.o)
                0x0000000008005ad8                _svfprintf_r
 .text._vfprintf_r
                0x0000000008007690     0x1c88 c:/users/soran/appdata/roaming/code/user/globalstorage/bmd.stm32-for-vscode/@xpack-dev-tools/arm-none-eabi-gcc/12.2.1-1.2.1/.content/bin/../lib/gcc/arm-none-eabi/12.2.1/../../../../arm-none-eabi/lib/thumb/v8-m.main+fp/hard\libc.a(libc_a-vfprintf.o)
                0x0000000008007690                _vfprintf_r
 .text.__sbprintf
                0x0000000008009318       0x80 c:/users/soran/appdata/roaming/code/user/globalstorage/bmd.stm32-for-vscode/@xpack-dev-tools/arm-none-eabi-gcc/12.2.1-1.2.1/.content/bin/../lib/gcc/arm-none-eabi/12.2.1/../../../../arm-none-eabi/lib/thumb/v8-m.main+fp/hard\libc.a(libc_a-vfprintf.o)
 .text.__sprint_r.part.0
                0x0000000008009398       0x78 c:/users/soran/appdata/roaming/code/user/globalstorage/bmd.stm32-for-vscode/@xpack-dev-tools/arm-none-eabi-gcc/12.2.1-1.2.1/.content/bin/../lib/gcc/arm-none-eabi/12.2.1/../../../../arm-none-eabi/lib/thumb/v8-m.main+fp/hard\libc.a(libc_a-vfiprintf.o)
 .text.__sprint_r
                0x0000000008009410       0x18 c:/users/soran/appdata/roaming/code/user/globalstorage/bmd.stm32-for-vscode/@xpack-dev-tools/arm-none-eabi-gcc/12.2.1-1.2.1/.content/bin/../lib/gcc/arm-none-eabi/12.2.1/../../../../arm-none-eabi/lib/thumb/v8-m.main+fp/hard\libc.a(libc_a-vfiprintf.o)
                0x0000000008009410                __sprint_r
 .text._vfiprintf_r
                0x0000000008009428     0x1004 c:/users/soran/appdata/roaming/code/user/globalstorage/bmd.stm32-for-vscode/@xpack-dev-tools/arm-none-eabi-gcc/12.2.1-1.2.1/.content/bin/../lib/gcc/arm-none-eabi/12.2.1/../../../../arm-none-eabi/lib/thumb/v8-m.main+fp/hard\libc.a(libc_a-vfiprintf.o)
                0x0000000008009428                _vfiprintf_r
 .text.__sbprintf
                0x000000000800a42c       0x80 c:/users/soran/appdata/roaming/code/user/globalstorage/bmd.stm32-for-vscode/@xpack-dev-tools/arm-none-eabi-gcc/12.2.1-1.2.1/.content/bin/../lib/gcc/arm-none-eabi/12.2.1/../../../../arm-none-eabi/lib/thumb/v8-m.main+fp/hard\libc.a(libc_a-vfiprintf.o)
 .text._fclose_r
                0x000000000800a4ac       0xc4 c:/users/soran/appdata/roaming/code/user/globalstorage/bmd.stm32-for-vscode/@xpack-dev-tools/arm-none-eabi-gcc/12.2.1-1.2.1/.content/bin/../lib/gcc/arm-none-eabi/12.2.1/../../../../arm-none-eabi/lib/thumb/v8-m.main+fp/hard\libc.a(libc_a-fclose.o)
                0x000000000800a4ac                _fclose_r
 .text.__sflush_r
                0x000000000800a570      0x138 c:/users/soran/appdata/roaming/code/user/globalstorage/bmd.stm32-for-vscode/@xpack-dev-tools/arm-none-eabi-gcc/12.2.1-1.2.1/.content/bin/../lib/gcc/arm-none-eabi/12.2.1/../../../../arm-none-eabi/lib/thumb/v8-m.main+fp/hard\libc.a(libc_a-fflush.o)
                0x000000000800a570                __sflush_r
 .text._fflush_r
                0x000000000800a6a8       0x54 c:/users/soran/appdata/roaming/code/user/globalstorage/bmd.stm32-for-vscode/@xpack-dev-tools/arm-none-eabi-gcc/12.2.1-1.2.1/.content/bin/../lib/gcc/arm-none-eabi/12.2.1/../../../../arm-none-eabi/lib/thumb/v8-m.main+fp/hard\libc.a(libc_a-fflush.o)
                0x000000000800a6a8                _fflush_r
 .text.__sfvwrite_r
                0x000000000800a6fc      0x2e4 c:/users/soran/appdata/roaming/code/user/globalstorage/bmd.stm32-for-vscode/@xpack-dev-tools/arm-none-eabi-gcc/12.2.1-1.2.1/.content/bin/../lib/gcc/arm-none-eabi/12.2.1/../../../../arm-none-eabi/lib/thumb/v8-m.main+fp/hard\libc.a(libc_a-fvwrite.o)
                0x000000000800a6fc                __sfvwrite_r
 .text.__swsetup_r
                0x000000000800a9e0       0xc0 c:/users/soran/appdata/roaming/code/user/globalstorage/bmd.stm32-for-vscode/@xpack-dev-tools/arm-none-eabi-gcc/12.2.1-1.2.1/.content/bin/../lib/gcc/arm-none-eabi/12.2.1/../../../../arm-none-eabi/lib/thumb/v8-m.main+fp/hard\libc.a(libc_a-wsetup.o)
                0x000000000800a9e0                __swsetup_r
 .text.__fputwc
                0x000000000800aaa0       0x98 c:/users/soran/appdata/roaming/code/user/globalstorage/bmd.stm32-for-vscode/@xpack-dev-tools/arm-none-eabi-gcc/12.2.1-1.2.1/.content/bin/../lib/gcc/arm-none-eabi/12.2.1/../../../../arm-none-eabi/lib/thumb/v8-m.main+fp/hard\libc.a(libc_a-fputwc.o)
                0x000000000800aaa0                __fputwc
 .text._fputwc_r
                0x000000000800ab38       0x64 c:/users/soran/appdata/roaming/code/user/globalstorage/bmd.stm32-for-vscode/@xpack-dev-tools/arm-none-eabi-gcc/12.2.1-1.2.1/.content/bin/../lib/gcc/arm-none-eabi/12.2.1/../../../../arm-none-eabi/lib/thumb/v8-m.main+fp/hard\libc.a(libc_a-fputwc.o)
                0x000000000800ab38                _fputwc_r
 .text.memmove  0x000000000800ab9c      0x100 c:/users/soran/appdata/roaming/code/user/globalstorage/bmd.stm32-for-vscode/@xpack-dev-tools/arm-none-eabi-gcc/12.2.1-1.2.1/.content/bin/../lib/gcc/arm-none-eabi/12.2.1/../../../../arm-none-eabi/lib/thumb/v8-m.main+fp/hard\libc.a(libc_a-memmove.o)
                0x000000000800ab9c                memmove
 .text.strncpy  0x000000000800ac9c       0x68 c:/users/soran/appdata/roaming/code/user/globalstorage/bmd.stm32-for-vscode/@xpack-dev-tools/arm-none-eabi-gcc/12.2.1-1.2.1/.content/bin/../lib/gcc/arm-none-eabi/12.2.1/../../../../arm-none-eabi/lib/thumb/v8-m.main+fp/hard\libc.a(libc_a-strncpy.o)
                0x000000000800ac9c                strncpy
 .text.__locale_mb_cur_max
                0x000000000800ad04        0xc c:/users/soran/appdata/roaming/code/user/globalstorage/bmd.stm32-for-vscode/@xpack-dev-tools/arm-none-eabi-gcc/12.2.1-1.2.1/.content/bin/../lib/gcc/arm-none-eabi/12.2.1/../../../../arm-none-eabi/lib/thumb/v8-m.main+fp/hard\libc.a(libc_a-locale.o)
                0x000000000800ad04                __locale_mb_cur_max
 .text._localeconv_r
                0x000000000800ad10        0x8 c:/users/soran/appdata/roaming/code/user/globalstorage/bmd.stm32-for-vscode/@xpack-dev-tools/arm-none-eabi-gcc/12.2.1-1.2.1/.content/bin/../lib/gcc/arm-none-eabi/12.2.1/../../../../arm-none-eabi/lib/thumb/v8-m.main+fp/hard\libc.a(libc_a-localeconv.o)
                0x000000000800ad10                _localeconv_r
 .text._sbrk_r  0x000000000800ad18       0x24 c:/users/soran/appdata/roaming/code/user/globalstorage/bmd.stm32-for-vscode/@xpack-dev-tools/arm-none-eabi-gcc/12.2.1-1.2.1/.content/bin/../lib/gcc/arm-none-eabi/12.2.1/../../../../arm-none-eabi/lib/thumb/v8-m.main+fp/hard\libc.a(libc_a-sbrkr.o)
                0x000000000800ad18                _sbrk_r
 .text.sysconf  0x000000000800ad3c       0x1c c:/users/soran/appdata/roaming/code/user/globalstorage/bmd.stm32-for-vscode/@xpack-dev-tools/arm-none-eabi-gcc/12.2.1-1.2.1/.content/bin/../lib/gcc/arm-none-eabi/12.2.1/../../../../arm-none-eabi/lib/thumb/v8-m.main+fp/hard\libc.a(libc_a-sysconf.o)
                0x000000000800ad3c                sysconf
 .text.memchr   0x000000000800ad58       0x98 c:/users/soran/appdata/roaming/code/user/globalstorage/bmd.stm32-for-vscode/@xpack-dev-tools/arm-none-eabi-gcc/12.2.1-1.2.1/.content/bin/../lib/gcc/arm-none-eabi/12.2.1/../../../../arm-none-eabi/lib/thumb/v8-m.main+fp/hard\libc.a(libc_a-memchr-stub.o)
                0x000000000800ad58                memchr
 .text.strlen   0x000000000800adf0       0x5c c:/users/soran/appdata/roaming/code/user/globalstorage/bmd.stm32-for-vscode/@xpack-dev-tools/arm-none-eabi-gcc/12.2.1-1.2.1/.content/bin/../lib/gcc/arm-none-eabi/12.2.1/../../../../arm-none-eabi/lib/thumb/v8-m.main+fp/hard\libc.a(libc_a-strlen-stub.o)
                0x000000000800adf0                strlen
 .text.frexp    0x000000000800ae4c       0x6c c:/users/soran/appdata/roaming/code/user/globalstorage/bmd.stm32-for-vscode/@xpack-dev-tools/arm-none-eabi-gcc/12.2.1-1.2.1/.content/bin/../lib/gcc/arm-none-eabi/12.2.1/../../../../arm-none-eabi/lib/thumb/v8-m.main+fp/hard\libc.a(libm_a-s_frexp.o)
                0x000000000800ae4c                frexp
 .text.quorem   0x000000000800aeb8      0x138 c:/users/soran/appdata/roaming/code/user/globalstorage/bmd.stm32-for-vscode/@xpack-dev-tools/arm-none-eabi-gcc/12.2.1-1.2.1/.content/bin/../lib/gcc/arm-none-eabi/12.2.1/../../../../arm-none-eabi/lib/thumb/v8-m.main+fp/hard\libc.a(libc_a-dtoa.o)
 .text._dtoa_r  0x000000000800aff0      0xeb8 c:/users/soran/appdata/roaming/code/user/globalstorage/bmd.stm32-for-vscode/@xpack-dev-tools/arm-none-eabi-gcc/12.2.1-1.2.1/.content/bin/../lib/gcc/arm-none-eabi/12.2.1/../../../../arm-none-eabi/lib/thumb/v8-m.main+fp/hard\libc.a(libc_a-dtoa.o)
                0x000000000800aff0                _dtoa_r
 .text.__ascii_mbtowc
                0x000000000800bea8       0x2c c:/users/soran/appdata/roaming/code/user/globalstorage/bmd.stm32-for-vscode/@xpack-dev-tools/arm-none-eabi-gcc/12.2.1-1.2.1/.content/bin/../lib/gcc/arm-none-eabi/12.2.1/../../../../arm-none-eabi/lib/thumb/v8-m.main+fp/hard\libc.a(libc_a-mbtowc_r.o)
                0x000000000800bea8                __ascii_mbtowc
 .text._Balloc  0x000000000800bed4       0x4c c:/users/soran/appdata/roaming/code/user/globalstorage/bmd.stm32-for-vscode/@xpack-dev-tools/arm-none-eabi-gcc/12.2.1-1.2.1/.content/bin/../lib/gcc/arm-none-eabi/12.2.1/../../../../arm-none-eabi/lib/thumb/v8-m.main+fp/hard\libc.a(libc_a-mprec.o)
                0x000000000800bed4                _Balloc
 .text._Bfree   0x000000000800bf20       0x14 c:/users/soran/appdata/roaming/code/user/globalstorage/bmd.stm32-for-vscode/@xpack-dev-tools/arm-none-eabi-gcc/12.2.1-1.2.1/.content/bin/../lib/gcc/arm-none-eabi/12.2.1/../../../../arm-none-eabi/lib/thumb/v8-m.main+fp/hard\libc.a(libc_a-mprec.o)
                0x000000000800bf20                _Bfree
 .text.__multadd
                0x000000000800bf34       0xa4 c:/users/soran/appdata/roaming/code/user/globalstorage/bmd.stm32-for-vscode/@xpack-dev-tools/arm-none-eabi-gcc/12.2.1-1.2.1/.content/bin/../lib/gcc/arm-none-eabi/12.2.1/../../../../arm-none-eabi/lib/thumb/v8-m.main+fp/hard\libc.a(libc_a-mprec.o)
                0x000000000800bf34                __multadd
 .text.__hi0bits
                0x000000000800bfd8       0x48 c:/users/soran/appdata/roaming/code/user/globalstorage/bmd.stm32-for-vscode/@xpack-dev-tools/arm-none-eabi-gcc/12.2.1-1.2.1/.content/bin/../lib/gcc/arm-none-eabi/12.2.1/../../../../arm-none-eabi/lib/thumb/v8-m.main+fp/hard\libc.a(libc_a-mprec.o)
                0x000000000800bfd8                __hi0bits
 .text.__lo0bits
                0x000000000800c020       0x60 c:/users/soran/appdata/roaming/code/user/globalstorage/bmd.stm32-for-vscode/@xpack-dev-tools/arm-none-eabi-gcc/12.2.1-1.2.1/.content/bin/../lib/gcc/arm-none-eabi/12.2.1/../../../../arm-none-eabi/lib/thumb/v8-m.main+fp/hard\libc.a(libc_a-mprec.o)
                0x000000000800c020                __lo0bits
 .text.__i2b    0x000000000800c080       0x5c c:/users/soran/appdata/roaming/code/user/globalstorage/bmd.stm32-for-vscode/@xpack-dev-tools/arm-none-eabi-gcc/12.2.1-1.2.1/.content/bin/../lib/gcc/arm-none-eabi/12.2.1/../../../../arm-none-eabi/lib/thumb/v8-m.main+fp/hard\libc.a(libc_a-mprec.o)
                0x000000000800c080                __i2b
 .text.__multiply
                0x000000000800c0dc      0x164 c:/users/soran/appdata/roaming/code/user/globalstorage/bmd.stm32-for-vscode/@xpack-dev-tools/arm-none-eabi-gcc/12.2.1-1.2.1/.content/bin/../lib/gcc/arm-none-eabi/12.2.1/../../../../arm-none-eabi/lib/thumb/v8-m.main+fp/hard\libc.a(libc_a-mprec.o)
                0x000000000800c0dc                __multiply
 .text.__pow5mult
                0x000000000800c240       0xb4 c:/users/soran/appdata/roaming/code/user/globalstorage/bmd.stm32-for-vscode/@xpack-dev-tools/arm-none-eabi-gcc/12.2.1-1.2.1/.content/bin/../lib/gcc/arm-none-eabi/12.2.1/../../../../arm-none-eabi/lib/thumb/v8-m.main+fp/hard\libc.a(libc_a-mprec.o)
                0x000000000800c240                __pow5mult
 .text.__lshift
                0x000000000800c2f4       0xe8 c:/users/soran/appdata/roaming/code/user/globalstorage/bmd.stm32-for-vscode/@xpack-dev-tools/arm-none-eabi-gcc/12.2.1-1.2.1/.content/bin/../lib/gcc/arm-none-eabi/12.2.1/../../../../arm-none-eabi/lib/thumb/v8-m.main+fp/hard\libc.a(libc_a-mprec.o)
                0x000000000800c2f4                __lshift
 .text.__mcmp   0x000000000800c3dc       0x44 c:/users/soran/appdata/roaming/code/user/globalstorage/bmd.stm32-for-vscode/@xpack-dev-tools/arm-none-eabi-gcc/12.2.1-1.2.1/.content/bin/../lib/gcc/arm-none-eabi/12.2.1/../../../../arm-none-eabi/lib/thumb/v8-m.main+fp/hard\libc.a(libc_a-mprec.o)
                0x000000000800c3dc                __mcmp
 .text.__mdiff  0x000000000800c420      0x160 c:/users/soran/appdata/roaming/code/user/globalstorage/bmd.stm32-for-vscode/@xpack-dev-tools/arm-none-eabi-gcc/12.2.1-1.2.1/.content/bin/../lib/gcc/arm-none-eabi/12.2.1/../../../../arm-none-eabi/lib/thumb/v8-m.main+fp/hard\libc.a(libc_a-mprec.o)
                0x000000000800c420                __mdiff
 .text.__d2b    0x000000000800c580       0xd4 c:/users/soran/appdata/roaming/code/user/globalstorage/bmd.stm32-for-vscode/@xpack-dev-tools/arm-none-eabi-gcc/12.2.1-1.2.1/.content/bin/../lib/gcc/arm-none-eabi/12.2.1/../../../../arm-none-eabi/lib/thumb/v8-m.main+fp/hard\libc.a(libc_a-mprec.o)
                0x000000000800c580                __d2b
 .text._realloc_r
                0x000000000800c654      0x36c c:/users/soran/appdata/roaming/code/user/globalstorage/bmd.stm32-for-vscode/@xpack-dev-tools/arm-none-eabi-gcc/12.2.1-1.2.1/.content/bin/../lib/gcc/arm-none-eabi/12.2.1/../../../../arm-none-eabi/lib/thumb/v8-m.main+fp/hard\libc.a(libc_a-reallocr.o)
                0x000000000800c654                _realloc_r
 .text.__ascii_wctomb
                0x000000000800c9c0       0x1c c:/users/soran/appdata/roaming/code/user/globalstorage/bmd.stm32-for-vscode/@xpack-dev-tools/arm-none-eabi-gcc/12.2.1-1.2.1/.content/bin/../lib/gcc/arm-none-eabi/12.2.1/../../../../arm-none-eabi/lib/thumb/v8-m.main+fp/hard\libc.a(libc_a-wctomb_r.o)
                0x000000000800c9c0                __ascii_wctomb
 .text._wcrtomb_r
                0x000000000800c9dc       0x4c c:/users/soran/appdata/roaming/code/user/globalstorage/bmd.stm32-for-vscode/@xpack-dev-tools/arm-none-eabi-gcc/12.2.1-1.2.1/.content/bin/../lib/gcc/arm-none-eabi/12.2.1/../../../../arm-none-eabi/lib/thumb/v8-m.main+fp/hard\libc.a(libc_a-wcrtomb.o)
                0x000000000800c9dc                _wcrtomb_r
 .text._wcsrtombs_r
                0x000000000800ca28       0x18 c:/users/soran/appdata/roaming/code/user/globalstorage/bmd.stm32-for-vscode/@xpack-dev-tools/arm-none-eabi-gcc/12.2.1-1.2.1/.content/bin/../lib/gcc/arm-none-eabi/12.2.1/../../../../arm-none-eabi/lib/thumb/v8-m.main+fp/hard\libc.a(libc_a-wcsrtombs.o)
                0x000000000800ca28                _wcsrtombs_r
 .text.__ssprint_r
                0x000000000800ca40      0x104 c:/users/soran/appdata/roaming/code/user/globalstorage/bmd.stm32-for-vscode/@xpack-dev-tools/arm-none-eabi-gcc/12.2.1-1.2.1/.content/bin/../lib/gcc/arm-none-eabi/12.2.1/../../../../arm-none-eabi/lib/thumb/v8-m.main+fp/hard\libc.a(libc_a-svfiprintf.o)
                0x000000000800ca40                __ssprint_r
 .text.__smakebuf_r
                0x000000000800cb44       0xdc c:/users/soran/appdata/roaming/code/user/globalstorage/bmd.stm32-for-vscode/@xpack-dev-tools/arm-none-eabi-gcc/12.2.1-1.2.1/.content/bin/../lib/gcc/arm-none-eabi/12.2.1/../../../../arm-none-eabi/lib/thumb/v8-m.main+fp/hard\libc.a(libc_a-makebuf.o)
                0x000000000800cb44                __smakebuf_r
 .text.__swbuf_r
                0x000000000800cc20       0xac c:/users/soran/appdata/roaming/code/user/globalstorage/bmd.stm32-for-vscode/@xpack-dev-tools/arm-none-eabi-gcc/12.2.1-1.2.1/.content/bin/../lib/gcc/arm-none-eabi/12.2.1/../../../../arm-none-eabi/lib/thumb/v8-m.main+fp/hard\libc.a(libc_a-wbuf.o)
                0x000000000800cc20                __swbuf_r
 .text._fstat_r
                0x000000000800cccc       0x2c c:/users/soran/appdata/roaming/code/user/globalstorage/bmd.stm32-for-vscode/@xpack-dev-tools/arm-none-eabi-gcc/12.2.1-1.2.1/.content/bin/../lib/gcc/arm-none-eabi/12.2.1/../../../../arm-none-eabi/lib/thumb/v8-m.main+fp/hard\libc.a(libc_a-fstatr.o)
                0x000000000800cccc                _fstat_r
 .text._isatty_r
                0x000000000800ccf8       0x24 c:/users/soran/appdata/roaming/code/user/globalstorage/bmd.stm32-for-vscode/@xpack-dev-tools/arm-none-eabi-gcc/12.2.1-1.2.1/.content/bin/../lib/gcc/arm-none-eabi/12.2.1/../../../../arm-none-eabi/lib/thumb/v8-m.main+fp/hard\libc.a(libc_a-isattyr.o)
                0x000000000800ccf8                _isatty_r
 .text.__errno  0x000000000800cd1c        0xc c:/users/soran/appdata/roaming/code/user/globalstorage/bmd.stm32-for-vscode/@xpack-dev-tools/arm-none-eabi-gcc/12.2.1-1.2.1/.content/bin/../lib/gcc/arm-none-eabi/12.2.1/../../../../arm-none-eabi/lib/thumb/v8-m.main+fp/hard\libc.a(libc_a-errno.o)
                0x000000000800cd1c                __errno
 .text.__assert_func
                0x000000000800cd28       0x3c c:/users/soran/appdata/roaming/code/user/globalstorage/bmd.stm32-for-vscode/@xpack-dev-tools/arm-none-eabi-gcc/12.2.1-1.2.1/.content/bin/../lib/gcc/arm-none-eabi/12.2.1/../../../../arm-none-eabi/lib/thumb/v8-m.main+fp/hard\libc.a(libc_a-assert.o)
                0x000000000800cd28                __assert_func
 .text._calloc_r
                0x000000000800cd64       0x70 c:/users/soran/appdata/roaming/code/user/globalstorage/bmd.stm32-for-vscode/@xpack-dev-tools/arm-none-eabi-gcc/12.2.1-1.2.1/.content/bin/../lib/gcc/arm-none-eabi/12.2.1/../../../../arm-none-eabi/lib/thumb/v8-m.main+fp/hard\libc.a(libc_a-callocr.o)
                0x000000000800cd64                _calloc_r
 .text._wcsnrtombs_l
                0x000000000800cdd4       0xfc c:/users/soran/appdata/roaming/code/user/globalstorage/bmd.stm32-for-vscode/@xpack-dev-tools/arm-none-eabi-gcc/12.2.1-1.2.1/.content/bin/../lib/gcc/arm-none-eabi/12.2.1/../../../../arm-none-eabi/lib/thumb/v8-m.main+fp/hard\libc.a(libc_a-wcsnrtombs.o)
                0x000000000800cdd4                _wcsnrtombs_l
 .text._wcsnrtombs_r
                0x000000000800ced0       0x24 c:/users/soran/appdata/roaming/code/user/globalstorage/bmd.stm32-for-vscode/@xpack-dev-tools/arm-none-eabi-gcc/12.2.1-1.2.1/.content/bin/../lib/gcc/arm-none-eabi/12.2.1/../../../../arm-none-eabi/lib/thumb/v8-m.main+fp/hard\libc.a(libc_a-wcsnrtombs.o)
                0x000000000800ced0                _wcsnrtombs_r
 .text.fiprintf
                0x000000000800cef4       0x28 c:/users/soran/appdata/roaming/code/user/globalstorage/bmd.stm32-for-vscode/@xpack-dev-tools/arm-none-eabi-gcc/12.2.1-1.2.1/.content/bin/../lib/gcc/arm-none-eabi/12.2.1/../../../../arm-none-eabi/lib/thumb/v8-m.main+fp/hard\libc.a(libc_a-fiprintf.o)
                0x000000000800cef4                fiprintf
 .text.abort    0x000000000800cf1c       0x10 c:/users/soran/appdata/roaming/code/user/globalstorage/bmd.stm32-for-vscode/@xpack-dev-tools/arm-none-eabi-gcc/12.2.1-1.2.1/.content/bin/../lib/gcc/arm-none-eabi/12.2.1/../../../../arm-none-eabi/lib/thumb/v8-m.main+fp/hard\libc.a(libc_a-abort.o)
                0x000000000800cf1c                abort
 .text.raise    0x000000000800cf2c       0x58 c:/users/soran/appdata/roaming/code/user/globalstorage/bmd.stm32-for-vscode/@xpack-dev-tools/arm-none-eabi-gcc/12.2.1-1.2.1/.content/bin/../lib/gcc/arm-none-eabi/12.2.1/../../../../arm-none-eabi/lib/thumb/v8-m.main+fp/hard\libc.a(libc_a-signal.o)
                0x000000000800cf2c                raise
 .text._kill_r  0x000000000800cf84       0x2c c:/users/soran/appdata/roaming/code/user/globalstorage/bmd.stm32-for-vscode/@xpack-dev-tools/arm-none-eabi-gcc/12.2.1-1.2.1/.content/bin/../lib/gcc/arm-none-eabi/12.2.1/../../../../arm-none-eabi/lib/thumb/v8-m.main+fp/hard\libc.a(libc_a-signalr.o)
                0x000000000800cf84                _kill_r
 .text._getpid_r
                0x000000000800cfb0        0x4 c:/users/soran/appdata/roaming/code/user/globalstorage/bmd.stm32-for-vscode/@xpack-dev-tools/arm-none-eabi-gcc/12.2.1-1.2.1/.content/bin/../lib/gcc/arm-none-eabi/12.2.1/../../../../arm-none-eabi/lib/thumb/v8-m.main+fp/hard\libc.a(libc_a-signalr.o)
                0x000000000800cfb0                _getpid_r
 .text._close   0x000000000800cfb4       0x10 c:/users/soran/appdata/roaming/code/user/globalstorage/bmd.stm32-for-vscode/@xpack-dev-tools/arm-none-eabi-gcc/12.2.1-1.2.1/.content/bin/../lib/gcc/arm-none-eabi/12.2.1/../../../../arm-none-eabi/lib/thumb/v8-m.main+fp/hard\libnosys.a(close.o)
                0x000000000800cfb4                _close
 .text._fstat   0x000000000800cfc4       0x10 c:/users/soran/appdata/roaming/code/user/globalstorage/bmd.stm32-for-vscode/@xpack-dev-tools/arm-none-eabi-gcc/12.2.1-1.2.1/.content/bin/../lib/gcc/arm-none-eabi/12.2.1/../../../../arm-none-eabi/lib/thumb/v8-m.main+fp/hard\libnosys.a(fstat.o)
                0x000000000800cfc4                _fstat
 .text._getpid  0x000000000800cfd4       0x10 c:/users/soran/appdata/roaming/code/user/globalstorage/bmd.stm32-for-vscode/@xpack-dev-tools/arm-none-eabi-gcc/12.2.1-1.2.1/.content/bin/../lib/gcc/arm-none-eabi/12.2.1/../../../../arm-none-eabi/lib/thumb/v8-m.main+fp/hard\libnosys.a(getpid.o)
                0x000000000800cfd4                _getpid
 .text._isatty  0x000000000800cfe4       0x10 c:/users/soran/appdata/roaming/code/user/globalstorage/bmd.stm32-for-vscode/@xpack-dev-tools/arm-none-eabi-gcc/12.2.1-1.2.1/.content/bin/../lib/gcc/arm-none-eabi/12.2.1/../../../../arm-none-eabi/lib/thumb/v8-m.main+fp/hard\libnosys.a(isatty.o)
                0x000000000800cfe4                _isatty
 .text._kill    0x000000000800cff4       0x10 c:/users/soran/appdata/roaming/code/user/globalstorage/bmd.stm32-for-vscode/@xpack-dev-tools/arm-none-eabi-gcc/12.2.1-1.2.1/.content/bin/../lib/gcc/arm-none-eabi/12.2.1/../../../../arm-none-eabi/lib/thumb/v8-m.main+fp/hard\libnosys.a(kill.o)
                0x000000000800cff4                _kill
 .text._lseek   0x000000000800d004       0x10 c:/users/soran/appdata/roaming/code/user/globalstorage/bmd.stm32-for-vscode/@xpack-dev-tools/arm-none-eabi-gcc/12.2.1-1.2.1/.content/bin/../lib/gcc/arm-none-eabi/12.2.1/../../../../arm-none-eabi/lib/thumb/v8-m.main+fp/hard\libnosys.a(lseek.o)
                0x000000000800d004                _lseek
 .text._read    0x000000000800d014       0x10 c:/users/soran/appdata/roaming/code/user/globalstorage/bmd.stm32-for-vscode/@xpack-dev-tools/arm-none-eabi-gcc/12.2.1-1.2.1/.content/bin/../lib/gcc/arm-none-eabi/12.2.1/../../../../arm-none-eabi/lib/thumb/v8-m.main+fp/hard\libnosys.a(read.o)
                0x000000000800d014                _read
 .text._sbrk    0x000000000800d024       0x20 c:/users/soran/appdata/roaming/code/user/globalstorage/bmd.stm32-for-vscode/@xpack-dev-tools/arm-none-eabi-gcc/12.2.1-1.2.1/.content/bin/../lib/gcc/arm-none-eabi/12.2.1/../../../../arm-none-eabi/lib/thumb/v8-m.main+fp/hard\libnosys.a(sbrk.o)
                0x000000000800d024                _sbrk
 .text._write   0x000000000800d044       0x10 c:/users/soran/appdata/roaming/code/user/globalstorage/bmd.stm32-for-vscode/@xpack-dev-tools/arm-none-eabi-gcc/12.2.1-1.2.1/.content/bin/../lib/gcc/arm-none-eabi/12.2.1/../../../../arm-none-eabi/lib/thumb/v8-m.main+fp/hard\libnosys.a(write.o)
                0x000000000800d044                _write
 .text._exit    0x000000000800d054        0x4 c:/users/soran/appdata/roaming/code/user/globalstorage/bmd.stm32-for-vscode/@xpack-dev-tools/arm-none-eabi-gcc/12.2.1-1.2.1/.content/bin/../lib/gcc/arm-none-eabi/12.2.1/../../../../arm-none-eabi/lib/thumb/v8-m.main+fp/hard\libnosys.a(_exit.o)
                0x000000000800d054                _exit
 *(.glue_7)
 .glue_7        0x000000000800d058        0x0 linker stubs
 *(.glue_7t)
 .glue_7t       0x000000000800d058        0x0 linker stubs
 *(.eh_frame)
 .eh_frame      0x000000000800d058        0x0 c:/users/soran/appdata/roaming/code/user/globalstorage/bmd.stm32-for-vscode/@xpack-dev-tools/arm-none-eabi-gcc/12.2.1-1.2.1/.content/bin/../lib/gcc/arm-none-eabi/12.2.1/thumb/v8-m.main+fp/hard/crtbegin.o
 *(.init)
 .init          0x000000000800d058        0x4 c:/users/soran/appdata/roaming/code/user/globalstorage/bmd.stm32-for-vscode/@xpack-dev-tools/arm-none-eabi-gcc/12.2.1-1.2.1/.content/bin/../lib/gcc/arm-none-eabi/12.2.1/thumb/v8-m.main+fp/hard/crti.o
                0x000000000800d058                _init
 .init          0x000000000800d05c        0x8 c:/users/soran/appdata/roaming/code/user/globalstorage/bmd.stm32-for-vscode/@xpack-dev-tools/arm-none-eabi-gcc/12.2.1-1.2.1/.content/bin/../lib/gcc/arm-none-eabi/12.2.1/thumb/v8-m.main+fp/hard/crtn.o
 *(.fini)
 .fini          0x000000000800d064        0x4 c:/users/soran/appdata/roaming/code/user/globalstorage/bmd.stm32-for-vscode/@xpack-dev-tools/arm-none-eabi-gcc/12.2.1-1.2.1/.content/bin/../lib/gcc/arm-none-eabi/12.2.1/thumb/v8-m.main+fp/hard/crti.o
                0x000000000800d064                _fini
 .fini          0x000000000800d068        0x8 c:/users/soran/appdata/roaming/code/user/globalstorage/bmd.stm32-for-vscode/@xpack-dev-tools/arm-none-eabi-gcc/12.2.1-1.2.1/.content/bin/../lib/gcc/arm-none-eabi/12.2.1/thumb/v8-m.main+fp/hard/crtn.o
                0x000000000800d070                _etext = .

.vfp11_veneer   0x000000000800d070        0x0
 .vfp11_veneer  0x000000000800d070        0x0 linker stubs

.v4_bx          0x000000000800d070        0x0
 .v4_bx         0x000000000800d070        0x0 linker stubs

.iplt           0x000000000800d070        0x0
 .iplt          0x000000000800d070        0x0 c:/users/soran/appdata/roaming/code/user/globalstorage/bmd.stm32-for-vscode/@xpack-dev-tools/arm-none-eabi-gcc/12.2.1-1.2.1/.content/bin/../lib/gcc/arm-none-eabi/12.2.1/thumb/v8-m.main+fp/hard/crtbegin.o

.rodata         0x000000000800d070      0x55b
 *(.rodata)
 *(.rodata*)
 .rodata.LPGPIO_Map
                0x000000000800d070       0x80 build/stm32u5xx_hal_gpio.o
 .rodata.setMux.str1.4
                0x000000000800d0f0       0x31 build/main.o
 *fill*         0x000000000800d121        0x3 
 .rodata.main.str1.4
                0x000000000800d124       0x13 build/main.o
 *fill*         0x000000000800d137        0x1 
 .rodata.MSIRangeTable
                0x000000000800d138       0x40 build/system_stm32u5xx.o
                0x000000000800d138                MSIRangeTable
 .rodata.AHBPrescTable
                0x000000000800d178       0x10 build/system_stm32u5xx.o
                0x000000000800d178                AHBPrescTable
 .rodata._svfprintf_r.str1.4
                0x000000000800d188       0x42 c:/users/soran/appdata/roaming/code/user/globalstorage/bmd.stm32-for-vscode/@xpack-dev-tools/arm-none-eabi-gcc/12.2.1-1.2.1/.content/bin/../lib/gcc/arm-none-eabi/12.2.1/../../../../arm-none-eabi/lib/thumb/v8-m.main+fp/hard\libc.a(libc_a-svfprintf.o)
 *fill*         0x000000000800d1ca        0x2 
 .rodata.zeroes.0
                0x000000000800d1cc       0x10 c:/users/soran/appdata/roaming/code/user/globalstorage/bmd.stm32-for-vscode/@xpack-dev-tools/arm-none-eabi-gcc/12.2.1-1.2.1/.content/bin/../lib/gcc/arm-none-eabi/12.2.1/../../../../arm-none-eabi/lib/thumb/v8-m.main+fp/hard\libc.a(libc_a-svfprintf.o)
 .rodata.blanks.1
                0x000000000800d1dc       0x10 c:/users/soran/appdata/roaming/code/user/globalstorage/bmd.stm32-for-vscode/@xpack-dev-tools/arm-none-eabi-gcc/12.2.1-1.2.1/.content/bin/../lib/gcc/arm-none-eabi/12.2.1/../../../../arm-none-eabi/lib/thumb/v8-m.main+fp/hard\libc.a(libc_a-svfprintf.o)
 .rodata._vfprintf_r.str1.4
                0x000000000800d1ec       0x42 c:/users/soran/appdata/roaming/code/user/globalstorage/bmd.stm32-for-vscode/@xpack-dev-tools/arm-none-eabi-gcc/12.2.1-1.2.1/.content/bin/../lib/gcc/arm-none-eabi/12.2.1/../../../../arm-none-eabi/lib/thumb/v8-m.main+fp/hard\libc.a(libc_a-vfprintf.o)
 .rodata.zeroes.0
                0x000000000800d1ec       0x10 c:/users/soran/appdata/roaming/code/user/globalstorage/bmd.stm32-for-vscode/@xpack-dev-tools/arm-none-eabi-gcc/12.2.1-1.2.1/.content/bin/../lib/gcc/arm-none-eabi/12.2.1/../../../../arm-none-eabi/lib/thumb/v8-m.main+fp/hard\libc.a(libc_a-vfprintf.o)
 .rodata.blanks.1
                0x000000000800d1fc       0x10 c:/users/soran/appdata/roaming/code/user/globalstorage/bmd.stm32-for-vscode/@xpack-dev-tools/arm-none-eabi-gcc/12.2.1-1.2.1/.content/bin/../lib/gcc/arm-none-eabi/12.2.1/../../../../arm-none-eabi/lib/thumb/v8-m.main+fp/hard\libc.a(libc_a-vfprintf.o)
 .rodata._vfiprintf_r.str1.4
                0x000000000800d20c       0x2f c:/users/soran/appdata/roaming/code/user/globalstorage/bmd.stm32-for-vscode/@xpack-dev-tools/arm-none-eabi-gcc/12.2.1-1.2.1/.content/bin/../lib/gcc/arm-none-eabi/12.2.1/../../../../arm-none-eabi/lib/thumb/v8-m.main+fp/hard\libc.a(libc_a-vfiprintf.o)
 .rodata.zeroes.0
                0x000000000800d20c       0x10 c:/users/soran/appdata/roaming/code/user/globalstorage/bmd.stm32-for-vscode/@xpack-dev-tools/arm-none-eabi-gcc/12.2.1-1.2.1/.content/bin/../lib/gcc/arm-none-eabi/12.2.1/../../../../arm-none-eabi/lib/thumb/v8-m.main+fp/hard\libc.a(libc_a-vfiprintf.o)
 .rodata.blanks.1
                0x000000000800d21c       0x10 c:/users/soran/appdata/roaming/code/user/globalstorage/bmd.stm32-for-vscode/@xpack-dev-tools/arm-none-eabi-gcc/12.2.1-1.2.1/.content/bin/../lib/gcc/arm-none-eabi/12.2.1/../../../../arm-none-eabi/lib/thumb/v8-m.main+fp/hard\libc.a(libc_a-vfiprintf.o)
 .rodata.str1.4
                0x000000000800d22c       0x48 c:/users/soran/appdata/roaming/code/user/globalstorage/bmd.stm32-for-vscode/@xpack-dev-tools/arm-none-eabi-gcc/12.2.1-1.2.1/.content/bin/../lib/gcc/arm-none-eabi/12.2.1/../../../../arm-none-eabi/lib/thumb/v8-m.main+fp/hard\libc.a(libc_a-locale.o)
                                         0x4c (size before relaxing)
 .rodata._dtoa_r.str1.4
                0x000000000800d274       0x99 c:/users/soran/appdata/roaming/code/user/globalstorage/bmd.stm32-for-vscode/@xpack-dev-tools/arm-none-eabi-gcc/12.2.1-1.2.1/.content/bin/../lib/gcc/arm-none-eabi/12.2.1/../../../../arm-none-eabi/lib/thumb/v8-m.main+fp/hard\libc.a(libc_a-dtoa.o)
                                         0x9d (size before relaxing)
 *fill*         0x000000000800d30d        0x3 
 .rodata.__multadd.str1.4
                0x000000000800d310       0x76 c:/users/soran/appdata/roaming/code/user/globalstorage/bmd.stm32-for-vscode/@xpack-dev-tools/arm-none-eabi-gcc/12.2.1-1.2.1/.content/bin/../lib/gcc/arm-none-eabi/12.2.1/../../../../arm-none-eabi/lib/thumb/v8-m.main+fp/hard\libc.a(libc_a-mprec.o)
                                         0x8a (size before relaxing)
 *fill*         0x000000000800d386        0x2 
 .rodata.p05.0  0x000000000800d388        0xc c:/users/soran/appdata/roaming/code/user/globalstorage/bmd.stm32-for-vscode/@xpack-dev-tools/arm-none-eabi-gcc/12.2.1-1.2.1/.content/bin/../lib/gcc/arm-none-eabi/12.2.1/../../../../arm-none-eabi/lib/thumb/v8-m.main+fp/hard\libc.a(libc_a-mprec.o)
 *fill*         0x000000000800d394        0x4 
 .rodata.__mprec_bigtens
                0x000000000800d398       0x28 c:/users/soran/appdata/roaming/code/user/globalstorage/bmd.stm32-for-vscode/@xpack-dev-tools/arm-none-eabi-gcc/12.2.1-1.2.1/.content/bin/../lib/gcc/arm-none-eabi/12.2.1/../../../../arm-none-eabi/lib/thumb/v8-m.main+fp/hard\libc.a(libc_a-mprec.o)
                0x000000000800d398                __mprec_bigtens
 .rodata.__mprec_tens
                0x000000000800d3c0       0xc8 c:/users/soran/appdata/roaming/code/user/globalstorage/bmd.stm32-for-vscode/@xpack-dev-tools/arm-none-eabi-gcc/12.2.1-1.2.1/.content/bin/../lib/gcc/arm-none-eabi/12.2.1/../../../../arm-none-eabi/lib/thumb/v8-m.main+fp/hard\libc.a(libc_a-mprec.o)
                0x000000000800d3c0                __mprec_tens
 .rodata._ctype_
                0x000000000800d488      0x101 c:/users/soran/appdata/roaming/code/user/globalstorage/bmd.stm32-for-vscode/@xpack-dev-tools/arm-none-eabi-gcc/12.2.1-1.2.1/.content/bin/../lib/gcc/arm-none-eabi/12.2.1/../../../../arm-none-eabi/lib/thumb/v8-m.main+fp/hard\libc.a(libc_a-ctype_.o)
                0x000000000800d488                _ctype_
 *fill*         0x000000000800d589        0x3 
 .rodata.__assert_func.str1.4
                0x000000000800d58c       0x3f c:/users/soran/appdata/roaming/code/user/globalstorage/bmd.stm32-for-vscode/@xpack-dev-tools/arm-none-eabi-gcc/12.2.1-1.2.1/.content/bin/../lib/gcc/arm-none-eabi/12.2.1/../../../../arm-none-eabi/lib/thumb/v8-m.main+fp/hard\libc.a(libc_a-assert.o)
                                         0x43 (size before relaxing)

.rel.dyn        0x000000000800d5cc        0x0
 .rel.iplt      0x000000000800d5cc        0x0 c:/users/soran/appdata/roaming/code/user/globalstorage/bmd.stm32-for-vscode/@xpack-dev-tools/arm-none-eabi-gcc/12.2.1-1.2.1/.content/bin/../lib/gcc/arm-none-eabi/12.2.1/thumb/v8-m.main+fp/hard/crtbegin.o

.ARM.extab
 *(.ARM.extab* .gnu.linkonce.armextab.*)

.ARM            0x000000000800d5cb        0x0
                0x000000000800d5cb                __exidx_start = .
 *(.ARM.exidx*)
                0x000000000800d5cb                __exidx_end = .

.preinit_array  0x000000000800d5cb        0x0
                0x000000000800d5cb                PROVIDE (__preinit_array_start = .)
 *(.preinit_array*)
                0x000000000800d5cb                PROVIDE (__preinit_array_end = .)

.init_array     0x000000000800d5cc        0x8
                0x000000000800d5cc                PROVIDE (__init_array_start = .)
 *(SORT_BY_NAME(.init_array.*))
 .init_array.00000
                0x000000000800d5cc        0x4 c:/users/soran/appdata/roaming/code/user/globalstorage/bmd.stm32-for-vscode/@xpack-dev-tools/arm-none-eabi-gcc/12.2.1-1.2.1/.content/bin/../lib/gcc/arm-none-eabi/12.2.1/../../../../arm-none-eabi/lib/thumb/v8-m.main+fp/hard\libc.a(libc_a-__call_atexit.o)
 *(.init_array*)
 .init_array    0x000000000800d5d0        0x4 c:/users/soran/appdata/roaming/code/user/globalstorage/bmd.stm32-for-vscode/@xpack-dev-tools/arm-none-eabi-gcc/12.2.1-1.2.1/.content/bin/../lib/gcc/arm-none-eabi/12.2.1/thumb/v8-m.main+fp/hard/crtbegin.o
                0x000000000800d5d4                PROVIDE (__init_array_end = .)

.fini_array     0x000000000800d5d4        0x4
                0x000000000800d5d4                PROVIDE (__fini_array_start = .)
 *(SORT_BY_NAME(.fini_array.*))
 *(.fini_array*)
 .fini_array    0x000000000800d5d4        0x4 c:/users/soran/appdata/roaming/code/user/globalstorage/bmd.stm32-for-vscode/@xpack-dev-tools/arm-none-eabi-gcc/12.2.1-1.2.1/.content/bin/../lib/gcc/arm-none-eabi/12.2.1/thumb/v8-m.main+fp/hard/crtbegin.o
                0x000000000800d5d8                PROVIDE (__fini_array_end = .)
                0x000000000800d5d8                _sidata = LOADADDR (.data)

.data           0x0000000020000000      0x6c4 load address 0x000000000800d5d8
                0x0000000020000000                _sdata = .
 *(.data)
 *(.data*)
 .data.uwTickFreq
                0x0000000020000000        0x1 build/stm32u5xx_hal.o
                0x0000000020000000                uwTickFreq
 *fill*         0x0000000020000001        0x3 
 .data.uwTickPrio
                0x0000000020000004        0x4 build/stm32u5xx_hal.o
                0x0000000020000004                uwTickPrio
 .data.SystemCoreClock
                0x0000000020000008        0x4 build/system_stm32u5xx.o
                0x0000000020000008                SystemCoreClock
 .data.__sglue  0x000000002000000c        0xc c:/users/soran/appdata/roaming/code/user/globalstorage/bmd.stm32-for-vscode/@xpack-dev-tools/arm-none-eabi-gcc/12.2.1-1.2.1/.content/bin/../lib/gcc/arm-none-eabi/12.2.1/../../../../arm-none-eabi/lib/thumb/v8-m.main+fp/hard\libc.a(libc_a-findfp.o)
                0x000000002000000c                __sglue
 .data._impure_ptr
                0x0000000020000018        0x4 c:/users/soran/appdata/roaming/code/user/globalstorage/bmd.stm32-for-vscode/@xpack-dev-tools/arm-none-eabi-gcc/12.2.1-1.2.1/.content/bin/../lib/gcc/arm-none-eabi/12.2.1/../../../../arm-none-eabi/lib/thumb/v8-m.main+fp/hard\libc.a(libc_a-impure.o)
                0x0000000020000018                _impure_ptr
 *fill*         0x000000002000001c        0x4 
 .data._impure_data
                0x0000000020000020      0x120 c:/users/soran/appdata/roaming/code/user/globalstorage/bmd.stm32-for-vscode/@xpack-dev-tools/arm-none-eabi-gcc/12.2.1-1.2.1/.content/bin/../lib/gcc/arm-none-eabi/12.2.1/../../../../arm-none-eabi/lib/thumb/v8-m.main+fp/hard\libc.a(libc_a-impure.o)
                0x0000000020000020                _impure_data
 .data.__atexit_recursive_mutex
                0x0000000020000140        0x4 c:/users/soran/appdata/roaming/code/user/globalstorage/bmd.stm32-for-vscode/@xpack-dev-tools/arm-none-eabi-gcc/12.2.1-1.2.1/.content/bin/../lib/gcc/arm-none-eabi/12.2.1/../../../../arm-none-eabi/lib/thumb/v8-m.main+fp/hard\libc.a(libc_a-__call_atexit.o)
                0x0000000020000140                __atexit_recursive_mutex
 .data.__malloc_sbrk_base
                0x0000000020000144        0x4 c:/users/soran/appdata/roaming/code/user/globalstorage/bmd.stm32-for-vscode/@xpack-dev-tools/arm-none-eabi-gcc/12.2.1-1.2.1/.content/bin/../lib/gcc/arm-none-eabi/12.2.1/../../../../arm-none-eabi/lib/thumb/v8-m.main+fp/hard\libc.a(libc_a-mallocr.o)
                0x0000000020000144                __malloc_sbrk_base
 .data.__malloc_trim_threshold
                0x0000000020000148        0x4 c:/users/soran/appdata/roaming/code/user/globalstorage/bmd.stm32-for-vscode/@xpack-dev-tools/arm-none-eabi-gcc/12.2.1-1.2.1/.content/bin/../lib/gcc/arm-none-eabi/12.2.1/../../../../arm-none-eabi/lib/thumb/v8-m.main+fp/hard\libc.a(libc_a-mallocr.o)
                0x0000000020000148                __malloc_trim_threshold
 *fill*         0x000000002000014c        0x4 
 .data.__malloc_av_
                0x0000000020000150      0x408 c:/users/soran/appdata/roaming/code/user/globalstorage/bmd.stm32-for-vscode/@xpack-dev-tools/arm-none-eabi-gcc/12.2.1-1.2.1/.content/bin/../lib/gcc/arm-none-eabi/12.2.1/../../../../arm-none-eabi/lib/thumb/v8-m.main+fp/hard\libc.a(libc_a-mallocr.o)
                0x0000000020000150                __malloc_av_
 .data.__global_locale
                0x0000000020000558      0x16c c:/users/soran/appdata/roaming/code/user/globalstorage/bmd.stm32-for-vscode/@xpack-dev-tools/arm-none-eabi-gcc/12.2.1-1.2.1/.content/bin/../lib/gcc/arm-none-eabi/12.2.1/../../../../arm-none-eabi/lib/thumb/v8-m.main+fp/hard\libc.a(libc_a-locale.o)
                0x0000000020000558                __global_locale
 *(.RamFunc)
 *(.RamFunc*)
                0x00000000200006c4                _edata = .

.igot.plt       0x00000000200006c4        0x0 load address 0x000000000800dc9c
 .igot.plt      0x00000000200006c4        0x0 c:/users/soran/appdata/roaming/code/user/globalstorage/bmd.stm32-for-vscode/@xpack-dev-tools/arm-none-eabi-gcc/12.2.1-1.2.1/.content/bin/../lib/gcc/arm-none-eabi/12.2.1/thumb/v8-m.main+fp/hard/crtbegin.o

.bss            0x00000000200006c4      0x53c load address 0x000000000800dc9c
                0x00000000200006c4                _sbss = .
                0x00000000200006c4                __bss_start__ = _sbss
 *(.bss)
 *(.bss*)
 .bss.completed.1
                0x00000000200006c4        0x1 c:/users/soran/appdata/roaming/code/user/globalstorage/bmd.stm32-for-vscode/@xpack-dev-tools/arm-none-eabi-gcc/12.2.1-1.2.1/.content/bin/../lib/gcc/arm-none-eabi/12.2.1/thumb/v8-m.main+fp/hard/crtbegin.o
 *fill*         0x00000000200006c5        0x3 
 .bss.object.0  0x00000000200006c8       0x18 c:/users/soran/appdata/roaming/code/user/globalstorage/bmd.stm32-for-vscode/@xpack-dev-tools/arm-none-eabi-gcc/12.2.1-1.2.1/.content/bin/../lib/gcc/arm-none-eabi/12.2.1/thumb/v8-m.main+fp/hard/crtbegin.o
 .bss.uwTick    0x00000000200006e0        0x4 build/stm32u5xx_hal.o
                0x00000000200006e0                uwTick
 .bss.ADCQueue  0x00000000200006e4       0x18 build/linked_list.o
                0x00000000200006e4                ADCQueue
 .bss.ADCNode   0x00000000200006fc       0x24 build/linked_list.o
                0x00000000200006fc                ADCNode
 .bss.aADCxConvertedData
                0x0000000020000720       0x30 build/main.o
                0x0000000020000720                aADCxConvertedData
 .bss.huart1    0x0000000020000750       0x94 build/main.o
                0x0000000020000750                huart1
 .bss.handle_GPDMA1_Channel10
                0x00000000200007e4       0x78 build/main.o
                0x00000000200007e4                handle_GPDMA1_Channel10
 .bss.hadc1     0x000000002000085c       0x8c build/main.o
                0x000000002000085c                hadc1
 .bss.__sf      0x00000000200008e8      0x138 c:/users/soran/appdata/roaming/code/user/globalstorage/bmd.stm32-for-vscode/@xpack-dev-tools/arm-none-eabi-gcc/12.2.1-1.2.1/.content/bin/../lib/gcc/arm-none-eabi/12.2.1/../../../../arm-none-eabi/lib/thumb/v8-m.main+fp/hard\libc.a(libc_a-findfp.o)
                0x00000000200008e8                __sf
 .bss.__stdio_exit_handler
                0x0000000020000a20        0x4 c:/users/soran/appdata/roaming/code/user/globalstorage/bmd.stm32-for-vscode/@xpack-dev-tools/arm-none-eabi-gcc/12.2.1-1.2.1/.content/bin/../lib/gcc/arm-none-eabi/12.2.1/../../../../arm-none-eabi/lib/thumb/v8-m.main+fp/hard\libc.a(libc_a-findfp.o)
                0x0000000020000a20                __stdio_exit_handler
 .bss.errno     0x0000000020000a24        0x4 c:/users/soran/appdata/roaming/code/user/globalstorage/bmd.stm32-for-vscode/@xpack-dev-tools/arm-none-eabi-gcc/12.2.1-1.2.1/.content/bin/../lib/gcc/arm-none-eabi/12.2.1/../../../../arm-none-eabi/lib/thumb/v8-m.main+fp/hard\libc.a(libc_a-reent.o)
                0x0000000020000a24                errno
 .bss.__lock___malloc_recursive_mutex
                0x0000000020000a28        0x1 c:/users/soran/appdata/roaming/code/user/globalstorage/bmd.stm32-for-vscode/@xpack-dev-tools/arm-none-eabi-gcc/12.2.1-1.2.1/.content/bin/../lib/gcc/arm-none-eabi/12.2.1/../../../../arm-none-eabi/lib/thumb/v8-m.main+fp/hard\libc.a(libc_a-lock.o)
                0x0000000020000a28                __lock___malloc_recursive_mutex
 *fill*         0x0000000020000a29        0x3 
 .bss.__lock___atexit_recursive_mutex
                0x0000000020000a2c        0x1 c:/users/soran/appdata/roaming/code/user/globalstorage/bmd.stm32-for-vscode/@xpack-dev-tools/arm-none-eabi-gcc/12.2.1-1.2.1/.content/bin/../lib/gcc/arm-none-eabi/12.2.1/../../../../arm-none-eabi/lib/thumb/v8-m.main+fp/hard\libc.a(libc_a-lock.o)
                0x0000000020000a2c                __lock___atexit_recursive_mutex
 *fill*         0x0000000020000a2d        0x3 
 .bss.__lock___sfp_recursive_mutex
                0x0000000020000a30        0x1 c:/users/soran/appdata/roaming/code/user/globalstorage/bmd.stm32-for-vscode/@xpack-dev-tools/arm-none-eabi-gcc/12.2.1-1.2.1/.content/bin/../lib/gcc/arm-none-eabi/12.2.1/../../../../arm-none-eabi/lib/thumb/v8-m.main+fp/hard\libc.a(libc_a-lock.o)
                0x0000000020000a30                __lock___sfp_recursive_mutex
 *fill*         0x0000000020000a31        0x3 
 .bss.__atexit0
                0x0000000020000a34      0x190 c:/users/soran/appdata/roaming/code/user/globalstorage/bmd.stm32-for-vscode/@xpack-dev-tools/arm-none-eabi-gcc/12.2.1-1.2.1/.content/bin/../lib/gcc/arm-none-eabi/12.2.1/../../../../arm-none-eabi/lib/thumb/v8-m.main+fp/hard\libc.a(libc_a-__atexit.o)
                0x0000000020000a34                __atexit0
 .bss.__atexit  0x0000000020000bc4        0x4 c:/users/soran/appdata/roaming/code/user/globalstorage/bmd.stm32-for-vscode/@xpack-dev-tools/arm-none-eabi-gcc/12.2.1-1.2.1/.content/bin/../lib/gcc/arm-none-eabi/12.2.1/../../../../arm-none-eabi/lib/thumb/v8-m.main+fp/hard\libc.a(libc_a-__call_atexit.o)
                0x0000000020000bc4                __atexit
 .bss.__malloc_current_mallinfo
                0x0000000020000bc8       0x28 c:/users/soran/appdata/roaming/code/user/globalstorage/bmd.stm32-for-vscode/@xpack-dev-tools/arm-none-eabi-gcc/12.2.1-1.2.1/.content/bin/../lib/gcc/arm-none-eabi/12.2.1/../../../../arm-none-eabi/lib/thumb/v8-m.main+fp/hard\libc.a(libc_a-mallocr.o)
                0x0000000020000bc8                __malloc_current_mallinfo
 .bss.__malloc_max_total_mem
                0x0000000020000bf0        0x4 c:/users/soran/appdata/roaming/code/user/globalstorage/bmd.stm32-for-vscode/@xpack-dev-tools/arm-none-eabi-gcc/12.2.1-1.2.1/.content/bin/../lib/gcc/arm-none-eabi/12.2.1/../../../../arm-none-eabi/lib/thumb/v8-m.main+fp/hard\libc.a(libc_a-mallocr.o)
                0x0000000020000bf0                __malloc_max_total_mem
 .bss.__malloc_max_sbrked_mem
                0x0000000020000bf4        0x4 c:/users/soran/appdata/roaming/code/user/globalstorage/bmd.stm32-for-vscode/@xpack-dev-tools/arm-none-eabi-gcc/12.2.1-1.2.1/.content/bin/../lib/gcc/arm-none-eabi/12.2.1/../../../../arm-none-eabi/lib/thumb/v8-m.main+fp/hard\libc.a(libc_a-mallocr.o)
                0x0000000020000bf4                __malloc_max_sbrked_mem
 .bss.__malloc_top_pad
                0x0000000020000bf8        0x4 c:/users/soran/appdata/roaming/code/user/globalstorage/bmd.stm32-for-vscode/@xpack-dev-tools/arm-none-eabi-gcc/12.2.1-1.2.1/.content/bin/../lib/gcc/arm-none-eabi/12.2.1/../../../../arm-none-eabi/lib/thumb/v8-m.main+fp/hard\libc.a(libc_a-mallocr.o)
                0x0000000020000bf8                __malloc_top_pad
 .bss.heap_end.0
                0x0000000020000bfc        0x4 c:/users/soran/appdata/roaming/code/user/globalstorage/bmd.stm32-for-vscode/@xpack-dev-tools/arm-none-eabi-gcc/12.2.1-1.2.1/.content/bin/../lib/gcc/arm-none-eabi/12.2.1/../../../../arm-none-eabi/lib/thumb/v8-m.main+fp/hard\libnosys.a(sbrk.o)
 *(COMMON)
                0x0000000020000c00                _ebss = .
                0x0000000020000c00                __bss_end__ = _ebss

._user_heap_stack
                0x0000000020000c00      0x600 load address 0x000000000800dc9c
                0x0000000020000c00                . = ALIGN (0x8)
                0x0000000020000c00                PROVIDE (end = .)
                [!provide]                        PROVIDE (_end = .)
                0x0000000020000e00                . = (. + _Min_Heap_Size)
 *fill*         0x0000000020000c00      0x200 
                0x0000000020001200                . = (. + _Min_Stack_Size)
 *fill*         0x0000000020000e00      0x400 
                0x0000000020001200                . = ALIGN (0x8)

/DISCARD/
 libc.a(*)
 libm.a(*)
 libgcc.a(*)

.ARM.attributes
                0x0000000000000000       0x36
 *(.ARM.attributes)
 .ARM.attributes
                0x0000000000000000       0x26 c:/users/soran/appdata/roaming/code/user/globalstorage/bmd.stm32-for-vscode/@xpack-dev-tools/arm-none-eabi-gcc/12.2.1-1.2.1/.content/bin/../lib/gcc/arm-none-eabi/12.2.1/thumb/v8-m.main+fp/hard/crti.o
 .ARM.attributes
                0x0000000000000026       0x38 c:/users/soran/appdata/roaming/code/user/globalstorage/bmd.stm32-for-vscode/@xpack-dev-tools/arm-none-eabi-gcc/12.2.1-1.2.1/.content/bin/../lib/gcc/arm-none-eabi/12.2.1/thumb/v8-m.main+fp/hard/crtbegin.o
 .ARM.attributes
                0x000000000000005e       0x3a build/stm32u5xx_hal.o
 .ARM.attributes
                0x0000000000000098       0x3a build/stm32u5xx_hal_adc.o
 .ARM.attributes
                0x00000000000000d2       0x3a build/stm32u5xx_hal_cortex.o
 .ARM.attributes
                0x000000000000010c       0x3a build/stm32u5xx_hal_dma.o
 .ARM.attributes
                0x0000000000000146       0x3a build/stm32u5xx_hal_dma_ex.o
 .ARM.attributes
                0x0000000000000180       0x3a build/stm32u5xx_hal_gpio.o
 .ARM.attributes
                0x00000000000001ba       0x3a build/stm32u5xx_hal_icache.o
 .ARM.attributes
                0x00000000000001f4       0x3a build/stm32u5xx_hal_pwr_ex.o
 .ARM.attributes
                0x000000000000022e       0x3a build/stm32u5xx_hal_rcc.o
 .ARM.attributes
                0x0000000000000268       0x3a build/stm32u5xx_hal_rcc_ex.o
 .ARM.attributes
                0x00000000000002a2       0x3a build/linked_list.o
 .ARM.attributes
                0x00000000000002dc       0x3a build/main.o
 .ARM.attributes
                0x0000000000000316       0x3a build/stm32u5xx_hal_msp.o
 .ARM.attributes
                0x0000000000000350       0x3a build/stm32u5xx_it.o
 .ARM.attributes
                0x000000000000038a       0x3a build/system_stm32u5xx.o
 .ARM.attributes
                0x00000000000003c4       0x24 build/startup_stm32u575zitxq.o
 .ARM.attributes
                0x00000000000003e8       0x38 c:/users/soran/appdata/roaming/code/user/globalstorage/bmd.stm32-for-vscode/@xpack-dev-tools/arm-none-eabi-gcc/12.2.1-1.2.1/.content/bin/../lib/gcc/arm-none-eabi/12.2.1/../../../../arm-none-eabi/lib/thumb/v8-m.main+fp/hard\libc.a(libc_a-atexit.o)
 .ARM.attributes
                0x0000000000000420       0x38 c:/users/soran/appdata/roaming/code/user/globalstorage/bmd.stm32-for-vscode/@xpack-dev-tools/arm-none-eabi-gcc/12.2.1-1.2.1/.content/bin/../lib/gcc/arm-none-eabi/12.2.1/../../../../arm-none-eabi/lib/thumb/v8-m.main+fp/hard\libc.a(libc_a-findfp.o)
 .ARM.attributes
                0x0000000000000458       0x38 c:/users/soran/appdata/roaming/code/user/globalstorage/bmd.stm32-for-vscode/@xpack-dev-tools/arm-none-eabi-gcc/12.2.1-1.2.1/.content/bin/../lib/gcc/arm-none-eabi/12.2.1/../../../../arm-none-eabi/lib/thumb/v8-m.main+fp/hard\libc.a(libc_a-fwalk.o)
 .ARM.attributes
                0x0000000000000490       0x38 c:/users/soran/appdata/roaming/code/user/globalstorage/bmd.stm32-for-vscode/@xpack-dev-tools/arm-none-eabi-gcc/12.2.1-1.2.1/.content/bin/../lib/gcc/arm-none-eabi/12.2.1/../../../../arm-none-eabi/lib/thumb/v8-m.main+fp/hard\libc.a(libc_a-printf.o)
 .ARM.attributes
                0x00000000000004c8       0x38 c:/users/soran/appdata/roaming/code/user/globalstorage/bmd.stm32-for-vscode/@xpack-dev-tools/arm-none-eabi-gcc/12.2.1-1.2.1/.content/bin/../lib/gcc/arm-none-eabi/12.2.1/../../../../arm-none-eabi/lib/thumb/v8-m.main+fp/hard\libc.a(libc_a-sprintf.o)
 .ARM.attributes
                0x0000000000000500       0x38 c:/users/soran/appdata/roaming/code/user/globalstorage/bmd.stm32-for-vscode/@xpack-dev-tools/arm-none-eabi-gcc/12.2.1-1.2.1/.content/bin/../lib/gcc/arm-none-eabi/12.2.1/../../../../arm-none-eabi/lib/thumb/v8-m.main+fp/hard\libc.a(libc_a-stdio.o)
 .ARM.attributes
                0x0000000000000538       0x38 c:/users/soran/appdata/roaming/code/user/globalstorage/bmd.stm32-for-vscode/@xpack-dev-tools/arm-none-eabi-gcc/12.2.1-1.2.1/.content/bin/../lib/gcc/arm-none-eabi/12.2.1/../../../../arm-none-eabi/lib/thumb/v8-m.main+fp/hard\libc.a(libc_a-memset.o)
 .ARM.attributes
                0x0000000000000570       0x38 c:/users/soran/appdata/roaming/code/user/globalstorage/bmd.stm32-for-vscode/@xpack-dev-tools/arm-none-eabi-gcc/12.2.1-1.2.1/.content/bin/../lib/gcc/arm-none-eabi/12.2.1/../../../../arm-none-eabi/lib/thumb/v8-m.main+fp/hard\libc.a(libc_a-closer.o)
 .ARM.attributes
                0x00000000000005a8       0x38 c:/users/soran/appdata/roaming/code/user/globalstorage/bmd.stm32-for-vscode/@xpack-dev-tools/arm-none-eabi-gcc/12.2.1-1.2.1/.content/bin/../lib/gcc/arm-none-eabi/12.2.1/../../../../arm-none-eabi/lib/thumb/v8-m.main+fp/hard\libc.a(libc_a-reent.o)
 .ARM.attributes
                0x00000000000005e0       0x38 c:/users/soran/appdata/roaming/code/user/globalstorage/bmd.stm32-for-vscode/@xpack-dev-tools/arm-none-eabi-gcc/12.2.1-1.2.1/.content/bin/../lib/gcc/arm-none-eabi/12.2.1/../../../../arm-none-eabi/lib/thumb/v8-m.main+fp/hard\libc.a(libc_a-impure.o)
 .ARM.attributes